Archive member included to satisfy reference by file (symbol)

C:/STM32/STM32CubeIDE_1.19.0/STM32CubeIDE/plugins/com.st.stm32cube.ide.mcu.externaltools.gnu-tools-for-stm32.13.3.rel1.win32_1.0.0.202411081344/tools/bin/../lib/gcc/arm-none-eabi/13.3.1/../../../../arm-none-eabi/lib/thumb/v7e-m+fp/hard\libc_nano.a(libc_a-exit.o)
                              C:/STM32/STM32CubeIDE_1.19.0/STM32CubeIDE/plugins/com.st.stm32cube.ide.mcu.externaltools.gnu-tools-for-stm32.13.3.rel1.win32_1.0.0.202411081344/tools/bin/../lib/gcc/arm-none-eabi/13.3.1/../../../../arm-none-eabi/lib/thumb/v7e-m+fp/hard/crt0.o (exit)
C:/STM32/STM32CubeIDE_1.19.0/STM32CubeIDE/plugins/com.st.stm32cube.ide.mcu.externaltools.gnu-tools-for-stm32.13.3.rel1.win32_1.0.0.202411081344/tools/bin/../lib/gcc/arm-none-eabi/13.3.1/../../../../arm-none-eabi/lib/thumb/v7e-m+fp/hard\libc_nano.a(libc_a-findfp.o)
                              C:/STM32/STM32CubeIDE_1.19.0/STM32CubeIDE/plugins/com.st.stm32cube.ide.mcu.externaltools.gnu-tools-for-stm32.13.3.rel1.win32_1.0.0.202411081344/tools/bin/../lib/gcc/arm-none-eabi/13.3.1/../../../../arm-none-eabi/lib/thumb/v7e-m+fp/hard\libc_nano.a(libc_a-exit.o) (__stdio_exit_handler)
C:/STM32/STM32CubeIDE_1.19.0/STM32CubeIDE/plugins/com.st.stm32cube.ide.mcu.externaltools.gnu-tools-for-stm32.13.3.rel1.win32_1.0.0.202411081344/tools/bin/../lib/gcc/arm-none-eabi/13.3.1/../../../../arm-none-eabi/lib/thumb/v7e-m+fp/hard\libc_nano.a(libc_a-fwalk.o)
                              C:/STM32/STM32CubeIDE_1.19.0/STM32CubeIDE/plugins/com.st.stm32cube.ide.mcu.externaltools.gnu-tools-for-stm32.13.3.rel1.win32_1.0.0.202411081344/tools/bin/../lib/gcc/arm-none-eabi/13.3.1/../../../../arm-none-eabi/lib/thumb/v7e-m+fp/hard\libc_nano.a(libc_a-findfp.o) (_fwalk_sglue)
C:/STM32/STM32CubeIDE_1.19.0/STM32CubeIDE/plugins/com.st.stm32cube.ide.mcu.externaltools.gnu-tools-for-stm32.13.3.rel1.win32_1.0.0.202411081344/tools/bin/../lib/gcc/arm-none-eabi/13.3.1/../../../../arm-none-eabi/lib/thumb/v7e-m+fp/hard\libc_nano.a(libc_a-stdio.o)
                              C:/STM32/STM32CubeIDE_1.19.0/STM32CubeIDE/plugins/com.st.stm32cube.ide.mcu.externaltools.gnu-tools-for-stm32.13.3.rel1.win32_1.0.0.202411081344/tools/bin/../lib/gcc/arm-none-eabi/13.3.1/../../../../arm-none-eabi/lib/thumb/v7e-m+fp/hard\libc_nano.a(libc_a-findfp.o) (__sread)
C:/STM32/STM32CubeIDE_1.19.0/STM32CubeIDE/plugins/com.st.stm32cube.ide.mcu.externaltools.gnu-tools-for-stm32.13.3.rel1.win32_1.0.0.202411081344/tools/bin/../lib/gcc/arm-none-eabi/13.3.1/../../../../arm-none-eabi/lib/thumb/v7e-m+fp/hard\libc_nano.a(libc_a-memset.o)
                              C:/STM32/STM32CubeIDE_1.19.0/STM32CubeIDE/plugins/com.st.stm32cube.ide.mcu.externaltools.gnu-tools-for-stm32.13.3.rel1.win32_1.0.0.202411081344/tools/bin/../lib/gcc/arm-none-eabi/13.3.1/../../../../arm-none-eabi/lib/thumb/v7e-m+fp/hard/crt0.o (memset)
C:/STM32/STM32CubeIDE_1.19.0/STM32CubeIDE/plugins/com.st.stm32cube.ide.mcu.externaltools.gnu-tools-for-stm32.13.3.rel1.win32_1.0.0.202411081344/tools/bin/../lib/gcc/arm-none-eabi/13.3.1/../../../../arm-none-eabi/lib/thumb/v7e-m+fp/hard\libc_nano.a(libc_a-closer.o)
                              C:/STM32/STM32CubeIDE_1.19.0/STM32CubeIDE/plugins/com.st.stm32cube.ide.mcu.externaltools.gnu-tools-for-stm32.13.3.rel1.win32_1.0.0.202411081344/tools/bin/../lib/gcc/arm-none-eabi/13.3.1/../../../../arm-none-eabi/lib/thumb/v7e-m+fp/hard\libc_nano.a(libc_a-stdio.o) (_close_r)
C:/STM32/STM32CubeIDE_1.19.0/STM32CubeIDE/plugins/com.st.stm32cube.ide.mcu.externaltools.gnu-tools-for-stm32.13.3.rel1.win32_1.0.0.202411081344/tools/bin/../lib/gcc/arm-none-eabi/13.3.1/../../../../arm-none-eabi/lib/thumb/v7e-m+fp/hard\libc_nano.a(libc_a-reent.o)
                              C:/STM32/STM32CubeIDE_1.19.0/STM32CubeIDE/plugins/com.st.stm32cube.ide.mcu.externaltools.gnu-tools-for-stm32.13.3.rel1.win32_1.0.0.202411081344/tools/bin/../lib/gcc/arm-none-eabi/13.3.1/../../../../arm-none-eabi/lib/thumb/v7e-m+fp/hard\libc_nano.a(libc_a-closer.o) (errno)
C:/STM32/STM32CubeIDE_1.19.0/STM32CubeIDE/plugins/com.st.stm32cube.ide.mcu.externaltools.gnu-tools-for-stm32.13.3.rel1.win32_1.0.0.202411081344/tools/bin/../lib/gcc/arm-none-eabi/13.3.1/../../../../arm-none-eabi/lib/thumb/v7e-m+fp/hard\libc_nano.a(libc_a-impure.o)
                              C:/STM32/STM32CubeIDE_1.19.0/STM32CubeIDE/plugins/com.st.stm32cube.ide.mcu.externaltools.gnu-tools-for-stm32.13.3.rel1.win32_1.0.0.202411081344/tools/bin/../lib/gcc/arm-none-eabi/13.3.1/../../../../arm-none-eabi/lib/thumb/v7e-m+fp/hard\libc_nano.a(libc_a-reent.o) (_impure_ptr)
C:/STM32/STM32CubeIDE_1.19.0/STM32CubeIDE/plugins/com.st.stm32cube.ide.mcu.externaltools.gnu-tools-for-stm32.13.3.rel1.win32_1.0.0.202411081344/tools/bin/../lib/gcc/arm-none-eabi/13.3.1/../../../../arm-none-eabi/lib/thumb/v7e-m+fp/hard\libc_nano.a(libc_a-lseekr.o)
[...]
Memory Configuration

Name             Origin             Length             Attributes
RAM              0x20000000         0x00020000         xrw
FLASH            0x08000000         0x00080000         xr
*default*        0x00000000         0xffffffff

Linker script and memory map

LOAD C:/STM32/STM32CubeIDE_1.19.0/STM32CubeIDE/plugins/com.st.stm32cube.ide.mcu.externaltools.gnu-tools-for-stm32.13.3.rel1.win32_1.0.0.202411081344/tools/bin/../lib/gcc/arm-none-eabi/13.3.1/thumb/v7e-m+fp/hard/crti.o
LOAD C:/STM32/STM32CubeIDE_1.19.0/STM32CubeIDE/plugins/com.st.stm32cube.ide.mcu.externaltools.gnu-tools-for-stm32.13.3.rel1.win32_1.0.0.202411081344/tools/bin/../lib/gcc/arm-none-eabi/13.3.1/thumb/v7e-m+fp/hard/crtbegin.o
LOAD C:/STM32/STM32CubeIDE_1.19.0/STM32CubeIDE/plugins/com.st.stm32cube.ide.mcu.externaltools.gnu-tools-for-stm32.13.3.rel1.win32_1.0.0.202411081344/tools/bin/../lib/gcc/arm-none-eabi/13.3.1/../../../../arm-none-eabi/lib/thumb/v7e-m+fp/hard/crt0.o
LOAD ./Core/Src/Adc.o
LOAD ./Core/Src/CurrentContorl.o
LOAD ./Core/Src/Dac.o
LOAD ./Core/Src/GlobalVar.o
LOAD ./Core/Src/IntDAC.o
LOAD ./Core/Src/MainControl.o
LOAD ./Core/Src/PosControl.o
LOAD ./Core/Src/SpeedControl.o
LOAD ./Core/Src/SpeedObserver.o
LOAD ./Core/Src/main.o
LOAD ./Core/Src/stm32g4xx_hal_msp.o
LOAD ./Core/Src/stm32g4xx_it.o
LOAD ./Core/Src/syscalls.o
LOAD ./Core/Src/sysmem.o
LOAD ./Core/Src/system_stm32g4xx.o
LOAD ./Core/Startup/startup_stm32g474retx.o
LOAD ./Drivers/STM32G4xx_HAL_Driver/Src/stm32g4xx_hal.o
LOAD ./Drivers/STM32G4xx_HAL_Driver/Src/stm32g4xx_hal_adc.o
LOAD ./Drivers/STM32G4xx_HAL_Driver/Src/stm32g4xx_hal_adc_ex.o
LOAD ./Drivers/STM32G4xx_HAL_Driver/Src/stm32g4xx_hal_cortex.o
LOAD ./Drivers/STM32G4xx_HAL_Driver/Src/stm32g4xx_hal_dac.o
LOAD ./Drivers/STM32G4xx_HAL_Driver/Src/stm32g4xx_hal_dac_ex.o
LOAD ./Drivers/STM32G4xx_HAL_Driver/Src/stm32g4xx_hal_dma.o
LOAD ./Drivers/STM32G4xx_HAL_Driver/Src/stm32g4xx_hal_dma_ex.o
LOAD ./Drivers/STM32G4xx_HAL_Driver/Src/stm32g4xx_hal_exti.o
LOAD ./Drivers/STM32G4xx_HAL_Driver/Src/stm32g4xx_hal_fdcan.o
LOAD ./Drivers/STM32G4xx_HAL_Driver/Src/stm32g4xx_hal_flash.o
LOAD ./Drivers/STM32G4xx_HAL_Driver/Src/stm32g4xx_hal_flash_ex.o
LOAD ./Drivers/STM32G4xx_HAL_Driver/Src/stm32g4xx_hal_flash_ramfunc.o
LOAD ./Drivers/STM32G4xx_HAL_Driver/Src/stm32g4xx_hal_gpio.o
LOAD ./Drivers/STM32G4xx_HAL_Driver/Src/stm32g4xx_hal_hrtim.o
LOAD ./Drivers/STM32G4xx_HAL_Driver/Src/stm32g4xx_hal_lptim.o
LOAD ./Drivers/STM32G4xx_HAL_Driver/Src/stm32g4xx_hal_pwr.o
LOAD ./Drivers/STM32G4xx_HAL_Driver/Src/stm32g4xx_hal_pwr_ex.o
LOAD ./Drivers/STM32G4xx_HAL_Driver/Src/stm32g4xx_hal_rcc.o
LOAD ./Drivers/STM32G4xx_HAL_Driver/Src/stm32g4xx_hal_rcc_ex.o
LOAD ./Drivers/STM32G4xx_HAL_Driver/Src/stm32g4xx_hal_tim.o
LOAD ./Drivers/STM32G4xx_HAL_Driver/Src/stm32g4xx_hal_tim_ex.o
LOAD ./Drivers/STM32G4xx_HAL_Driver/Src/stm32g4xx_ll_adc.o
START GROUP
LOAD C:/STM32/STM32CubeIDE_1.19.0/STM32CubeIDE/plugins/com.st.stm32cube.ide.mcu.externaltools.gnu-tools-for-stm32.13.3.rel1.win32_1.0.0.202411081344/tools/bin/../lib/gcc/arm-none-eabi/13.3.1/../../../../arm-none-eabi/lib/thumb/v7e-m+fp/hard\libc_nano.a
LOAD C:/STM32/STM32CubeIDE_1.19.0/STM32CubeIDE/plugins/com.st.stm32cube.ide.mcu.externaltools.gnu-tools-for-stm32.13.3.rel1.win32_1.0.0.202411081344/tools/bin/../lib/gcc/arm-none-eabi/13.3.1/../../../../arm-none-eabi/lib/thumb/v7e-m+fp/hard\libm.a
END GROUP
START GROUP
LOAD C:/STM32/STM32CubeIDE_1.19.0/STM32CubeIDE/plugins/com.st.stm32cube.ide.mcu.externaltools.gnu-tools-for-stm32.13.3.rel1.win32_1.0.0.202411081344/tools/bin/../lib/gcc/arm-none-eabi/13.3.1/thumb/v7e-m+fp/hard\libgcc.a
LOAD C:/STM32/STM32CubeIDE_1.19.0/STM32CubeIDE/plugins/com.st.stm32cube.ide.mcu.externaltools.gnu-tools-for-stm32.13.3.rel1.win32_1.0.0.202411081344/tools/bin/../lib/gcc/arm-none-eabi/13.3.1/../../../../arm-none-eabi/lib/thumb/v7e-m+fp/hard\libc_nano.a
END GROUP
START GROUP
LOAD C:/STM32/STM32CubeIDE_1.19.0/STM32CubeIDE/plugins/com.st.stm32cube.ide.mcu.externaltools.gnu-tools-for-stm32.13.3.rel1.win32_1.0.0.202411081344/tools/bin/../lib/gcc/arm-none-eabi/13.3.1/thumb/v7e-m+fp/hard\libgcc.a
LOAD C:/STM32/STM32CubeIDE_1.19.0/STM32CubeIDE/plugins/com.st.stm32cube.ide.mcu.externaltools.gnu-tools-for-stm32.13.3.rel1.win32_1.0.0.202411081344/tools/bin/../lib/gcc/arm-none-eabi/13.3.1/../../../../arm-none-eabi/lib/thumb/v7e-m+fp/hard\libc_nano.a
LOAD C:/STM32/STM32CubeIDE_1.19.0/STM32CubeIDE/plugins/com.st.stm32cube.ide.mcu.externaltools.gnu-tools-for-stm32.13.3.rel1.win32_1.0.0.202411081344/tools/bin/../lib/gcc/arm-none-eabi/13.3.1/../../../../arm-none-eabi/lib/thumb/v7e-m+fp/hard\libnosys.a
END GROUP
START GROUP
LOAD C:/STM32/STM32CubeIDE_1.19.0/STM32CubeIDE/plugins/com.st.stm32cube.ide.mcu.externaltools.gnu-tools-for-stm32.13.3.rel1.win32_1.0.0.202411081344/tools/bin/../lib/gcc/arm-none-eabi/13.3.1/thumb/v7e-m+fp/hard\libgcc.a
LOAD C:/STM32/STM32CubeIDE_1.19.0/STM32CubeIDE/plugins/com.st.stm32cube.ide.mcu.externaltools.gnu-tools-for-stm32.13.3.rel1.win32_1.0.0.202411081344/tools/bin/../lib/gcc/arm-none-eabi/13.3.1/../../../../arm-none-eabi/lib/thumb/v7e-m+fp/hard\libc_nano.a
LOAD C:/STM32/STM32CubeIDE_1.19.0/STM32CubeIDE/plugins/com.st.stm32cube.ide.mcu.externaltools.gnu-tools-for-stm32.13.3.rel1.win32_1.0.0.202411081344/tools/bin/../lib/gcc/arm-none-eabi/13.3.1/../../../../arm-none-eabi/lib/thumb/v7e-m+fp/hard\libnosys.a
END GROUP
LOAD C:/STM32/STM32CubeIDE_1.19.0/STM32CubeIDE/plugins/com.st.stm32cube.ide.mcu.externaltools.gnu-tools-for-stm32.13.3.rel1.win32_1.0.0.202411081344/tools/bin/../lib/gcc/arm-none-eabi/13.3.1/thumb/v7e-m+fp/hard/crtend.o
LOAD C:/STM32/STM32CubeIDE_1.19.0/STM32CubeIDE/plugins/com.st.stm32cube.ide.mcu.externaltools.gnu-tools-for-stm32.13.3.rel1.win32_1.0.0.202411081344/tools/bin/../lib/gcc/arm-none-eabi/13.3.1/thumb/v7e-m+fp/hard/crtn.o
                0x20020000                        _estack = (ORIGIN (RAM) + LENGTH (RAM))
                0x00000200                        _Min_Heap_Size = 0x200
                0x00000400                        _Min_Stack_Size = 0x400

.isr_vector     0x08000000      0x1d8
                0x08000000                        . = ALIGN (0x4)
 *(.isr_vector)
 .isr_vector    0x08000000      0x1d8 ./Core/Startup/startup_stm32g474retx.o
                0x08000000                g_pfnVectors
                0x080001d8                        . = ALIGN (0x4)

.text           0x080001d8     0xd924
                0x080001d8                        . = ALIGN (0x4)
 *(.text)
 .text          0x080001d8       0x40 C:/STM32/STM32CubeIDE_1.19.0/STM32CubeIDE/plugins/com.st.stm32cube.ide.mcu.externaltools.gnu-tools-for-stm32.13.3.rel1.win32_1.0.0.202411081344/tools/bin/../lib/gcc/arm-none-eabi/13.3.1/thumb/v7e-m+fp/hard/crtbegin.o
 .text          0x08000218      0x378 C:/STM32/STM32CubeIDE_1.19.0/STM32CubeIDE/plugins/com.st.stm32cube.ide.mcu.externaltools.gnu-tools-for-stm32.13.3.rel1.win32_1.0.0.202411081344/tools/bin/../lib/gcc/arm-none-eabi/13.3.1/thumb/v7e-m+fp/hard\libgcc.a(_arm_addsubdf3.o)
                0x08000218                __aeabi_drsub
                0x08000220                __aeabi_dsub
                0x08000220                __subdf3
                0x08000224                __aeabi_dadd
                0x08000224                __adddf3
                0x0800049c                __floatunsidf
                0x0800049c                __aeabi_ui2d
                0x080004bc                __floatsidf
                0x080004bc                __aeabi_i2d
                0x080004e0                __aeabi_f2d
                0x080004e0                __extendsfdf2
                0x08000524                __floatundidf
                0x08000524                __aeabi_ul2d
                0x08000534                __floatdidf
                0x08000534                __aeabi_l2d
 .text          0x08000590      0x424 C:/STM32/STM32CubeIDE_1.19.0/STM32CubeIDE/plugins/com.st.stm32cube.ide.mcu.externaltools.gnu-tools-for-stm32.13.3.rel1.win32_1.0.0.202411081344/tools/bin/../lib/gcc/arm-none-eabi/13.3.1/thumb/v7e-m+fp/hard\libgcc.a(_arm_muldivdf3.o)
                0x08000590                __aeabi_dmul
                0x08000590                __muldf3
                0x080007e4                __divdf3
                0x080007e4                __aeabi_ddiv
 .text          0x080009b4      0x110 C:/STM32/STM32CubeIDE_1.19.0/STM32CubeIDE/plugins/com.st.stm32cube.ide.mcu.externaltools.gnu-tools-for-stm32.13.3.rel1.win32_1.0.0.202411081344/tools/bin/../lib/gcc/arm-none-eabi/13.3.1/thumb/v7e-m+fp/hard\libgcc.a(_arm_cmpdf2.o)
                0x080009b4                __gtdf2
                0x080009b4                __gedf2
                0x080009bc                __ltdf2
                0x080009bc                __ledf2
                0x080009c4                __nedf2
                0x080009c4                __eqdf2
                0x080009c4                __cmpdf2
                0x08000a40                __aeabi_cdrcmple
                0x08000a50                __aeabi_cdcmpeq
                0x08000a50                __aeabi_cdcmple
                0x08000a60                __aeabi_dcmpeq
                0x08000a74                __aeabi_dcmplt
                0x08000a88                __aeabi_dcmple
                0x08000a9c                __aeabi_dcmpge
                0x08000ab0                __aeabi_dcmpgt
 .text          0x08000ac4       0x40 C:/STM32/STM32CubeIDE_1.19.0/STM32CubeIDE/plugins/com.st.stm32cube.ide.mcu.externaltools.gnu-tools-for-stm32.13.3.rel1.win32_1.0.0.202411081344/tools/bin/../lib/gcc/arm-none-eabi/13.3.1/thumb/v7e-m+fp/hard\libgcc.a(_arm_fixunsdfsi.o)
                0x08000ac4                __aeabi_d2uiz
                0x08000ac4                __fixunsdfsi
 .text          0x08000b04       0xa0 C:/STM32/STM32CubeIDE_1.19.0/STM32CubeIDE/plugins/com.st.stm32cube.ide.mcu.externaltools.gnu-tools-for-stm32.13.3.rel1.win32_1.0.0.202411081344/tools/bin/../lib/gcc/arm-none-eabi/13.3.1/thumb/v7e-m+fp/hard\libgcc.a(_arm_truncdfsf2.o)
                0x08000b04                __truncdfsf2
                0x08000b04                __aeabi_d2f
 *(.text*)
 .text.vInitAdc
                0x08000ba4       0x28 ./Core/Src/Adc.o
                0x08000ba4                vInitAdc
 .text.vAdcOffsetCalibration
                0x08000bcc      0x1a4 ./Core/Src/Adc.o
                0x08000bcc                vAdcOffsetCalibration
 .text.vScaleAdcValue
                0x08000d70      0x26c ./Core/Src/Adc.o
                0x08000d70                vScaleAdcValue
 .text.vAdcAction
                0x08000fdc       0x2c ./Core/Src/Adc.o
                0x08000fdc                vAdcAction
 .text.vInitCurrentControl
                0x08001008       0xf8 ./Core/Src/CurrentContorl.o
                0x08001008                vInitCurrentControl
 .text.vCurrentControl
                0x08001100      0x1cc ./Core/Src/CurrentContorl.o
                0x08001100                vCurrentControl
 .text.vDacOut  0x080012cc      0x35c ./Core/Src/Dac.o
                0x080012cc                vDacOut
 .text.vInintMotorParameter
                0x08001628       0xa0 ./Core/Src/GlobalVar.o
                0x08001628                vInintMotorParameter
 .text.vInitController
                0x080016c8       0x90 ./Core/Src/GlobalVar.o
                0x080016c8                vInitController
 .text.vSwitchOnSettingHRTIM
                0x08001758       0x44 ./Core/Src/GlobalVar.o
                0x08001758                vSwitchOnSettingHRTIM
 .text.vSwitchOffSettingHRTIM
                0x0800179c       0x1a ./Core/Src/GlobalVar.o
                0x0800179c                vSwitchOffSettingHRTIM
 .text.vSwitchOnSettingTIM
                0x080017b6       0x30 ./Core/Src/GlobalVar.o
                0x080017b6                vSwitchOnSettingTIM
 .text.vSwitchOffSettingTIM
                0x080017e6       0x30 ./Core/Src/GlobalVar.o
                0x080017e6                vSwitchOffSettingTIM
 .text.vInitEncoder
                0x08001816       0x1e ./Core/Src/GlobalVar.o
                0x08001816                vInitEncoder
 .text.vInitDac
                0x08001834       0x30 ./Core/Src/GlobalVar.o
                0x08001834                vInitDac
 .text.vInitIntDac
                0x08001864       0x70 ./Core/Src/IntDAC.o
                0x08001864                vInitIntDac
 .text.vIntDacOut
                0x080018d4      0x144 ./Core/Src/IntDAC.o
                0x080018d4                vIntDacOut
 .text.vVoltageModulationHRTIM
                0x08001a18      0x244 ./Core/Src/MainControl.o
                0x08001a18                vVoltageModulationHRTIM
 .text.vVolageModulationTIM
                0x08001c5c       0xac ./Core/Src/MainControl.o
                0x08001c5c                vVolageModulationTIM
 .text.vControl
                0x08001d08      0x45c ./Core/Src/MainControl.o
                0x08001d08                vControl
 .text.vLowSpdControl
                0x08002164       0x5c ./Core/Src/MainControl.o
                0x08002164                vLowSpdControl
 .text.vInitPositionControl
                0x080021c0      0x27c ./Core/Src/PosControl.o
                0x080021c0                vInitPositionControl
 .text.vPostionLinear
                0x0800243c       0xc0 ./Core/Src/PosControl.o
                0x0800243c                vPostionLinear
 .text.vPostionRefGenerator
                0x080024fc      0x668 ./Core/Src/PosControl.o
                0x080024fc                vPostionRefGenerator
 *fill*         0x08002b64        0x4 
 .text.vPositionControl
                0x08002b68      0x2e0 ./Core/Src/PosControl.o
                0x08002b68                vPositionControl
 .text.vInitSpeedControl
                0x08002e48       0xbc ./Core/Src/SpeedControl.o
                0x08002e48                vInitSpeedControl
 *fill*         0x08002f04        0x4 
 .text.vInitSpeedObserver
                0x08002f08      0x188 ./Core/Src/SpeedObserver.o
                0x08002f08                vInitSpeedObserver
 .text.vSpeedObserver
                0x08003090      0x248 ./Core/Src/SpeedObserver.o
                0x08003090                vSpeedObserver
 .text.fGetEncoderInfo
                0x080032d8       0x3e ./Core/Src/SpeedObserver.o
                0x080032d8                fGetEncoderInfo
 *fill*         0x08003316        0x2 
 .text.main     0x08003318       0xcc ./Core/Src/main.o
                0x08003318                main
 .text.SystemClock_Config
                0x080033e4       0x96 ./Core/Src/main.o
                0x080033e4                SystemClock_Config
 *fill*         0x0800347a        0x2 
 .text.MX_ADC2_Init
                0x0800347c      0x174 ./Core/Src/main.o
 .text.MX_DAC1_Init
                0x080035f0       0x88 ./Core/Src/main.o
 .text.MX_DAC2_Init
                0x08003678       0x74 ./Core/Src/main.o
 .text.MX_FDCAN1_Init
                0x080036ec       0x8c ./Core/Src/main.o
 .text.MX_HRTIM1_Init
                0x08003778      0x690 ./Core/Src/main.o
 .text.MX_LPTIM1_Init
                0x08003e08       0x5c ./Core/Src/main.o
 .text.MX_TIM1_Init
                0x08003e64       0xf4 ./Core/Src/main.o
 .text.MX_TIM2_Init
                0x08003f58       0xe8 ./Core/Src/main.o
 .text.MX_TIM3_Init
                0x08004040       0xec ./Core/Src/main.o
 .text.MX_TIM4_Init
                0x0800412c       0xec ./Core/Src/main.o
 .text.MX_TIM5_Init
                0x08004218       0xec ./Core/Src/main.o
 .text.MX_TIM8_Init
                0x08004304      0x1a8 ./Core/Src/main.o
 .text.MX_TIM15_Init
                0x080044ac      0x124 ./Core/Src/main.o
 .text.MX_DMA_Init
                0x080045d0       0x54 ./Core/Src/main.o
 .text.MX_GPIO_Init
                0x08004624       0x90 ./Core/Src/main.o
 .text.HAL_ADC_ConvCpltCallback
                0x080046b4       0x14 ./Core/Src/main.o
                0x080046b4                HAL_ADC_ConvCpltCallback
 .text.Error_Handler
                0x080046c8        0xc ./Core/Src/main.o
                0x080046c8                Error_Handler
 .text.HAL_MspInit
                0x080046d4       0x48 ./Core/Src/stm32g4xx_hal_msp.o
                0x080046d4                HAL_MspInit
 .text.HAL_ADC_MspInit
                0x0800471c      0x184 ./Core/Src/stm32g4xx_hal_msp.o
                0x0800471c                HAL_ADC_MspInit
 .text.HAL_DAC_MspInit
                0x080048a0       0xd8 ./Core/Src/stm32g4xx_hal_msp.o
                0x080048a0                HAL_DAC_MspInit
 .text.HAL_FDCAN_MspInit
                0x08004978       0xf4 ./Core/Src/stm32g4xx_hal_msp.o
                0x08004978                HAL_FDCAN_MspInit
 .text.HAL_HRTIM_MspInit
                0x08004a6c       0x98 ./Core/Src/stm32g4xx_hal_msp.o
                0x08004a6c                HAL_HRTIM_MspInit
 .text.HAL_HRTIM_MspPostInit
                0x08004b04      0x10c ./Core/Src/stm32g4xx_hal_msp.o
                0x08004b04                HAL_HRTIM_MspPostInit
 .text.HAL_LPTIM_MspInit
                0x08004c10       0x78 ./Core/Src/stm32g4xx_hal_msp.o
                0x08004c10                HAL_LPTIM_MspInit
 .text.HAL_TIM_Encoder_MspInit
                0x08004c88      0x32c ./Core/Src/stm32g4xx_hal_msp.o
                0x08004c88                HAL_TIM_Encoder_MspInit
 .text.HAL_TIM_Base_MspInit
                0x08004fb4       0x40 ./Core/Src/stm32g4xx_hal_msp.o
                0x08004fb4                HAL_TIM_Base_MspInit
 .text.HAL_TIM_PWM_MspInit
                0x08004ff4       0x40 ./Core/Src/stm32g4xx_hal_msp.o
                0x08004ff4                HAL_TIM_PWM_MspInit
 .text.HAL_TIM_MspPostInit
                0x08005034      0x154 ./Core/Src/stm32g4xx_hal_msp.o
                0x08005034                HAL_TIM_MspPostInit
 .text.NMI_Handler
                0x08005188        0x8 ./Core/Src/stm32g4xx_it.o
                0x08005188                NMI_Handler
 .text.HardFault_Handler
                0x08005190        0x8 ./Core/Src/stm32g4xx_it.o
                0x08005190                HardFault_Handler
 .text.MemManage_Handler
                0x08005198        0x8 ./Core/Src/stm32g4xx_it.o
                0x08005198                MemManage_Handler
 .text.BusFault_Handler
                0x080051a0        0x8 ./Core/Src/stm32g4xx_it.o
                0x080051a0                BusFault_Handler
 .text.UsageFault_Handler
                0x080051a8        0x8 ./Core/Src/stm32g4xx_it.o
                0x080051a8                UsageFault_Handler
 .text.SVC_Handler
                0x080051b0        0xe ./Core/Src/stm32g4xx_it.o
                0x080051b0                SVC_Handler
 .text.DebugMon_Handler
                0x080051be        0xe ./Core/Src/stm32g4xx_it.o
                0x080051be                DebugMon_Handler
 .text.PendSV_Handler
                0x080051cc        0xe ./Core/Src/stm32g4xx_it.o
                0x080051cc                PendSV_Handler
 .text.SysTick_Handler
                0x080051da        0xc ./Core/Src/stm32g4xx_it.o
                0x080051da                SysTick_Handler
 *fill*         0x080051e6        0x2 
 .text.DMA1_Channel1_IRQHandler
                0x080051e8       0x14 ./Core/Src/stm32g4xx_it.o
                0x080051e8                DMA1_Channel1_IRQHandler
 .text.ADC1_2_IRQHandler
                0x080051fc       0x14 ./Core/Src/stm32g4xx_it.o
                0x080051fc                ADC1_2_IRQHandler
 .text.LPTIM1_IRQHandler
                0x08005210       0x28 ./Core/Src/stm32g4xx_it.o
                0x08005210                LPTIM1_IRQHandler
 .text.HRTIM1_Master_IRQHandler
                0x08005238       0x28 ./Core/Src/stm32g4xx_it.o
                0x08005238                HRTIM1_Master_IRQHandler
 .text.SystemInit
                0x08005260       0x24 ./Core/Src/system_stm32g4xx.o
                0x08005260                SystemInit
 .text.Reset_Handler
                0x08005284       0x50 ./Core/Startup/startup_stm32g474retx.o
                0x08005284                Reset_Handler
 .text.Default_Handler
                0x080052d4        0x2 ./Core/Startup/startup_stm32g474retx.o
                0x080052d4                RTC_Alarm_IRQHandler
                0x080052d4                EXTI2_IRQHandler
                0x080052d4                TIM8_TRG_COM_IRQHandler
                0x080052d4                TIM8_CC_IRQHandler
                0x080052d4                SPI4_IRQHandler
                0x080052d4                FDCAN3_IT0_IRQHandler
                0x080052d4                TIM1_CC_IRQHandler
                0x080052d4                HRTIM1_FLT_IRQHandler
                0x080052d4                HRTIM1_TIMF_IRQHandler
                0x080052d4                USB_HP_IRQHandler
                0x080052d4                CORDIC_IRQHandler
                0x080052d4                HRTIM1_TIMD_IRQHandler
                0x080052d4                DMA2_Channel8_IRQHandler
                0x080052d4                EXTI3_IRQHandler
                0x080052d4                I2C3_ER_IRQHandler
                0x080052d4                EXTI0_IRQHandler
                0x080052d4                I2C2_EV_IRQHandler
                0x080052d4                FPU_IRQHandler
                0x080052d4                FDCAN1_IT1_IRQHandler
                0x080052d4                TIM1_UP_TIM16_IRQHandler
                0x080052d4                HRTIM1_TIME_IRQHandler
                0x080052d4                SPI1_IRQHandler
                0x080052d4                TIM6_DAC_IRQHandler
                0x080052d4                HRTIM1_TIMC_IRQHandler
                0x080052d4                TIM8_UP_IRQHandler
                0x080052d4                DMA2_Channel2_IRQHandler
                0x080052d4                DMA1_Channel4_IRQHandler
                0x080052d4                TIM20_TRG_COM_IRQHandler
                0x080052d4                USART3_IRQHandler
                0x080052d4                DMA1_Channel7_IRQHandler
                0x080052d4                UART5_IRQHandler
                0x080052d4                ADC3_IRQHandler
                0x080052d4                TIM4_IRQHandler
                0x080052d4                DMA2_Channel1_IRQHandler
                0x080052d4                QUADSPI_IRQHandler
                0x080052d4                I2C1_EV_IRQHandler
                0x080052d4                DMA1_Channel6_IRQHandler
                0x080052d4                UART4_IRQHandler
                0x080052d4                DMA2_Channel4_IRQHandler
                0x080052d4                TIM3_IRQHandler
                0x080052d4                RCC_IRQHandler
                0x080052d4                TIM20_UP_IRQHandler
                0x080052d4                Default_Handler
                0x080052d4                DMA2_Channel7_IRQHandler
                0x080052d4                RTC_TAMP_LSECSS_IRQHandler
                0x080052d4                FMAC_IRQHandler
                0x080052d4                EXTI15_10_IRQHandler
                0x080052d4                DMA1_Channel8_IRQHandler
                0x080052d4                HRTIM1_TIMA_IRQHandler
                0x080052d4                TIM7_DAC_IRQHandler
                0x080052d4                FDCAN3_IT1_IRQHandler
                0x080052d4                TIM5_IRQHandler
                0x080052d4                UCPD1_IRQHandler
                0x080052d4                I2C3_EV_IRQHandler
                0x080052d4                EXTI9_5_IRQHandler
                0x080052d4                RTC_WKUP_IRQHandler
                0x080052d4                PVD_PVM_IRQHandler
                0x080052d4                SPI2_IRQHandler
                0x080052d4                ADC5_IRQHandler
                0x080052d4                DMA2_Channel5_IRQHandler
                0x080052d4                CRS_IRQHandler
                0x080052d4                DMA1_Channel5_IRQHandler
                0x080052d4                USB_LP_IRQHandler
                0x080052d4                EXTI4_IRQHandler
                0x080052d4                RNG_IRQHandler
                0x080052d4                HRTIM1_TIMB_IRQHandler
                0x080052d4                TIM1_TRG_COM_TIM17_IRQHandler
                0x080052d4                FDCAN2_IT1_IRQHandler
                0x080052d4                DMA1_Channel3_IRQHandler
                0x080052d4                ADC4_IRQHandler
                0x080052d4                WWDG_IRQHandler
                0x080052d4                I2C4_EV_IRQHandler
                0x080052d4                FDCAN2_IT0_IRQHandler
                0x080052d4                LPUART1_IRQHandler
                0x080052d4                DMA2_Channel6_IRQHandler
                0x080052d4                FDCAN1_IT0_IRQHandler
                0x080052d4                TIM2_IRQHandler
                0x080052d4                COMP7_IRQHandler
                0x080052d4                COMP1_2_3_IRQHandler
                0x080052d4                EXTI1_IRQHandler
                0x080052d4                USART2_IRQHandler
                0x080052d4                COMP4_5_6_IRQHandler
                0x080052d4                TIM20_BRK_IRQHandler
                0x080052d4                I2C2_ER_IRQHandler
                0x080052d4                DMA1_Channel2_IRQHandler
                0x080052d4                TIM8_BRK_IRQHandler
                0x080052d4                FLASH_IRQHandler
                0x080052d4                TIM20_CC_IRQHandler
                0x080052d4                USART1_IRQHandler
                0x080052d4                SPI3_IRQHandler
                0x080052d4                I2C1_ER_IRQHandler
                0x080052d4                FMC_IRQHandler
                0x080052d4                DMAMUX_OVR_IRQHandler
                0x080052d4                I2C4_ER_IRQHandler
                0x080052d4                USBWakeUp_IRQHandler
                0x080052d4                SAI1_IRQHandler
                0x080052d4                DMA2_Channel3_IRQHandler
                0x080052d4                TIM1_BRK_TIM15_IRQHandler
 .text.HAL_Init
                0x080052d6       0x30 ./Drivers/STM32G4xx_HAL_Driver/Src/stm32g4xx_hal.o
                0x080052d6                HAL_Init
 *fill*         0x08005306        0x2 
 .text.HAL_InitTick
                0x08005308       0x74 ./Drivers/STM32G4xx_HAL_Driver/Src/stm32g4xx_hal.o
                0x08005308                HAL_InitTick
 .text.HAL_IncTick
                0x0800537c       0x24 ./Drivers/STM32G4xx_HAL_Driver/Src/stm32g4xx_hal.o
                0x0800537c                HAL_IncTick
 .text.HAL_GetTick
                0x080053a0       0x18 ./Drivers/STM32G4xx_HAL_Driver/Src/stm32g4xx_hal.o
                0x080053a0                HAL_GetTick
 .text.LL_ADC_SetCommonClock
                0x080053b8       0x26 ./Drivers/STM32G4xx_HAL_Driver/Src/stm32g4xx_hal_adc.o
 .text.LL_ADC_SetCommonPathInternalCh
                0x080053de       0x26 ./Drivers/STM32G4xx_HAL_Driver/Src/stm32g4xx_hal_adc.o
 .text.LL_ADC_GetCommonPathInternalCh
                0x08005404       0x1c ./Drivers/STM32G4xx_HAL_Driver/Src/stm32g4xx_hal_adc.o
 .text.LL_ADC_SetOffset
                0x08005420       0x48 ./Drivers/STM32G4xx_HAL_Driver/Src/stm32g4xx_hal_adc.o
 .text.LL_ADC_GetOffsetChannel
                0x08005468       0x2c ./Drivers/STM32G4xx_HAL_Driver/Src/stm32g4xx_hal_adc.o
 .text.LL_ADC_SetOffsetState
                0x08005494       0x36 ./Drivers/STM32G4xx_HAL_Driver/Src/stm32g4xx_hal_adc.o
 .text.LL_ADC_SetOffsetSign
                0x080054ca       0x36 ./Drivers/STM32G4xx_HAL_Driver/Src/stm32g4xx_hal_adc.o
 .text.LL_ADC_SetOffsetSaturation
                0x08005500       0x36 ./Drivers/STM32G4xx_HAL_Driver/Src/stm32g4xx_hal_adc.o
 .text.LL_ADC_SetSamplingTimeCommonConfig
                0x08005536       0x26 ./Drivers/STM32G4xx_HAL_Driver/Src/stm32g4xx_hal_adc.o
 .text.LL_ADC_REG_IsTriggerSourceSWStart
                0x0800555c       0x26 ./Drivers/STM32G4xx_HAL_Driver/Src/stm32g4xx_hal_adc.o
 .text.LL_ADC_REG_SetSequencerRanks
                0x08005582       0x58 ./Drivers/STM32G4xx_HAL_Driver/Src/stm32g4xx_hal_adc.o
 .text.LL_ADC_INJ_IsTriggerSourceSWStart
                0x080055da       0x26 ./Drivers/STM32G4xx_HAL_Driver/Src/stm32g4xx_hal_adc.o
 .text.LL_ADC_SetChannelSamplingTime
                0x08005600       0x56 ./Drivers/STM32G4xx_HAL_Driver/Src/stm32g4xx_hal_adc.o
 *fill*         0x08005656        0x2 
 .text.LL_ADC_SetChannelSingleDiff
                0x08005658       0x48 ./Drivers/STM32G4xx_HAL_Driver/Src/stm32g4xx_hal_adc.o
 .text.LL_ADC_GetMultimode
                0x080056a0       0x1c ./Drivers/STM32G4xx_HAL_Driver/Src/stm32g4xx_hal_adc.o
 .text.LL_ADC_GetMultiDMATransfer
                0x080056bc       0x1c ./Drivers/STM32G4xx_HAL_Driver/Src/stm32g4xx_hal_adc.o
 .text.LL_ADC_DisableDeepPowerDown
                0x080056d8       0x24 ./Drivers/STM32G4xx_HAL_Driver/Src/stm32g4xx_hal_adc.o
 .text.LL_ADC_IsDeepPowerDownEnabled
                0x080056fc       0x28 ./Drivers/STM32G4xx_HAL_Driver/Src/stm32g4xx_hal_adc.o
 .text.LL_ADC_EnableInternalRegulator
                0x08005724       0x28 ./Drivers/STM32G4xx_HAL_Driver/Src/stm32g4xx_hal_adc.o
 .text.LL_ADC_IsInternalRegulatorEnabled
                0x0800574c       0x28 ./Drivers/STM32G4xx_HAL_Driver/Src/stm32g4xx_hal_adc.o
 .text.LL_ADC_Enable
                0x08005774       0x28 ./Drivers/STM32G4xx_HAL_Driver/Src/stm32g4xx_hal_adc.o
 .text.LL_ADC_Disable
                0x0800579c       0x28 ./Drivers/STM32G4xx_HAL_Driver/Src/stm32g4xx_hal_adc.o
 .text.LL_ADC_IsEnabled
                0x080057c4       0x26 ./Drivers/STM32G4xx_HAL_Driver/Src/stm32g4xx_hal_adc.o
 .text.LL_ADC_IsDisableOngoing
                0x080057ea       0x26 ./Drivers/STM32G4xx_HAL_Driver/Src/stm32g4xx_hal_adc.o
 .text.LL_ADC_REG_StartConversion
                0x08005810       0x28 ./Drivers/STM32G4xx_HAL_Driver/Src/stm32g4xx_hal_adc.o
 .text.LL_ADC_REG_IsConversionOngoing
                0x08005838       0x26 ./Drivers/STM32G4xx_HAL_Driver/Src/stm32g4xx_hal_adc.o
 .text.LL_ADC_INJ_IsConversionOngoing
                0x0800585e       0x26 ./Drivers/STM32G4xx_HAL_Driver/Src/stm32g4xx_hal_adc.o
 .text.HAL_ADC_Init
                0x08005884      0x378 ./Drivers/STM32G4xx_HAL_Driver/Src/stm32g4xx_hal_adc.o
                0x08005884                HAL_ADC_Init
 .text.HAL_ADC_Start_DMA
                0x08005bfc      0x1a8 ./Drivers/STM32G4xx_HAL_Driver/Src/stm32g4xx_hal_adc.o
                0x08005bfc                HAL_ADC_Start_DMA
 .text.HAL_ADC_IRQHandler
                0x08005da4      0x4c0 ./Drivers/STM32G4xx_HAL_Driver/Src/stm32g4xx_hal_adc.o
                0x08005da4                HAL_ADC_IRQHandler
 .text.HAL_ADC_ConvHalfCpltCallback
                0x08006264       0x14 ./Drivers/STM32G4xx_HAL_Driver/Src/stm32g4xx_hal_adc.o
                0x08006264                HAL_ADC_ConvHalfCpltCallback
 .text.HAL_ADC_LevelOutOfWindowCallback
                0x08006278       0x14 ./Drivers/STM32G4xx_HAL_Driver/Src/stm32g4xx_hal_adc.o
                0x08006278                HAL_ADC_LevelOutOfWindowCallback
 .text.HAL_ADC_ErrorCallback
                0x0800628c       0x14 ./Drivers/STM32G4xx_HAL_Driver/Src/stm32g4xx_hal_adc.o
                0x0800628c                HAL_ADC_ErrorCallback
 .text.HAL_ADC_ConfigChannel
                0x080062a0      0x880 ./Drivers/STM32G4xx_HAL_Driver/Src/stm32g4xx_hal_adc.o
                0x080062a0                HAL_ADC_ConfigChannel
 .text.ADC_Enable
                0x08006b20      0x12c ./Drivers/STM32G4xx_HAL_Driver/Src/stm32g4xx_hal_adc.o
                0x08006b20                ADC_Enable
 .text.ADC_Disable
                0x08006c4c       0xbe ./Drivers/STM32G4xx_HAL_Driver/Src/stm32g4xx_hal_adc.o
                0x08006c4c                ADC_Disable
 .text.ADC_DMAConvCplt
                0x08006d0a       0xd8 ./Drivers/STM32G4xx_HAL_Driver/Src/stm32g4xx_hal_adc.o
                0x08006d0a                ADC_DMAConvCplt
 .text.ADC_DMAHalfConvCplt
                0x08006de2       0x1c ./Drivers/STM32G4xx_HAL_Driver/Src/stm32g4xx_hal_adc.o
                0x08006de2                ADC_DMAHalfConvCplt
 .text.ADC_DMAError
                0x08006dfe       0x34 ./Drivers/STM32G4xx_HAL_Driver/Src/stm32g4xx_hal_adc.o
                0x08006dfe                ADC_DMAError
 .text.LL_ADC_StartCalibration
                0x08006e32       0x32 ./Drivers/STM32G4xx_HAL_Driver/Src/stm32g4xx_hal_adc_ex.o
 .text.LL_ADC_IsCalibrationOnGoing
                0x08006e64       0x28 ./Drivers/STM32G4xx_HAL_Driver/Src/stm32g4xx_hal_adc_ex.o
 .text.HAL_ADCEx_Calibration_Start
                0x08006e8c       0xc4 ./Drivers/STM32G4xx_HAL_Driver/Src/stm32g4xx_hal_adc_ex.o
                0x08006e8c                HAL_ADCEx_Calibration_Start
 .text.HAL_ADCEx_InjectedConvCpltCallback
                0x08006f50       0x14 ./Drivers/STM32G4xx_HAL_Driver/Src/stm32g4xx_hal_adc_ex.o
                0x08006f50                HAL_ADCEx_InjectedConvCpltCallback
 .text.HAL_ADCEx_InjectedQueueOverflowCallback
                0x08006f64       0x14 ./Drivers/STM32G4xx_HAL_Driver/Src/stm32g4xx_hal_adc_ex.o
                0x08006f64                HAL_ADCEx_InjectedQueueOverflowCallback
 .text.HAL_ADCEx_LevelOutOfWindow2Callback
                0x08006f78       0x14 ./Drivers/STM32G4xx_HAL_Driver/Src/stm32g4xx_hal_adc_ex.o
                0x08006f78                HAL_ADCEx_LevelOutOfWindow2Callback
 .text.HAL_ADCEx_LevelOutOfWindow3Callback
                0x08006f8c       0x14 ./Drivers/STM32G4xx_HAL_Driver/Src/stm32g4xx_hal_adc_ex.o
                0x08006f8c                HAL_ADCEx_LevelOutOfWindow3Callback
 .text.HAL_ADCEx_EndOfSamplingCallback
                0x08006fa0       0x14 ./Drivers/STM32G4xx_HAL_Driver/Src/stm32g4xx_hal_adc_ex.o
                0x08006fa0                HAL_ADCEx_EndOfSamplingCallback
 .text.__NVIC_SetPriorityGrouping
                0x08006fb4       0x48 ./Drivers/STM32G4xx_HAL_Driver/Src/stm32g4xx_hal_cortex.o
 .text.__NVIC_GetPriorityGrouping
                0x08006ffc       0x1c ./Drivers/STM32G4xx_HAL_Driver/Src/stm32g4xx_hal_cortex.o
 .text.__NVIC_EnableIRQ
                0x08007018       0x3c ./Drivers/STM32G4xx_HAL_Driver/Src/stm32g4xx_hal_cortex.o
 .text.__NVIC_SetPriority
                0x08007054       0x54 ./Drivers/STM32G4xx_HAL_Driver/Src/stm32g4xx_hal_cortex.o
 .text.NVIC_EncodePriority
                0x080070a8       0x66 ./Drivers/STM32G4xx_HAL_Driver/Src/stm32g4xx_hal_cortex.o
 *fill*         0x0800710e        0x2 
 .text.SysTick_Config
                0x08007110       0x44 ./Drivers/STM32G4xx_HAL_Driver/Src/stm32g4xx_hal_cortex.o
 .text.HAL_NVIC_SetPriorityGrouping
                0x08007154       0x16 ./Drivers/STM32G4xx_HAL_Driver/Src/stm32g4xx_hal_cortex.o
                0x08007154                HAL_NVIC_SetPriorityGrouping
 .text.HAL_NVIC_SetPriority
                0x0800716a       0x34 ./Drivers/STM32G4xx_HAL_Driver/Src/stm32g4xx_hal_cortex.o
                0x0800716a                HAL_NVIC_SetPriority
 .text.HAL_NVIC_EnableIRQ
                0x0800719e       0x1c ./Drivers/STM32G4xx_HAL_Driver/Src/stm32g4xx_hal_cortex.o
                0x0800719e                HAL_NVIC_EnableIRQ
 .text.HAL_SYSTICK_Config
                0x080071ba       0x18 ./Drivers/STM32G4xx_HAL_Driver/Src/stm32g4xx_hal_cortex.o
                0x080071ba                HAL_SYSTICK_Config
 .text.HAL_DAC_Init
                0x080071d2       0x44 ./Drivers/STM32G4xx_HAL_Driver/Src/stm32g4xx_hal_dac.o
                0x080071d2                HAL_DAC_Init
 *fill*         0x08007216        0x2 
 .text.HAL_DAC_Start
                0x08007218       0xd8 ./Drivers/STM32G4xx_HAL_Driver/Src/stm32g4xx_hal_dac.o
                0x08007218                HAL_DAC_Start
 .text.HAL_DAC_ConfigChannel
                0x080072f0      0x374 ./Drivers/STM32G4xx_HAL_Driver/Src/stm32g4xx_hal_dac.o
                0x080072f0                HAL_DAC_ConfigChannel
 .text.HAL_DMA_Init
                0x08007664      0x150 ./Drivers/STM32G4xx_HAL_Driver/Src/stm32g4xx_hal_dma.o
                0x08007664                HAL_DMA_Init
 .text.HAL_DMA_Start_IT
                0x080077b4       0xf6 ./Drivers/STM32G4xx_HAL_Driver/Src/stm32g4xx_hal_dma.o
                0x080077b4                HAL_DMA_Start_IT
 .text.HAL_DMA_IRQHandler
                0x080078aa      0x15e ./Drivers/STM32G4xx_HAL_Driver/Src/stm32g4xx_hal_dma.o
                0x080078aa                HAL_DMA_IRQHandler
 .text.DMA_SetConfig
                0x08007a08       0x7c ./Drivers/STM32G4xx_HAL_Driver/Src/stm32g4xx_hal_dma.o
 .text.DMA_CalcDMAMUXChannelBaseAndMask
                0x08007a84       0x7c ./Drivers/STM32G4xx_HAL_Driver/Src/stm32g4xx_hal_dma.o
 .text.DMA_CalcDMAMUXRequestGenBaseAndMask
                0x08007b00       0x48 ./Drivers/STM32G4xx_HAL_Driver/Src/stm32g4xx_hal_dma.o
 .text.HAL_FDCAN_Init
                0x08007b48      0x2b4 ./Drivers/STM32G4xx_HAL_Driver/Src/stm32g4xx_hal_fdcan.o
                0x08007b48                HAL_FDCAN_Init
 .text.FDCAN_CalcultateRamBlockAddresses
                0x08007dfc       0xd8 ./Drivers/STM32G4xx_HAL_Driver/Src/stm32g4xx_hal_fdcan.o
 .text.HAL_GPIO_Init
                0x08007ed4      0x304 ./Drivers/STM32G4xx_HAL_Driver/Src/stm32g4xx_hal_gpio.o
                0x08007ed4                HAL_GPIO_Init
 .text.HAL_HRTIM_Init
                0x080081d8      0x1a0 ./Drivers/STM32G4xx_HAL_Driver/Src/stm32g4xx_hal_hrtim.o
                0x080081d8                HAL_HRTIM_Init
 .text.HAL_HRTIM_DLLCalibrationStart
                0x08008378       0xb0 ./Drivers/STM32G4xx_HAL_Driver/Src/stm32g4xx_hal_hrtim.o
                0x08008378                HAL_HRTIM_DLLCalibrationStart
 .text.HAL_HRTIM_PollForDLLCalibration
                0x08008428       0x68 ./Drivers/STM32G4xx_HAL_Driver/Src/stm32g4xx_hal_hrtim.o
                0x08008428                HAL_HRTIM_PollForDLLCalibration
 .text.HAL_HRTIM_TimeBaseConfig
                0x08008490       0x50 ./Drivers/STM32G4xx_HAL_Driver/Src/stm32g4xx_hal_hrtim.o
                0x08008490                HAL_HRTIM_TimeBaseConfig
 .text.HAL_HRTIM_SimpleBaseStart
                0x080084e0       0x60 ./Drivers/STM32G4xx_HAL_Driver/Src/stm32g4xx_hal_hrtim.o
                0x080084e0                HAL_HRTIM_SimpleBaseStart
 .text.HAL_HRTIM_SimpleBaseStart_IT
                0x08008540       0x98 ./Drivers/STM32G4xx_HAL_Driver/Src/stm32g4xx_hal_hrtim.o
                0x08008540                HAL_HRTIM_SimpleBaseStart_IT
 .text.HAL_HRTIM_FaultConfig
                0x080085d8      0x380 ./Drivers/STM32G4xx_HAL_Driver/Src/stm32g4xx_hal_hrtim.o
                0x080085d8                HAL_HRTIM_FaultConfig
 .text.HAL_HRTIM_FaultPrescalerConfig
                0x08008958       0x72 ./Drivers/STM32G4xx_HAL_Driver/Src/stm32g4xx_hal_hrtim.o
                0x08008958                HAL_HRTIM_FaultPrescalerConfig
 *fill*         0x080089ca        0x2 
 .text.HAL_HRTIM_FaultCounterConfig
                0x080089cc      0x1f0 ./Drivers/STM32G4xx_HAL_Driver/Src/stm32g4xx_hal_hrtim.o
                0x080089cc                HAL_HRTIM_FaultCounterConfig
 .text.HAL_HRTIM_FaultModeCtl
                0x08008bbc      0x104 ./Drivers/STM32G4xx_HAL_Driver/Src/stm32g4xx_hal_hrtim.o
                0x08008bbc                HAL_HRTIM_FaultModeCtl
 .text.HAL_HRTIM_ADCTriggerConfig
                0x08008cc0      0x3d8 ./Drivers/STM32G4xx_HAL_Driver/Src/stm32g4xx_hal_hrtim.o
                0x08008cc0                HAL_HRTIM_ADCTriggerConfig
 .text.HAL_HRTIM_ADCPostScalerConfig
                0x08009098      0x294 ./Drivers/STM32G4xx_HAL_Driver/Src/stm32g4xx_hal_hrtim.o
                0x08009098                HAL_HRTIM_ADCPostScalerConfig
 .text.HAL_HRTIM_RollOverModeConfig
                0x0800932c       0x5e ./Drivers/STM32G4xx_HAL_Driver/Src/stm32g4xx_hal_hrtim.o
                0x0800932c                HAL_HRTIM_RollOverModeConfig
 .text.HAL_HRTIM_WaveformTimerConfig
                0x0800938a      0x11a ./Drivers/STM32G4xx_HAL_Driver/Src/stm32g4xx_hal_hrtim.o
                0x0800938a                HAL_HRTIM_WaveformTimerConfig
 .text.HAL_HRTIM_WaveformTimerControl
                0x080094a4       0x66 ./Drivers/STM32G4xx_HAL_Driver/Src/stm32g4xx_hal_hrtim.o
                0x080094a4                HAL_HRTIM_WaveformTimerControl
 *fill*         0x0800950a        0x2 
 .text.HAL_HRTIM_WaveformCompareConfig
                0x0800950c      0x2dc ./Drivers/STM32G4xx_HAL_Driver/Src/stm32g4xx_hal_hrtim.o
                0x0800950c                HAL_HRTIM_WaveformCompareConfig
 .text.HAL_HRTIM_WaveformOutputConfig
                0x080097e8       0x62 ./Drivers/STM32G4xx_HAL_Driver/Src/stm32g4xx_hal_hrtim.o
                0x080097e8                HAL_HRTIM_WaveformOutputConfig
 .text.HAL_HRTIM_WaveformOutputStart
                0x0800984a       0x5a ./Drivers/STM32G4xx_HAL_Driver/Src/stm32g4xx_hal_hrtim.o
                0x0800984a                HAL_HRTIM_WaveformOutputStart
 .text.HAL_HRTIM_WaveformOutputStop
                0x080098a4       0x5a ./Drivers/STM32G4xx_HAL_Driver/Src/stm32g4xx_hal_hrtim.o
                0x080098a4                HAL_HRTIM_WaveformOutputStop
 .text.HAL_HRTIM_IRQHandler
                0x080098fe       0x36 ./Drivers/STM32G4xx_HAL_Driver/Src/stm32g4xx_hal_hrtim.o
                0x080098fe                HAL_HRTIM_IRQHandler
 .text.HAL_HRTIM_Fault1Callback
                0x08009934       0x14 ./Drivers/STM32G4xx_HAL_Driver/Src/stm32g4xx_hal_hrtim.o
                0x08009934                HAL_HRTIM_Fault1Callback
 .text.HAL_HRTIM_Fault2Callback
                0x08009948       0x14 ./Drivers/STM32G4xx_HAL_Driver/Src/stm32g4xx_hal_hrtim.o
                0x08009948                HAL_HRTIM_Fault2Callback
 .text.HAL_HRTIM_Fault3Callback
                0x0800995c       0x14 ./Drivers/STM32G4xx_HAL_Driver/Src/stm32g4xx_hal_hrtim.o
                0x0800995c                HAL_HRTIM_Fault3Callback
 .text.HAL_HRTIM_Fault4Callback
                0x08009970       0x14 ./Drivers/STM32G4xx_HAL_Driver/Src/stm32g4xx_hal_hrtim.o
                0x08009970                HAL_HRTIM_Fault4Callback
 .text.HAL_HRTIM_Fault5Callback
                0x08009984       0x14 ./Drivers/STM32G4xx_HAL_Driver/Src/stm32g4xx_hal_hrtim.o
                0x08009984                HAL_HRTIM_Fault5Callback
 .text.HAL_HRTIM_Fault6Callback
                0x08009998       0x14 ./Drivers/STM32G4xx_HAL_Driver/Src/stm32g4xx_hal_hrtim.o
                0x08009998                HAL_HRTIM_Fault6Callback
 .text.HAL_HRTIM_SystemFaultCallback
                0x080099ac       0x14 ./Drivers/STM32G4xx_HAL_Driver/Src/stm32g4xx_hal_hrtim.o
                0x080099ac                HAL_HRTIM_SystemFaultCallback
 .text.HAL_HRTIM_DLLCalibrationReadyCallback
                0x080099c0       0x14 ./Drivers/STM32G4xx_HAL_Driver/Src/stm32g4xx_hal_hrtim.o
                0x080099c0                HAL_HRTIM_DLLCalibrationReadyCallback
 .text.HAL_HRTIM_BurstModePeriodCallback
                0x080099d4       0x14 ./Drivers/STM32G4xx_HAL_Driver/Src/stm32g4xx_hal_hrtim.o
                0x080099d4                HAL_HRTIM_BurstModePeriodCallback
 .text.HAL_HRTIM_SynchronizationEventCallback
                0x080099e8       0x14 ./Drivers/STM32G4xx_HAL_Driver/Src/stm32g4xx_hal_hrtim.o
                0x080099e8                HAL_HRTIM_SynchronizationEventCallback
 .text.HAL_HRTIM_RegistersUpdateCallback
                0x080099fc       0x16 ./Drivers/STM32G4xx_HAL_Driver/Src/stm32g4xx_hal_hrtim.o
                0x080099fc                HAL_HRTIM_RegistersUpdateCallback
 .text.HAL_HRTIM_RepetitionEventCallback
                0x08009a12       0x16 ./Drivers/STM32G4xx_HAL_Driver/Src/stm32g4xx_hal_hrtim.o
                0x08009a12                HAL_HRTIM_RepetitionEventCallback
 .text.HAL_HRTIM_Compare1EventCallback
                0x08009a28       0x16 ./Drivers/STM32G4xx_HAL_Driver/Src/stm32g4xx_hal_hrtim.o
                0x08009a28                HAL_HRTIM_Compare1EventCallback
 .text.HAL_HRTIM_Compare2EventCallback
                0x08009a3e       0x16 ./Drivers/STM32G4xx_HAL_Driver/Src/stm32g4xx_hal_hrtim.o
                0x08009a3e                HAL_HRTIM_Compare2EventCallback
 .text.HAL_HRTIM_Compare3EventCallback
                0x08009a54       0x16 ./Drivers/STM32G4xx_HAL_Driver/Src/stm32g4xx_hal_hrtim.o
                0x08009a54                HAL_HRTIM_Compare3EventCallback
 .text.HAL_HRTIM_Compare4EventCallback
                0x08009a6a       0x16 ./Drivers/STM32G4xx_HAL_Driver/Src/stm32g4xx_hal_hrtim.o
                0x08009a6a                HAL_HRTIM_Compare4EventCallback
 .text.HAL_HRTIM_Capture1EventCallback
                0x08009a80       0x16 ./Drivers/STM32G4xx_HAL_Driver/Src/stm32g4xx_hal_hrtim.o
                0x08009a80                HAL_HRTIM_Capture1EventCallback
 .text.HAL_HRTIM_Capture2EventCallback
                0x08009a96       0x16 ./Drivers/STM32G4xx_HAL_Driver/Src/stm32g4xx_hal_hrtim.o
                0x08009a96                HAL_HRTIM_Capture2EventCallback
 .text.HAL_HRTIM_DelayedProtectionCallback
                0x08009aac       0x16 ./Drivers/STM32G4xx_HAL_Driver/Src/stm32g4xx_hal_hrtim.o
                0x08009aac                HAL_HRTIM_DelayedProtectionCallback
 .text.HAL_HRTIM_CounterResetCallback
                0x08009ac2       0x16 ./Drivers/STM32G4xx_HAL_Driver/Src/stm32g4xx_hal_hrtim.o
                0x08009ac2                HAL_HRTIM_CounterResetCallback
 .text.HAL_HRTIM_Output1SetCallback
                0x08009ad8       0x16 ./Drivers/STM32G4xx_HAL_Driver/Src/stm32g4xx_hal_hrtim.o
                0x08009ad8                HAL_HRTIM_Output1SetCallback
 .text.HAL_HRTIM_Output1ResetCallback
                0x08009aee       0x16 ./Drivers/STM32G4xx_HAL_Driver/Src/stm32g4xx_hal_hrtim.o
                0x08009aee                HAL_HRTIM_Output1ResetCallback
 .text.HAL_HRTIM_Output2SetCallback
                0x08009b04       0x16 ./Drivers/STM32G4xx_HAL_Driver/Src/stm32g4xx_hal_hrtim.o
                0x08009b04                HAL_HRTIM_Output2SetCallback
 .text.HAL_HRTIM_Output2ResetCallback
                0x08009b1a       0x16 ./Drivers/STM32G4xx_HAL_Driver/Src/stm32g4xx_hal_hrtim.o
                0x08009b1a                HAL_HRTIM_Output2ResetCallback
 .text.HRTIM_MasterBase_Config
                0x08009b30       0x5e ./Drivers/STM32G4xx_HAL_Driver/Src/stm32g4xx_hal_hrtim.o
 .text.HRTIM_TimingUnitBase_Config
                0x08009b8e       0x80 ./Drivers/STM32G4xx_HAL_Driver/Src/stm32g4xx_hal_hrtim.o
 .text.HRTIM_MasterWaveform_Config
                0x08009c0e      0x13a ./Drivers/STM32G4xx_HAL_Driver/Src/stm32g4xx_hal_hrtim.o
 .text.HRTIM_TimingUnitWaveform_Config
                0x08009d48      0x30c ./Drivers/STM32G4xx_HAL_Driver/Src/stm32g4xx_hal_hrtim.o
 .text.HRTIM_TimingUnitWaveform_Control
                0x0800a054       0xc0 ./Drivers/STM32G4xx_HAL_Driver/Src/stm32g4xx_hal_hrtim.o
 .text.HRTIM_TimingUnitRollOver_Config
                0x0800a114       0x5c ./Drivers/STM32G4xx_HAL_Driver/Src/stm32g4xx_hal_hrtim.o
 .text.HRTIM_OutputConfig
                0x0800a170      0x1d0 ./Drivers/STM32G4xx_HAL_Driver/Src/stm32g4xx_hal_hrtim.o
 .text.HRTIM_ForceRegistersUpdate
                0x0800a340       0xdc ./Drivers/STM32G4xx_HAL_Driver/Src/stm32g4xx_hal_hrtim.o
 .text.HRTIM_HRTIM_ISR
                0x0800a41c      0x120 ./Drivers/STM32G4xx_HAL_Driver/Src/stm32g4xx_hal_hrtim.o
 .text.HRTIM_Master_ISR
                0x0800a53c      0x18a ./Drivers/STM32G4xx_HAL_Driver/Src/stm32g4xx_hal_hrtim.o
 .text.HRTIM_Timer_ISR
                0x0800a6c6      0x2aa ./Drivers/STM32G4xx_HAL_Driver/Src/stm32g4xx_hal_hrtim.o
 .text.HAL_LPTIM_Init
                0x0800a970      0x138 ./Drivers/STM32G4xx_HAL_Driver/Src/stm32g4xx_hal_lptim.o
                0x0800a970                HAL_LPTIM_Init
 .text.HAL_LPTIM_TimeOut_Start_IT
                0x0800aaa8       0xe0 ./Drivers/STM32G4xx_HAL_Driver/Src/stm32g4xx_hal_lptim.o
                0x0800aaa8                HAL_LPTIM_TimeOut_Start_IT
 .text.HAL_LPTIM_IRQHandler
                0x0800ab88      0x136 ./Drivers/STM32G4xx_HAL_Driver/Src/stm32g4xx_hal_lptim.o
                0x0800ab88                HAL_LPTIM_IRQHandler
 .text.HAL_LPTIM_CompareMatchCallback
                0x0800acbe       0x14 ./Drivers/STM32G4xx_HAL_Driver/Src/stm32g4xx_hal_lptim.o
                0x0800acbe                HAL_LPTIM_CompareMatchCallback
 .text.HAL_LPTIM_AutoReloadMatchCallback
                0x0800acd2       0x14 ./Drivers/STM32G4xx_HAL_Driver/Src/stm32g4xx_hal_lptim.o
                0x0800acd2                HAL_LPTIM_AutoReloadMatchCallback
 .text.HAL_LPTIM_TriggerCallback
                0x0800ace6       0x14 ./Drivers/STM32G4xx_HAL_Driver/Src/stm32g4xx_hal_lptim.o
                0x0800ace6                HAL_LPTIM_TriggerCallback
 .text.HAL_LPTIM_CompareWriteCallback
                0x0800acfa       0x14 ./Drivers/STM32G4xx_HAL_Driver/Src/stm32g4xx_hal_lptim.o
                0x0800acfa                HAL_LPTIM_CompareWriteCallback
 .text.HAL_LPTIM_AutoReloadWriteCallback
                0x0800ad0e       0x14 ./Drivers/STM32G4xx_HAL_Driver/Src/stm32g4xx_hal_lptim.o
                0x0800ad0e                HAL_LPTIM_AutoReloadWriteCallback
 .text.HAL_LPTIM_DirectionUpCallback
                0x0800ad22       0x14 ./Drivers/STM32G4xx_HAL_Driver/Src/stm32g4xx_hal_lptim.o
                0x0800ad22                HAL_LPTIM_DirectionUpCallback
 .text.HAL_LPTIM_DirectionDownCallback
                0x0800ad36       0x14 ./Drivers/STM32G4xx_HAL_Driver/Src/stm32g4xx_hal_lptim.o
                0x0800ad36                HAL_LPTIM_DirectionDownCallback
 .text.HAL_LPTIM_GetState
                0x0800ad4a       0x1c ./Drivers/STM32G4xx_HAL_Driver/Src/stm32g4xx_hal_lptim.o
                0x0800ad4a                HAL_LPTIM_GetState
 *fill*         0x0800ad66        0x2 
 .text.LPTIM_WaitForFlag
                0x0800ad68       0x60 ./Drivers/STM32G4xx_HAL_Driver/Src/stm32g4xx_hal_lptim.o
 .text.LPTIM_Disable
                0x0800adc8      0x19c ./Drivers/STM32G4xx_HAL_Driver/Src/stm32g4xx_hal_lptim.o
                0x0800adc8                LPTIM_Disable
 .text.HAL_PWREx_ControlVoltageScaling
                0x0800af64      0x148 ./Drivers/STM32G4xx_HAL_Driver/Src/stm32g4xx_hal_pwr_ex.o
                0x0800af64                HAL_PWREx_ControlVoltageScaling
 .text.HAL_PWREx_DisableUCPDDeadBattery
                0x0800b0ac       0x20 ./Drivers/STM32G4xx_HAL_Driver/Src/stm32g4xx_hal_pwr_ex.o
                0x0800b0ac                HAL_PWREx_DisableUCPDDeadBattery
 .text.HAL_RCC_OscConfig
                0x0800b0cc      0x624 ./Drivers/STM32G4xx_HAL_Driver/Src/stm32g4xx_hal_rcc.o
                0x0800b0cc                HAL_RCC_OscConfig
 .text.HAL_RCC_ClockConfig
                0x0800b6f0      0x278 ./Drivers/STM32G4xx_HAL_Driver/Src/stm32g4xx_hal_rcc.o
                0x0800b6f0                HAL_RCC_ClockConfig
 .text.HAL_RCC_GetSysClockFreq
                0x0800b968       0xc4 ./Drivers/STM32G4xx_HAL_Driver/Src/stm32g4xx_hal_rcc.o
                0x0800b968                HAL_RCC_GetSysClockFreq
 .text.HAL_RCC_GetHCLKFreq
                0x0800ba2c       0x18 ./Drivers/STM32G4xx_HAL_Driver/Src/stm32g4xx_hal_rcc.o
                0x0800ba2c                HAL_RCC_GetHCLKFreq
 .text.RCC_GetSysClockFreqFromPLLSource
                0x0800ba44       0x8c ./Drivers/STM32G4xx_HAL_Driver/Src/stm32g4xx_hal_rcc.o
 .text.HAL_RCCEx_PeriphCLKConfig
                0x0800bad0      0x49c ./Drivers/STM32G4xx_HAL_Driver/Src/stm32g4xx_hal_rcc_ex.o
                0x0800bad0                HAL_RCCEx_PeriphCLKConfig
 .text.HAL_TIM_Base_Init
                0x0800bf6c       0xae ./Drivers/STM32G4xx_HAL_Driver/Src/stm32g4xx_hal_tim.o
                0x0800bf6c                HAL_TIM_Base_Init
 *fill*         0x0800c01a        0x2 
 .text.HAL_TIM_Base_Start
                0x0800c01c       0xe0 ./Drivers/STM32G4xx_HAL_Driver/Src/stm32g4xx_hal_tim.o
                0x0800c01c                HAL_TIM_Base_Start
 .text.HAL_TIM_Base_Start_IT
                0x0800c0fc       0xf0 ./Drivers/STM32G4xx_HAL_Driver/Src/stm32g4xx_hal_tim.o
                0x0800c0fc                HAL_TIM_Base_Start_IT
 .text.HAL_TIM_PWM_Init
                0x0800c1ec       0xae ./Drivers/STM32G4xx_HAL_Driver/Src/stm32g4xx_hal_tim.o
                0x0800c1ec                HAL_TIM_PWM_Init
 *fill*         0x0800c29a        0x2 
 .text.HAL_TIM_PWM_Start
                0x0800c29c      0x224 ./Drivers/STM32G4xx_HAL_Driver/Src/stm32g4xx_hal_tim.o
                0x0800c29c                HAL_TIM_PWM_Start
 .text.HAL_TIM_PWM_Stop
                0x0800c4c0      0x138 ./Drivers/STM32G4xx_HAL_Driver/Src/stm32g4xx_hal_tim.o
                0x0800c4c0                HAL_TIM_PWM_Stop
 .text.HAL_TIM_Encoder_Init
                0x0800c5f8      0x14c ./Drivers/STM32G4xx_HAL_Driver/Src/stm32g4xx_hal_tim.o
                0x0800c5f8                HAL_TIM_Encoder_Init
 .text.HAL_TIM_Encoder_Start
                0x0800c744      0x11c ./Drivers/STM32G4xx_HAL_Driver/Src/stm32g4xx_hal_tim.o
                0x0800c744                HAL_TIM_Encoder_Start
 .text.HAL_TIM_PWM_ConfigChannel
                0x0800c860      0x228 ./Drivers/STM32G4xx_HAL_Driver/Src/stm32g4xx_hal_tim.o
                0x0800c860                HAL_TIM_PWM_ConfigChannel
 .text.HAL_TIM_ConfigClockSource
                0x0800ca88      0x22c ./Drivers/STM32G4xx_HAL_Driver/Src/stm32g4xx_hal_tim.o
                0x0800ca88                HAL_TIM_ConfigClockSource
 .text.TIM_Base_SetConfig
                0x0800ccb4      0x168 ./Drivers/STM32G4xx_HAL_Driver/Src/stm32g4xx_hal_tim.o
                0x0800ccb4                TIM_Base_SetConfig
 .text.TIM_OC1_SetConfig
                0x0800ce1c      0x134 ./Drivers/STM32G4xx_HAL_Driver/Src/stm32g4xx_hal_tim.o
 .text.TIM_OC2_SetConfig
                0x0800cf50      0x128 ./Drivers/STM32G4xx_HAL_Driver/Src/stm32g4xx_hal_tim.o
                0x0800cf50                TIM_OC2_SetConfig
 .text.TIM_OC3_SetConfig
                0x0800d078      0x124 ./Drivers/STM32G4xx_HAL_Driver/Src/stm32g4xx_hal_tim.o
 .text.TIM_OC4_SetConfig
                0x0800d19c      0x128 ./Drivers/STM32G4xx_HAL_Driver/Src/stm32g4xx_hal_tim.o
 .text.TIM_OC5_SetConfig
                0x0800d2c4       0xd4 ./Drivers/STM32G4xx_HAL_Driver/Src/stm32g4xx_hal_tim.o
 .text.TIM_OC6_SetConfig
                0x0800d398       0xd8 ./Drivers/STM32G4xx_HAL_Driver/Src/stm32g4xx_hal_tim.o
 .text.TIM_TI1_ConfigInputStage
                0x0800d470       0x5e ./Drivers/STM32G4xx_HAL_Driver/Src/stm32g4xx_hal_tim.o
 .text.TIM_TI2_ConfigInputStage
                0x0800d4ce       0x60 ./Drivers/STM32G4xx_HAL_Driver/Src/stm32g4xx_hal_tim.o
 .text.TIM_ITRx_SetConfig
                0x0800d52e       0x3a ./Drivers/STM32G4xx_HAL_Driver/Src/stm32g4xx_hal_tim.o
 .text.TIM_ETR_SetConfig
                0x0800d568       0x40 ./Drivers/STM32G4xx_HAL_Driver/Src/stm32g4xx_hal_tim.o
                0x0800d568                TIM_ETR_SetConfig
 .text.TIM_CCxChannelCmd
                0x0800d5a8       0x4a ./Drivers/STM32G4xx_HAL_Driver/Src/stm32g4xx_hal_tim.o
                0x0800d5a8                TIM_CCxChannelCmd
 *fill*         0x0800d5f2        0x2 
 .text.HAL_TIMEx_PWMN_Start
                0x0800d5f4      0x184 ./Drivers/STM32G4xx_HAL_Driver/Src/stm32g4xx_hal_tim_ex.o
                0x0800d5f4                HAL_TIMEx_PWMN_Start
 .text.HAL_TIMEx_MasterConfigSynchronization
                0x0800d778      0x12c ./Drivers/STM32G4xx_HAL_Driver/Src/stm32g4xx_hal_tim_ex.o
                0x0800d778                HAL_TIMEx_MasterConfigSynchronization
 .text.HAL_TIMEx_ConfigBreakDeadTime
                0x0800d8a4      0x128 ./Drivers/STM32G4xx_HAL_Driver/Src/stm32g4xx_hal_tim_ex.o
                0x0800d8a4                HAL_TIMEx_ConfigBreakDeadTime
 .text.HAL_TIMEx_ConfigEncoderIndex
                0x0800d9cc       0x76 ./Drivers/STM32G4xx_HAL_Driver/Src/stm32g4xx_hal_tim_ex.o
                0x0800d9cc                HAL_TIMEx_ConfigEncoderIndex
 .text.TIM_CCxNChannelCmd
                0x0800da42       0x4a ./Drivers/STM32G4xx_HAL_Driver/Src/stm32g4xx_hal_tim_ex.o
 .text.memset   0x0800da8c       0x10 C:/STM32/STM32CubeIDE_1.19.0/STM32CubeIDE/plugins/com.st.stm32cube.ide.mcu.externaltools.gnu-tools-for-stm32.13.3.rel1.win32_1.0.0.202411081344/tools/bin/../lib/gcc/arm-none-eabi/13.3.1/../../../../arm-none-eabi/lib/thumb/v7e-m+fp/hard\libc_nano.a(libc_a-memset.o)
                0x0800da8c                memset
 .text.__libc_init_array
                0x0800da9c       0x48 C:/STM32/STM32CubeIDE_1.19.0/STM32CubeIDE/plugins/com.st.stm32cube.ide.mcu.externaltools.gnu-tools-for-stm32.13.3.rel1.win32_1.0.0.202411081344/tools/bin/../lib/gcc/arm-none-eabi/13.3.1/../../../../arm-none-eabi/lib/thumb/v7e-m+fp/hard\libc_nano.a(libc_a-init.o)
                0x0800da9c                __libc_init_array
 *(.glue_7)
 .glue_7        0x0800dae4        0x0 linker stubs
 *(.glue_7t)
 .glue_7t       0x0800dae4        0x0 linker stubs
 *(.eh_frame)
 .eh_frame      0x0800dae4        0x0 C:/STM32/STM32CubeIDE_1.19.0/STM32CubeIDE/plugins/com.st.stm32cube.ide.mcu.externaltools.gnu-tools-for-stm32.13.3.rel1.win32_1.0.0.202411081344/tools/bin/../lib/gcc/arm-none-eabi/13.3.1/thumb/v7e-m+fp/hard/crtbegin.o
 *(.init)
 .init          0x0800dae4        0x4 C:/STM32/STM32CubeIDE_1.19.0/STM32CubeIDE/plugins/com.st.stm32cube.ide.mcu.externaltools.gnu-tools-for-stm32.13.3.rel1.win32_1.0.0.202411081344/tools/bin/../lib/gcc/arm-none-eabi/13.3.1/thumb/v7e-m+fp/hard/crti.o
                0x0800dae4                _init
 .init          0x0800dae8        0x8 C:/STM32/STM32CubeIDE_1.19.0/STM32CubeIDE/plugins/com.st.stm32cube.ide.mcu.externaltools.gnu-tools-for-stm32.13.3.rel1.win32_1.0.0.202411081344/tools/bin/../lib/gcc/arm-none-eabi/13.3.1/thumb/v7e-m+fp/hard/crtn.o
 *(.fini)
 .fini          0x0800daf0        0x4 C:/STM32/STM32CubeIDE_1.19.0/STM32CubeIDE/plugins/com.st.stm32cube.ide.mcu.externaltools.gnu-tools-for-stm32.13.3.rel1.win32_1.0.0.202411081344/tools/bin/../lib/gcc/arm-none-eabi/13.3.1/thumb/v7e-m+fp/hard/crti.o
                0x0800daf0                _fini
 .fini          0x0800daf4        0x8 C:/STM32/STM32CubeIDE_1.19.0/STM32CubeIDE/plugins/com.st.stm32cube.ide.mcu.externaltools.gnu-tools-for-stm32.13.3.rel1.win32_1.0.0.202411081344/tools/bin/../lib/gcc/arm-none-eabi/13.3.1/thumb/v7e-m+fp/hard/crtn.o
                0x0800dafc                        . = ALIGN (0x4)
                0x0800dafc                        _etext = .

.vfp11_veneer   0x0800dafc        0x0
 .vfp11_veneer  0x0800dafc        0x0 linker stubs

.v4_bx          0x0800dafc        0x0
 .v4_bx         0x0800dafc        0x0 linker stubs

.iplt           0x0800dafc        0x0
 .iplt          0x0800dafc        0x0 C:/STM32/STM32CubeIDE_1.19.0/STM32CubeIDE/plugins/com.st.stm32cube.ide.mcu.externaltools.gnu-tools-for-stm32.13.3.rel1.win32_1.0.0.202411081344/tools/bin/../lib/gcc/arm-none-eabi/13.3.1/thumb/v7e-m+fp/hard/crtbegin.o

.rodata         0x0800dafc       0x10
                0x0800dafc                        . = ALIGN (0x4)
 *(.rodata)
 *(.rodata*)
 .rodata.AHBPrescTable
                0x0800dafc       0x10 ./Core/Src/system_stm32g4xx.o
                0x0800dafc                AHBPrescTable
                0x0800db0c                        . = ALIGN (0x4)

.ARM.extab      0x0800db0c        0x0
                0x0800db0c                        . = ALIGN (0x4)
 *(.ARM.extab* .gnu.linkonce.armextab.*)
                0x0800db0c                        . = ALIGN (0x4)

.ARM            0x0800db0c        0x0
                0x0800db0c                        . = ALIGN (0x4)
                0x0800db0c                        __exidx_start = .
 *(.ARM.exidx*)
                0x0800db0c                        __exidx_end = .
                0x0800db0c                        . = ALIGN (0x4)

.preinit_array  0x0800db0c        0x0
                0x0800db0c                        . = ALIGN (0x4)
                0x0800db0c                        PROVIDE (__preinit_array_start = .)
 *(.preinit_array*)
                0x0800db0c                        PROVIDE (__preinit_array_end = .)
                0x0800db0c                        . = ALIGN (0x4)

.init_array     0x0800db0c        0x4
                0x0800db0c                        . = ALIGN (0x4)
                0x0800db0c                        PROVIDE (__init_array_start = .)
 *(SORT_BY_NAME(.init_array.*))
 *(.init_array*)
 .init_array    0x0800db0c        0x4 C:/STM32/STM32CubeIDE_1.19.0/STM32CubeIDE/plugins/com.st.stm32cube.ide.mcu.externaltools.gnu-tools-for-stm32.13.3.rel1.win32_1.0.0.202411081344/tools/bin/../lib/gcc/arm-none-eabi/13.3.1/thumb/v7e-m+fp/hard/crtbegin.o
                0x0800db10                        PROVIDE (__init_array_end = .)
                0x0800db10                        . = ALIGN (0x4)

.fini_array     0x0800db10        0x4
                0x0800db10                        . = ALIGN (0x4)
                [!provide]                        PROVIDE (__fini_array_start = .)
 *(SORT_BY_NAME(.fini_array.*))
 *(.fini_array*)
 .fini_array    0x0800db10        0x4 C:/STM32/STM32CubeIDE_1.19.0/STM32CubeIDE/plugins/com.st.stm32cube.ide.mcu.externaltools.gnu-tools-for-stm32.13.3.rel1.win32_1.0.0.202411081344/tools/bin/../lib/gcc/arm-none-eabi/13.3.1/thumb/v7e-m+fp/hard/crtbegin.o
                [!provide]                        PROVIDE (__fini_array_end = .)
                0x0800db14                        . = ALIGN (0x4)
                0x0800db14                        _sidata = LOADADDR (.data)

.rel.dyn        0x0800db14        0x0
 .rel.iplt      0x0800db14        0x0 C:/STM32/STM32CubeIDE_1.19.0/STM32CubeIDE/plugins/com.st.stm32cube.ide.mcu.externaltools.gnu-tools-for-stm32.13.3.rel1.win32_1.0.0.202411081344/tools/bin/../lib/gcc/arm-none-eabi/13.3.1/thumb/v7e-m+fp/hard/crtbegin.o

.data           0x20000000       0x58 load address 0x0800db14
                0x20000000                        . = ALIGN (0x4)
                0x20000000                        _sdata = .
 *(.data)
 *(.data*)
 .data.uAdcStandbyCnt
                0x20000000        0x2 ./Core/Src/Adc.o
 .data.uAdcOffsetCntMax
                0x20000002        0x2 ./Core/Src/Adc.o
 .data.lDacVal  0x20000004       0x10 ./Core/Src/Dac.o
                0x20000004                lDacVal
 .data.fDacScale
                0x20000014       0x10 ./Core/Src/Dac.o
                0x20000014                fDacScale
 .data.fIntDacScale
                0x20000024        0xc ./Core/Src/IntDAC.o
                0x20000024                fIntDacScale
 .data.SystemCoreClock
                0x20000030        0x4 ./Core/Src/system_stm32g4xx.o
                0x20000030                SystemCoreClock
 .data.uwTickPrio
                0x20000034        0x4 ./Drivers/STM32G4xx_HAL_Driver/Src/stm32g4xx_hal.o
                0x20000034                uwTickPrio
 .data.uwTickFreq
                0x20000038        0x4 ./Drivers/STM32G4xx_HAL_Driver/Src/stm32g4xx_hal.o
                0x20000038                uwTickFreq
 .data.TimerIdxToTimerId
                0x2000003c       0x1c ./Drivers/STM32G4xx_HAL_Driver/Src/stm32g4xx_hal_hrtim.o
 *(.RamFunc)
 *(.RamFunc*)
                0x20000058                        . = ALIGN (0x4)
                0x20000058                        _edata = .

.igot.plt       0x20000058        0x0 load address 0x0800db6c
 .igot.plt      0x20000058        0x0 C:/STM32/STM32CubeIDE_1.19.0/STM32CubeIDE/plugins/com.st.stm32cube.ide.mcu.externaltools.gnu-tools-for-stm32.13.3.rel1.win32_1.0.0.202411081344/tools/bin/../lib/gcc/arm-none-eabi/13.3.1/thumb/v7e-m+fp/hard/crtbegin.o
                0x20000058                        . = ALIGN (0x4)

.bss            0x20000058      0xe84 load address 0x0800db6c
                0x20000058                        _sbss = .
                0x20000058                        __bss_start__ = _sbss
 *(.bss)
 .bss           0x20000058       0x1c C:/STM32/STM32CubeIDE_1.19.0/STM32CubeIDE/plugins/com.st.stm32cube.ide.mcu.externaltools.gnu-tools-for-stm32.13.3.rel1.win32_1.0.0.202411081344/tools/bin/../lib/gcc/arm-none-eabi/13.3.1/thumb/v7e-m+fp/hard/crtbegin.o
 *(.bss*)
 .bss.uCurrAdcState
                0x20000074        0x2 ./Core/Src/Adc.o
 .bss.uNextAdcState
                0x20000076        0x2 ./Core/Src/Adc.o
 .bss.uADC2Result
                0x20000078        0xc ./Core/Src/Adc.o
                0x20000078                uADC2Result
 .bss.uAdcOffsetCnt
                0x20000084        0x2 ./Core/Src/Adc.o
 .bss.uADCCnt   0x20000086        0x2 ./Core/Src/Adc.o
                0x20000086                uADCCnt
 .bss.fIoAdcTun
                0x20000088        0x4 ./Core/Src/Adc.o
                0x20000088                fIoAdcTun
 .bss.iDacType  0x2000008c       0x10 ./Core/Src/Dac.o
                0x2000008c                iDacType
 .bss.iDacData  0x2000009c       0x10 ./Core/Src/Dac.o
                0x2000009c                iDacData
 .bss.fDacMid   0x200000ac       0x10 ./Core/Src/Dac.o
                0x200000ac                fDacMid
 .bss.fDacTemp  0x200000bc       0x10 ./Core/Src/Dac.o
                0x200000bc                fDacTemp
 .bss.fSysClkFreq
                0x200000cc        0x4 ./Core/Src/GlobalVar.o
                0x200000cc                fSysClkFreq
 .bss.fHrtimIntFreq
                0x200000d0        0x4 ./Core/Src/GlobalVar.o
                0x200000d0                fHrtimIntFreq
 .bss.fTsamp    0x200000d4        0x4 ./Core/Src/GlobalVar.o
                0x200000d4                fTsamp
 .bss.fInvVdc   0x200000d8        0x4 ./Core/Src/GlobalVar.o
                0x200000d8                fInvVdc
 .bss.fVdc      0x200000dc        0x4 ./Core/Src/GlobalVar.o
                0x200000dc                fVdc
 .bss.uInterruptCnt
                0x200000e0        0x2 ./Core/Src/GlobalVar.o
                0x200000e0                uInterruptCnt
 .bss.uMainControl
                0x200000e2        0x2 ./Core/Src/GlobalVar.o
                0x200000e2                uMainControl
 .bss.MOT1      0x200000e4      0x1d4 ./Core/Src/GlobalVar.o
                0x200000e4                MOT1
 .bss.MOT2      0x200002b8      0x1d4 ./Core/Src/GlobalVar.o
                0x200002b8                MOT2
 .bss.MOT3      0x2000048c      0x1d4 ./Core/Src/GlobalVar.o
                0x2000048c                MOT3
 .bss.MOT4      0x20000660      0x1d4 ./Core/Src/GlobalVar.o
                0x20000660                MOT4
 .bss.MOT5      0x20000834      0x1d4 ./Core/Src/GlobalVar.o
                0x20000834                MOT5
 .bss.uIntDacDatAddr
                0x20000a08        0xc ./Core/Src/IntDAC.o
                0x20000a08                uIntDacDatAddr
 .bss.uIntDacDatType
                0x20000a14        0x6 ./Core/Src/IntDAC.o
                0x20000a14                uIntDacDatType
 *fill*         0x20000a1a        0x2 
 .bss.fDutyTest1
                0x20000a1c        0x4 ./Core/Src/MainControl.o
                0x20000a1c                fDutyTest1
 .bss.fDutyTest3
                0x20000a20        0x4 ./Core/Src/MainControl.o
                0x20000a20                fDutyTest3
 .bss.uPrevState
                0x20000a24        0x2 ./Core/Src/MainControl.o
 .bss.uCurrState
                0x20000a26        0x2 ./Core/Src/MainControl.o
 .bss.uNextState
                0x20000a28        0x2 ./Core/Src/MainControl.o
 *fill*         0x20000a2a        0x2 
 .bss.Flag      0x20000a2c        0x4 ./Core/Src/MainControl.o
                0x20000a2c                Flag
 .bss.uLSCnt    0x20000a30        0x2 ./Core/Src/MainControl.o
                0x20000a30                uLSCnt
 *fill*         0x20000a32        0x2 
 .bss.fTimeConstV_Temp
                0x20000a34        0x4 ./Core/Src/PosControl.o
                0x20000a34                fTimeConstV_Temp
 .bss.hadc2     0x20000a38       0x6c ./Core/Src/main.o
                0x20000a38                hadc2
 .bss.hdma_adc2
                0x20000aa4       0x60 ./Core/Src/main.o
                0x20000aa4                hdma_adc2
 .bss.hdac1     0x20000b04       0x14 ./Core/Src/main.o
                0x20000b04                hdac1
 .bss.hdac2     0x20000b18       0x14 ./Core/Src/main.o
                0x20000b18                hdac2
 .bss.hfdcan1   0x20000b2c       0x64 ./Core/Src/main.o
                0x20000b2c                hfdcan1
 .bss.hhrtim1   0x20000b90       0xfc ./Core/Src/main.o
                0x20000b90                hhrtim1
 .bss.hlptim1   0x20000c8c       0x38 ./Core/Src/main.o
                0x20000c8c                hlptim1
 .bss.htim1     0x20000cc4       0x4c ./Core/Src/main.o
                0x20000cc4                htim1
 .bss.htim2     0x20000d10       0x4c ./Core/Src/main.o
                0x20000d10                htim2
 .bss.htim3     0x20000d5c       0x4c ./Core/Src/main.o
                0x20000d5c                htim3
 .bss.htim4     0x20000da8       0x4c ./Core/Src/main.o
                0x20000da8                htim4
 .bss.htim5     0x20000df4       0x4c ./Core/Src/main.o
                0x20000df4                htim5
 .bss.htim8     0x20000e40       0x4c ./Core/Src/main.o
                0x20000e40                htim8
 .bss.htim15    0x20000e8c       0x4c ./Core/Src/main.o
                0x20000e8c                htim15
 .bss.uwTick    0x20000ed8        0x4 ./Drivers/STM32G4xx_HAL_Driver/Src/stm32g4xx_hal.o
                0x20000ed8                uwTick
 *(COMMON)
                0x20000edc                        . = ALIGN (0x4)
                0x20000edc                        _ebss = .
                0x20000edc                        __bss_end__ = _ebss

._user_heap_stack
                0x20000edc      0x604 load address 0x0800db6c
                0x20000ee0                        . = ALIGN (0x8)
 *fill*         0x20000edc        0x4 
                [!provide]                        PROVIDE (end = .)
                0x20000ee0                        PROVIDE (_end = .)
                0x200010e0                        . = (. + _Min_Heap_Size)
 *fill*         0x20000ee0      0x200 
                0x200014e0                        . = (. + _Min_Stack_Size)
 *fill*         0x200010e0      0x400 
                0x200014e0                        . = ALIGN (0x8)

/DISCARD/
 libc.a(*)
 libm.a(*)
 libgcc.a(*)

.ARM.attributes
                0x00000000       0x30
 *(.ARM.attributes)
 .ARM.attributes
                0x00000000       0x22 C:/STM32/STM32CubeIDE_1.19.0/STM32CubeIDE/plugins/com.st.stm32cube.ide.mcu.externaltools.gnu-tools-for-stm32.13.3.rel1.win32_1.0.0.202411081344/tools/bin/../lib/gcc/arm-none-eabi/13.3.1/thumb/v7e-m+fp/hard/crti.o
 .ARM.attributes
                0x00000022       0x34 C:/STM32/STM32CubeIDE_1.19.0/STM32CubeIDE/plugins/com.st.stm32cube.ide.mcu.externaltools.gnu-tools-for-stm32.13.3.rel1.win32_1.0.0.202411081344/tools/bin/../lib/gcc/arm-none-eabi/13.3.1/thumb/v7e-m+fp/hard/crtbegin.o
 .ARM.attributes
                0x00000056       0x34 ./Core/Src/Adc.o
 .ARM.attributes
                0x0000008a       0x34 ./Core/Src/CurrentContorl.o
 .ARM.attributes
                0x000000be       0x34 ./Core/Src/Dac.o
 .ARM.attributes
                0x000000f2       0x34 ./Core/Src/GlobalVar.o
 .ARM.attributes
                0x00000126       0x34 ./Core/Src/IntDAC.o
 .ARM.attributes
                0x0000015a       0x34 ./Core/Src/MainControl.o
 .ARM.attributes
                0x0000018e       0x34 ./Core/Src/PosControl.o
 .ARM.attributes
                0x000001c2       0x34 ./Core/Src/SpeedControl.o
 .ARM.attributes
                0x000001f6       0x34 ./Core/Src/SpeedObserver.o
 .ARM.attributes
                0x0000022a       0x34 ./Core/Src/main.o
 .ARM.attributes
                0x0000025e       0x34 ./Core/Src/stm32g4xx_hal_msp.o
 .ARM.attributes
                0x00000292       0x34 ./Core/Src/stm32g4xx_it.o
 .ARM.attributes
                0x000002c6       0x34 ./Core/Src/system_stm32g4xx.o
 .ARM.attributes
                0x000002fa       0x21 ./Core/Startup/startup_stm32g474retx.o
 .ARM.attributes
                0x0000031b       0x34 ./Drivers/STM32G4xx_HAL_Driver/Src/stm32g4xx_hal.o
 .ARM.attributes
                0x0000034f       0x34 ./Drivers/STM32G4xx_HAL_Driver/Src/stm32g4xx_hal_adc.o
 .ARM.attributes
                0x00000383       0x34 ./Drivers/STM32G4xx_HAL_Driver/Src/stm32g4xx_hal_adc_ex.o
 .ARM.attributes
                0x000003b7       0x34 ./Drivers/STM32G4xx_HAL_Driver/Src/stm32g4xx_hal_cortex.o
 .ARM.attributes
                0x000003eb       0x34 ./Drivers/STM32G4xx_HAL_Driver/Src/stm32g4xx_hal_dac.o
 .ARM.attributes
                0x0000041f       0x34 ./Drivers/STM32G4xx_HAL_Driver/Src/stm32g4xx_hal_dma.o
 .ARM.attributes
                0x00000453       0x34 ./Drivers/STM32G4xx_HAL_Driver/Src/stm32g4xx_hal_fdcan.o
 .ARM.attributes
                0x00000487       0x34 ./Drivers/STM32G4xx_HAL_Driver/Src/stm32g4xx_hal_gpio.o
 .ARM.attributes
                0x000004bb       0x34 ./Drivers/STM32G4xx_HAL_Driver/Src/stm32g4xx_hal_hrtim.o
 .ARM.attributes
                0x000004ef       0x34 ./Drivers/STM32G4xx_HAL_Driver/Src/stm32g4xx_hal_lptim.o
 .ARM.attributes
                0x00000523       0x34 ./Drivers/STM32G4xx_HAL_Driver/Src/stm32g4xx_hal_pwr_ex.o
 .ARM.attributes
                0x00000557       0x34 ./Drivers/STM32G4xx_HAL_Driver/Src/stm32g4xx_hal_rcc.o
 .ARM.attributes
                0x0000058b       0x34 ./Drivers/STM32G4xx_HAL_Driver/Src/stm32g4xx_hal_rcc_ex.o
 .ARM.attributes
                0x000005bf       0x34 ./Drivers/STM32G4xx_HAL_Driver/Src/stm32g4xx_hal_tim.o
 .ARM.attributes
                0x000005f3       0x34 ./Drivers/STM32G4xx_HAL_Driver/Src/stm32g4xx_hal_tim_ex.o
 .ARM.attributes
                0x00000627       0x34 C:/STM32/STM32CubeIDE_1.19.0/STM32CubeIDE/plugins/com.st.stm32cube.ide.mcu.externaltools.gnu-tools-for-stm32.13.3.rel1.win32_1.0.0.202411081344/tools/bin/../lib/gcc/arm-none-eabi/13.3.1/../../../../arm-none-eabi/lib/thumb/v7e-m+fp/hard\libc_nano.a(libc_a-memset.o)
 .ARM.attributes
                0x0000065b       0x34 C:/STM32/STM32CubeIDE_1.19.0/STM32CubeIDE/plugins/com.st.stm32cube.ide.mcu.externaltools.gnu-tools-for-stm32.13.3.rel1.win32_1.0.0.202411081344/tools/bin/../lib/gcc/arm-none-eabi/13.3.1/../../../../arm-none-eabi/lib/thumb/v7e-m+fp/hard\libc_nano.a(libc_a-init.o)
 .ARM.attributes
                0x0000068f       0x22 C:/STM32/STM32CubeIDE_1.19.0/STM32CubeIDE/plugins/com.st.stm32cube.ide.mcu.externaltools.gnu-tools-for-stm32.13.3.rel1.win32_1.0.0.202411081344/tools/bin/../lib/gcc/arm-none-eabi/13.3.1/thumb/v7e-m+fp/hard\libgcc.a(_arm_addsubdf3.o)
 .ARM.attributes
                0x000006b1       0x22 C:/STM32/STM32CubeIDE_1.19.0/STM32CubeIDE/plugins/com.st.stm32cube.ide.mcu.externaltools.gnu-tools-for-stm32.13.3.rel1.win32_1.0.0.202411081344/tools/bin/../lib/gcc/arm-none-eabi/13.3.1/thumb/v7e-m+fp/hard\libgcc.a(_arm_muldivdf3.o)
 .ARM.attributes
                0x000006d3       0x22 C:/STM32/STM32CubeIDE_1.19.0/STM32CubeIDE/plugins/com.st.stm32cube.ide.mcu.externaltools.gnu-tools-for-stm32.13.3.rel1.win32_1.0.0.202411081344/tools/bin/../lib/gcc/arm-none-eabi/13.3.1/thumb/v7e-m+fp/hard\libgcc.a(_arm_cmpdf2.o)
 .ARM.attributes
                0x000006f5       0x22 C:/STM32/STM32CubeIDE_1.19.0/STM32CubeIDE/plugins/com.st.stm32cube.ide.mcu.externaltools.gnu-tools-for-stm32.13.3.rel1.win32_1.0.0.202411081344/tools/bin/../lib/gcc/arm-none-eabi/13.3.1/thumb/v7e-m+fp/hard\libgcc.a(_arm_fixunsdfsi.o)
 .ARM.attributes
                0x00000717       0x22 C:/STM32/STM32CubeIDE_1.19.0/STM32CubeIDE/plugins/com.st.stm32cube.ide.mcu.externaltools.gnu-tools-for-stm32.13.3.rel1.win32_1.0.0.202411081344/tools/bin/../lib/gcc/arm-none-eabi/13.3.1/thumb/v7e-m+fp/hard\libgcc.a(_arm_truncdfsf2.o)
 .ARM.attributes
                0x00000739       0x22 C:/STM32/STM32CubeIDE_1.19.0/STM32CubeIDE/plugins/com.st.stm32cube.ide.mcu.externaltools.gnu-tools-for-stm32.13.3.rel1.win32_1.0.0.202411081344/tools/bin/../lib/gcc/arm-none-eabi/13.3.1/thumb/v7e-m+fp/hard/crtn.o
OUTPUT(KIMM_BaseCode.elf elf32-littlearm)
LOAD linker stubs
LOAD C:/STM32/STM32CubeIDE_1.19.0/STM32CubeIDE/plugins/com.st.stm32cube.ide.mcu.externaltools.gnu-tools-for-stm32.13.3.rel1.win32_1.0.0.202411081344/tools/bin/../lib/gcc/arm-none-eabi/13.3.1/../../../../arm-none-eabi/lib/thumb/v7e-m+fp/hard\libc.a
LOAD C:/STM32/STM32CubeIDE_1.19.0/STM32CubeIDE/plugins/com.st.stm32cube.ide.mcu.externaltools.gnu-tools-for-stm32.13.3.rel1.win32_1.0.0.202411081344/tools/bin/../lib/gcc/arm-none-eabi/13.3.1/../../../../arm-none-eabi/lib/thumb/v7e-m+fp/hard\libm.a
LOAD C:/STM32/STM32CubeIDE_1.19.0/STM32CubeIDE/plugins/com.st.stm32cube.ide.mcu.externaltools.gnu-tools-for-stm32.13.3.rel1.win32_1.0.0.202411081344/tools/bin/../lib/gcc/arm-none-eabi/13.3.1/thumb/v7e-m+fp/hard\libgcc.a

.debug_info     0x00000000    0x24994
 .debug_info    0x00000000     0x10ba ./Core/Src/Adc.o
 .debug_info    0x000010ba      0x867 ./Core/Src/CurrentContorl.o
 .debug_info    0x00001921      0xf7b ./Core/Src/Dac.o
 .debug_info    0x0000289c     0x1aeb ./Core/Src/GlobalVar.o
 .debug_info    0x00004387      0xed5 ./Core/Src/IntDAC.o
 .debug_info    0x0000525c     0x1849 ./Core/Src/MainControl.o
 .debug_info    0x00006aa5      0x83a ./Core/Src/PosControl.o
 .debug_info    0x000072df      0x7f7 ./Core/Src/SpeedControl.o
 .debug_info    0x00007ad6      0xf34 ./Core/Src/SpeedObserver.o
 .debug_info    0x00008a0a     0x354c ./Core/Src/main.o
 .debug_info    0x0000bf56     0x2b7c ./Core/Src/stm32g4xx_hal_msp.o
 .debug_info    0x0000ead2     0x12ff ./Core/Src/stm32g4xx_it.o
 .debug_info    0x0000fdd1      0x58e ./Core/Src/system_stm32g4xx.o
 .debug_info    0x0001035f       0x30 ./Core/Startup/startup_stm32g474retx.o
 .debug_info    0x0001038f      0xb95 ./Drivers/STM32G4xx_HAL_Driver/Src/stm32g4xx_hal.o
 .debug_info    0x00010f24     0x2063 ./Drivers/STM32G4xx_HAL_Driver/Src/stm32g4xx_hal_adc.o
 .debug_info    0x00012f87     0x1d80 ./Drivers/STM32G4xx_HAL_Driver/Src/stm32g4xx_hal_adc_ex.o
 .debug_info    0x00014d07      0xdf9 ./Drivers/STM32G4xx_HAL_Driver/Src/stm32g4xx_hal_cortex.o
 .debug_info    0x00015b00      0xcbc ./Drivers/STM32G4xx_HAL_Driver/Src/stm32g4xx_hal_dac.o
 .debug_info    0x000167bc      0x85f ./Drivers/STM32G4xx_HAL_Driver/Src/stm32g4xx_hal_dma.o
 .debug_info    0x0001701b     0x18bb ./Drivers/STM32G4xx_HAL_Driver/Src/stm32g4xx_hal_fdcan.o
 .debug_info    0x000188d6      0x763 ./Drivers/STM32G4xx_HAL_Driver/Src/stm32g4xx_hal_gpio.o
 .debug_info    0x00019039     0x3f23 ./Drivers/STM32G4xx_HAL_Driver/Src/stm32g4xx_hal_hrtim.o
 .debug_info    0x0001cf5c      0xeed ./Drivers/STM32G4xx_HAL_Driver/Src/stm32g4xx_hal_lptim.o
 .debug_info    0x0001de49      0x93f ./Drivers/STM32G4xx_HAL_Driver/Src/stm32g4xx_hal_pwr_ex.o
 .debug_info    0x0001e788      0xbe0 ./Drivers/STM32G4xx_HAL_Driver/Src/stm32g4xx_hal_rcc.o
 .debug_info    0x0001f368      0xc45 ./Drivers/STM32G4xx_HAL_Driver/Src/stm32g4xx_hal_rcc_ex.o
 .debug_info    0x0001ffad     0x2c52 ./Drivers/STM32G4xx_HAL_Driver/Src/stm32g4xx_hal_tim.o
 .debug_info    0x00022bff     0x1d95 ./Drivers/STM32G4xx_HAL_Driver/Src/stm32g4xx_hal_tim_ex.o

.debug_abbrev   0x00000000     0x3e04
 .debug_abbrev  0x00000000      0x1d2 ./Core/Src/Adc.o
 .debug_abbrev  0x000001d2      0x13e ./Core/Src/CurrentContorl.o
 .debug_abbrev  0x00000310      0x1e9 ./Core/Src/Dac.o
 .debug_abbrev  0x000004f9      0x27d ./Core/Src/GlobalVar.o
 .debug_abbrev  0x00000776      0x1d7 ./Core/Src/IntDAC.o
 .debug_abbrev  0x0000094d      0x29f ./Core/Src/MainControl.o
 .debug_abbrev  0x00000bec      0x122 ./Core/Src/PosControl.o
 .debug_abbrev  0x00000d0e      0x121 ./Core/Src/SpeedControl.o
 .debug_abbrev  0x00000e2f      0x20c ./Core/Src/SpeedObserver.o
 .debug_abbrev  0x0000103b      0x36d ./Core/Src/main.o
 .debug_abbrev  0x000013a8      0x29e ./Core/Src/stm32g4xx_hal_msp.o
 .debug_abbrev  0x00001646      0x1c6 ./Core/Src/stm32g4xx_it.o
 .debug_abbrev  0x0000180c      0x11a ./Core/Src/system_stm32g4xx.o
 .debug_abbrev  0x00001926       0x24 ./Core/Startup/startup_stm32g474retx.o
 .debug_abbrev  0x0000194a      0x271 ./Drivers/STM32G4xx_HAL_Driver/Src/stm32g4xx_hal.o
 .debug_abbrev  0x00001bbb      0x2d3 ./Drivers/STM32G4xx_HAL_Driver/Src/stm32g4xx_hal_adc.o
 .debug_abbrev  0x00001e8e      0x2ee ./Drivers/STM32G4xx_HAL_Driver/Src/stm32g4xx_hal_adc_ex.o
 .debug_abbrev  0x0000217c      0x31c ./Drivers/STM32G4xx_HAL_Driver/Src/stm32g4xx_hal_cortex.o
 .debug_abbrev  0x00002498      0x231 ./Drivers/STM32G4xx_HAL_Driver/Src/stm32g4xx_hal_dac.o
 .debug_abbrev  0x000026c9      0x1e2 ./Drivers/STM32G4xx_HAL_Driver/Src/stm32g4xx_hal_dma.o
 .debug_abbrev  0x000028ab      0x1e7 ./Drivers/STM32G4xx_HAL_Driver/Src/stm32g4xx_hal_fdcan.o
 .debug_abbrev  0x00002a92      0x1cb ./Drivers/STM32G4xx_HAL_Driver/Src/stm32g4xx_hal_gpio.o
 .debug_abbrev  0x00002c5d      0x285 ./Drivers/STM32G4xx_HAL_Driver/Src/stm32g4xx_hal_hrtim.o
 .debug_abbrev  0x00002ee2      0x269 ./Drivers/STM32G4xx_HAL_Driver/Src/stm32g4xx_hal_lptim.o
 .debug_abbrev  0x0000314b      0x22c ./Drivers/STM32G4xx_HAL_Driver/Src/stm32g4xx_hal_pwr_ex.o
 .debug_abbrev  0x00003377      0x2c9 ./Drivers/STM32G4xx_HAL_Driver/Src/stm32g4xx_hal_rcc.o
 .debug_abbrev  0x00003640      0x258 ./Drivers/STM32G4xx_HAL_Driver/Src/stm32g4xx_hal_rcc_ex.o
 .debug_abbrev  0x00003898      0x2a7 ./Drivers/STM32G4xx_HAL_Driver/Src/stm32g4xx_hal_tim.o
 .debug_abbrev  0x00003b3f      0x2c5 ./Drivers/STM32G4xx_HAL_Driver/Src/stm32g4xx_hal_tim_ex.o

.debug_aranges  0x00000000     0x1ce8
 .debug_aranges
                0x00000000       0x38 ./Core/Src/Adc.o
 .debug_aranges
                0x00000038       0x30 ./Core/Src/CurrentContorl.o
 .debug_aranges
                0x00000068       0x20 ./Core/Src/Dac.o
 .debug_aranges
                0x00000088       0x68 ./Core/Src/GlobalVar.o
 .debug_aranges
                0x000000f0       0x28 ./Core/Src/IntDAC.o
 .debug_aranges
                0x00000118       0x38 ./Core/Src/MainControl.o
 .debug_aranges
                0x00000150       0x38 ./Core/Src/PosControl.o
 .debug_aranges
                0x00000188       0x28 ./Core/Src/SpeedControl.o
 .debug_aranges
                0x000001b0       0x30 ./Core/Src/SpeedObserver.o
 .debug_aranges
                0x000001e0       0xb0 ./Core/Src/main.o
 .debug_aranges
                0x00000290       0xb0 ./Core/Src/stm32g4xx_hal_msp.o
 .debug_aranges
                0x00000340       0x80 ./Core/Src/stm32g4xx_it.o
 .debug_aranges
                0x000003c0       0x28 ./Core/Src/system_stm32g4xx.o
 .debug_aranges
                0x000003e8       0x28 ./Core/Startup/startup_stm32g474retx.o
 .debug_aranges
                0x00000410      0x148 ./Drivers/STM32G4xx_HAL_Driver/Src/stm32g4xx_hal.o
 .debug_aranges
                0x00000558      0x248 ./Drivers/STM32G4xx_HAL_Driver/Src/stm32g4xx_hal_adc.o
 .debug_aranges
                0x000007a0      0x1c0 ./Drivers/STM32G4xx_HAL_Driver/Src/stm32g4xx_hal_adc_ex.o
 .debug_aranges
                0x00000960      0x128 ./Drivers/STM32G4xx_HAL_Driver/Src/stm32g4xx_hal_cortex.o
 .debug_aranges
                0x00000a88       0xc0 ./Drivers/STM32G4xx_HAL_Driver/Src/stm32g4xx_hal_dac.o
 .debug_aranges
                0x00000b48       0x90 ./Drivers/STM32G4xx_HAL_Driver/Src/stm32g4xx_hal_dma.o
 .debug_aranges
                0x00000bd8      0x208 ./Drivers/STM32G4xx_HAL_Driver/Src/stm32g4xx_hal_fdcan.o
 .debug_aranges
                0x00000de0       0x58 ./Drivers/STM32G4xx_HAL_Driver/Src/stm32g4xx_hal_gpio.o
 .debug_aranges
                0x00000e38      0x4a0 ./Drivers/STM32G4xx_HAL_Driver/Src/stm32g4xx_hal_hrtim.o
 .debug_aranges
                0x000012d8      0x168 ./Drivers/STM32G4xx_HAL_Driver/Src/stm32g4xx_hal_lptim.o
 .debug_aranges
                0x00001440      0x140 ./Drivers/STM32G4xx_HAL_Driver/Src/stm32g4xx_hal_pwr_ex.o
 .debug_aranges
                0x00001580       0x98 ./Drivers/STM32G4xx_HAL_Driver/Src/stm32g4xx_hal_rcc.o
 .debug_aranges
                0x00001618       0xb0 ./Drivers/STM32G4xx_HAL_Driver/Src/stm32g4xx_hal_rcc_ex.o
 .debug_aranges
                0x000016c8      0x3e0 ./Drivers/STM32G4xx_HAL_Driver/Src/stm32g4xx_hal_tim.o
 .debug_aranges
                0x00001aa8      0x240 ./Drivers/STM32G4xx_HAL_Driver/Src/stm32g4xx_hal_tim_ex.o

.debug_rnglists
                0x00000000     0x1661
 .debug_rnglists
                0x00000000       0x27 ./Core/Src/Adc.o
 .debug_rnglists
                0x00000027       0x21 ./Core/Src/CurrentContorl.o
 .debug_rnglists
                0x00000048       0x14 ./Core/Src/Dac.o
 .debug_rnglists
                0x0000005c       0x4c ./Core/Src/GlobalVar.o
 .debug_rnglists
                0x000000a8       0x1a ./Core/Src/IntDAC.o
 .debug_rnglists
                0x000000c2       0x28 ./Core/Src/MainControl.o
 .debug_rnglists
                0x000000ea       0x29 ./Core/Src/PosControl.o
 .debug_rnglists
                0x00000113       0x1b ./Core/Src/SpeedControl.o
 .debug_rnglists
                0x0000012e       0x21 ./Core/Src/SpeedObserver.o
 .debug_rnglists
                0x0000014f       0x8d ./Core/Src/main.o
 .debug_rnglists
                0x000001dc       0x87 ./Core/Src/stm32g4xx_hal_msp.o
 .debug_rnglists
                0x00000263       0x5b ./Core/Src/stm32g4xx_it.o
 .debug_rnglists
                0x000002be       0x1a ./Core/Src/system_stm32g4xx.o
 .debug_rnglists
                0x000002d8       0x19 ./Core/Startup/startup_stm32g474retx.o
 .debug_rnglists
                0x000002f1       0xf1 ./Drivers/STM32G4xx_HAL_Driver/Src/stm32g4xx_hal.o
 .debug_rnglists
                0x000003e2      0x1c0 ./Drivers/STM32G4xx_HAL_Driver/Src/stm32g4xx_hal_adc.o
 .debug_rnglists
                0x000005a2      0x15a ./Drivers/STM32G4xx_HAL_Driver/Src/stm32g4xx_hal_adc_ex.o
 .debug_rnglists
                0x000006fc       0xda ./Drivers/STM32G4xx_HAL_Driver/Src/stm32g4xx_hal_cortex.o
 .debug_rnglists
                0x000007d6       0x90 ./Drivers/STM32G4xx_HAL_Driver/Src/stm32g4xx_hal_dac.o
 .debug_rnglists
                0x00000866       0x71 ./Drivers/STM32G4xx_HAL_Driver/Src/stm32g4xx_hal_dma.o
 .debug_rnglists
                0x000008d7      0x18d ./Drivers/STM32G4xx_HAL_Driver/Src/stm32g4xx_hal_fdcan.o
 .debug_rnglists
                0x00000a64       0x3f ./Drivers/STM32G4xx_HAL_Driver/Src/stm32g4xx_hal_gpio.o
 .debug_rnglists
                0x00000aa3      0x3c3 ./Drivers/STM32G4xx_HAL_Driver/Src/stm32g4xx_hal_hrtim.o
 .debug_rnglists
                0x00000e66      0x11b ./Drivers/STM32G4xx_HAL_Driver/Src/stm32g4xx_hal_lptim.o
 .debug_rnglists
                0x00000f81       0xf1 ./Drivers/STM32G4xx_HAL_Driver/Src/stm32g4xx_hal_pwr_ex.o
 .debug_rnglists
                0x00001072       0x74 ./Drivers/STM32G4xx_HAL_Driver/Src/stm32g4xx_hal_rcc.o
 .debug_rnglists
                0x000010e6       0x87 ./Drivers/STM32G4xx_HAL_Driver/Src/stm32g4xx_hal_rcc_ex.o
 .debug_rnglists
                0x0000116d      0x328 ./Drivers/STM32G4xx_HAL_Driver/Src/stm32g4xx_hal_tim.o
 .debug_rnglists
                0x00001495      0x1cc ./Drivers/STM32G4xx_HAL_Driver/Src/stm32g4xx_hal_tim_ex.o

.debug_macro    0x00000000    0x2cb69
 .debug_macro   0x00000000      0x268 ./Core/Src/Adc.o
 .debug_macro   0x00000268      0xad8 ./Core/Src/Adc.o
 .debug_macro   0x00000d40      0x173 ./Core/Src/Adc.o
 .debug_macro   0x00000eb3       0x2e ./Core/Src/Adc.o
 .debug_macro   0x00000ee1       0x28 ./Core/Src/Adc.o
 .debug_macro   0x00000f09       0x22 ./Core/Src/Adc.o
 .debug_macro   0x00000f2b       0x8e ./Core/Src/Adc.o
 .debug_macro   0x00000fb9       0x51 ./Core/Src/Adc.o
 .debug_macro   0x0000100a      0x103 ./Core/Src/Adc.o
 .debug_macro   0x0000110d       0x6a ./Core/Src/Adc.o
 .debug_macro   0x00001177      0x1df ./Core/Src/Adc.o
 .debug_macro   0x00001356       0x1c ./Core/Src/Adc.o
 .debug_macro   0x00001372       0x22 ./Core/Src/Adc.o
 .debug_macro   0x00001394       0xfb ./Core/Src/Adc.o
 .debug_macro   0x0000148f     0x1011 ./Core/Src/Adc.o
 .debug_macro   0x000024a0      0x11f ./Core/Src/Adc.o
 .debug_macro   0x000025bf    0x18b8c ./Core/Src/Adc.o
 .debug_macro   0x0001b14b       0x6d ./Core/Src/Adc.o
 .debug_macro   0x0001b1b8     0x3558 ./Core/Src/Adc.o
 .debug_macro   0x0001e710      0x190 ./Core/Src/Adc.o
 .debug_macro   0x0001e8a0       0x5c ./Core/Src/Adc.o
 .debug_macro   0x0001e8fc     0x171f ./Core/Src/Adc.o
 .debug_macro   0x0002001b      0x600 ./Core/Src/Adc.o
 .debug_macro   0x0002061b      0x1b6 ./Core/Src/Adc.o
 .debug_macro   0x000207d1      0x34a ./Core/Src/Adc.o
 .debug_macro   0x00020b1b      0x53c ./Core/Src/Adc.o
 .debug_macro   0x00021057      0x18b ./Core/Src/Adc.o
 .debug_macro   0x000211e2       0x43 ./Core/Src/Adc.o
 .debug_macro   0x00021225      0x23d ./Core/Src/Adc.o
 .debug_macro   0x00021462     0x1112 ./Core/Src/Adc.o
 .debug_macro   0x00022574      0x72e ./Core/Src/Adc.o
 .debug_macro   0x00022ca2      0x391 ./Core/Src/Adc.o
 .debug_macro   0x00023033      0x209 ./Core/Src/Adc.o
 .debug_macro   0x0002323c      0x107 ./Core/Src/Adc.o
 .debug_macro   0x00023343      0x211 ./Core/Src/Adc.o
 .debug_macro   0x00023554      0x6bd ./Core/Src/Adc.o
 .debug_macro   0x00023c11      0x45c ./Core/Src/Adc.o
 .debug_macro   0x0002406d      0x11c ./Core/Src/Adc.o
 .debug_macro   0x00024189     0x20a8 ./Core/Src/Adc.o
 .debug_macro   0x00026231      0x2d3 ./Core/Src/Adc.o
 .debug_macro   0x00026504      0x122 ./Core/Src/Adc.o
 .debug_macro   0x00026626      0x3d1 ./Core/Src/Adc.o
 .debug_macro   0x000269f7      0xc0b ./Core/Src/Adc.o
 .debug_macro   0x00027602      0x718 ./Core/Src/Adc.o
 .debug_macro   0x00027d1a      0x358 ./Core/Src/Adc.o
 .debug_macro   0x00028072       0x64 ./Core/Src/Adc.o
 .debug_macro   0x000280d6       0x34 ./Core/Src/Adc.o
 .debug_macro   0x0002810a       0x1c ./Core/Src/Adc.o
 .debug_macro   0x00028126       0xe8 ./Core/Src/Adc.o
 .debug_macro   0x0002820e       0x10 ./Core/Src/Adc.o
 .debug_macro   0x0002821e       0x52 ./Core/Src/Adc.o
 .debug_macro   0x00028270       0x10 ./Core/Src/Adc.o
 .debug_macro   0x00028280      0x270 ./Core/Src/CurrentContorl.o
 .debug_macro   0x000284f0       0x64 ./Core/Src/CurrentContorl.o
 .debug_macro   0x00028554      0x276 ./Core/Src/Dac.o
 .debug_macro   0x000287ca       0x5e ./Core/Src/Dac.o
 .debug_macro   0x00028828      0x26e ./Core/Src/GlobalVar.o
 .debug_macro   0x00028a96      0x277 ./Core/Src/IntDAC.o
 .debug_macro   0x00028d0d       0x5e ./Core/Src/IntDAC.o
 .debug_macro   0x00028d6b       0x1c ./Core/Src/IntDAC.o
 .debug_macro   0x00028d87      0x27b ./Core/Src/MainControl.o
 .debug_macro   0x00029002      0x26c ./Core/Src/PosControl.o
 .debug_macro   0x0002926e      0x31d ./Core/Src/SpeedControl.o
 .debug_macro   0x0002958b       0x61 ./Core/Src/SpeedControl.o
 .debug_macro   0x000295ec       0x2a ./Core/Src/SpeedControl.o
 .debug_macro   0x00029616       0x43 ./Core/Src/SpeedControl.o
 .debug_macro   0x00029659       0x34 ./Core/Src/SpeedControl.o
 .debug_macro   0x0002968d      0x370 ./Core/Src/SpeedControl.o
 .debug_macro   0x000299fd       0x16 ./Core/Src/SpeedControl.o
 .debug_macro   0x00029a13       0x4a ./Core/Src/SpeedControl.o
 .debug_macro   0x00029a5d       0x34 ./Core/Src/SpeedControl.o
 .debug_macro   0x00029a91       0x10 ./Core/Src/SpeedControl.o
 .debug_macro   0x00029aa1       0x58 ./Core/Src/SpeedControl.o
 .debug_macro   0x00029af9       0x8e ./Core/Src/SpeedControl.o
 .debug_macro   0x00029b87       0x1c ./Core/Src/SpeedControl.o
 .debug_macro   0x00029ba3      0x185 ./Core/Src/SpeedControl.o
 .debug_macro   0x00029d28      0x19b ./Core/Src/SpeedControl.o
 .debug_macro   0x00029ec3      0x26c ./Core/Src/SpeedObserver.o
 .debug_macro   0x0002a12f      0x23a ./Core/Src/main.o
 .debug_macro   0x0002a369      0x21f ./Core/Src/stm32g4xx_hal_msp.o
 .debug_macro   0x0002a588      0x282 ./Core/Src/stm32g4xx_it.o
 .debug_macro   0x0002a80a      0x20f ./Core/Src/system_stm32g4xx.o
 .debug_macro   0x0002aa19      0x25d ./Drivers/STM32G4xx_HAL_Driver/Src/stm32g4xx_hal.o
 .debug_macro   0x0002ac76      0x22c ./Drivers/STM32G4xx_HAL_Driver/Src/stm32g4xx_hal_adc.o
 .debug_macro   0x0002aea2      0x21b ./Drivers/STM32G4xx_HAL_Driver/Src/stm32g4xx_hal_adc_ex.o
 .debug_macro   0x0002b0bd      0x20f ./Drivers/STM32G4xx_HAL_Driver/Src/stm32g4xx_hal_cortex.o
 .debug_macro   0x0002b2cc      0x225 ./Drivers/STM32G4xx_HAL_Driver/Src/stm32g4xx_hal_dac.o
 .debug_macro   0x0002b4f1      0x20f ./Drivers/STM32G4xx_HAL_Driver/Src/stm32g4xx_hal_dma.o
 .debug_macro   0x0002b700      0x321 ./Drivers/STM32G4xx_HAL_Driver/Src/stm32g4xx_hal_fdcan.o
 .debug_macro   0x0002ba21      0x216 ./Drivers/STM32G4xx_HAL_Driver/Src/stm32g4xx_hal_gpio.o
 .debug_macro   0x0002bc37      0x22c ./Drivers/STM32G4xx_HAL_Driver/Src/stm32g4xx_hal_hrtim.o
 .debug_macro   0x0002be63      0x217 ./Drivers/STM32G4xx_HAL_Driver/Src/stm32g4xx_hal_lptim.o
 .debug_macro   0x0002c07a      0x239 ./Drivers/STM32G4xx_HAL_Driver/Src/stm32g4xx_hal_pwr_ex.o
 .debug_macro   0x0002c2b3      0x251 ./Drivers/STM32G4xx_HAL_Driver/Src/stm32g4xx_hal_rcc.o
 .debug_macro   0x0002c504      0x239 ./Drivers/STM32G4xx_HAL_Driver/Src/stm32g4xx_hal_rcc_ex.o
 .debug_macro   0x0002c73d      0x217 ./Drivers/STM32G4xx_HAL_Driver/Src/stm32g4xx_hal_tim.o
 .debug_macro   0x0002c954      0x215 ./Drivers/STM32G4xx_HAL_Driver/Src/stm32g4xx_hal_tim_ex.o

.debug_line     0x00000000    0x21552
 .debug_line    0x00000000      0x9dc ./Core/Src/Adc.o
 .debug_line    0x000009dc      0x993 ./Core/Src/CurrentContorl.o
 .debug_line    0x0000136f      0x9f8 ./Core/Src/Dac.o
 .debug_line    0x00001d67      0x9c2 ./Core/Src/GlobalVar.o
 .debug_line    0x00002729      0x941 ./Core/Src/IntDAC.o
 .debug_line    0x0000306a      0xb7b ./Core/Src/MainControl.o
 .debug_line    0x00003be5      0xd39 ./Core/Src/PosControl.o
 .debug_line    0x0000491e      0xa93 ./Core/Src/SpeedControl.o
 .debug_line    0x000053b1      0x9c9 ./Core/Src/SpeedObserver.o
 .debug_line    0x00005d7a     0x12af ./Core/Src/main.o
 .debug_line    0x00007029      0xd00 ./Core/Src/stm32g4xx_hal_msp.o
 .debug_line    0x00007d29      0x9a2 ./Core/Src/stm32g4xx_it.o
 .debug_line    0x000086cb      0x86a ./Core/Src/system_stm32g4xx.o
 .debug_line    0x00008f35       0x7b ./Core/Startup/startup_stm32g474retx.o
 .debug_line    0x00008fb0      0xc36 ./Drivers/STM32G4xx_HAL_Driver/Src/stm32g4xx_hal.o
 .debug_line    0x00009be6     0x2305 ./Drivers/STM32G4xx_HAL_Driver/Src/stm32g4xx_hal_adc.o