Archive member included to satisfy reference by file (symbol)

C:/ST/STM32CubeIDE_1.19.0/STM32CubeIDE/plugins/com.st.stm32cube.ide.mcu.externaltools.gnu-tools-for-stm32.13.3.rel1.win32_1.0.0.202411081344/tools/bin/../lib/gcc/arm-none-eabi/13.3.1/../../../../arm-none-eabi/lib/thumb/v7e-m+fp/hard\libc_nano.a(libc_a-exit.o)
                              C:/ST/STM32CubeIDE_1.19.0/STM32CubeIDE/plugins/com.st.stm32cube.ide.mcu.externaltools.gnu-tools-for-stm32.13.3.rel1.win32_1.0.0.202411081344/tools/bin/../lib/gcc/arm-none-eabi/13.3.1/../../../../arm-none-eabi/lib/thumb/v7e-m+fp/hard/crt0.o (exit)
C:/ST/STM32CubeIDE_1.19.0/STM32CubeIDE/plugins/com.st.stm32cube.ide.mcu.externaltools.gnu-tools-for-stm32.13.3.rel1.win32_1.0.0.202411081344/tools/bin/../lib/gcc/arm-none-eabi/13.3.1/../../../../arm-none-eabi/lib/thumb/v7e-m+fp/hard\libc_nano.a(libc_a-findfp.o)
                              C:/ST/STM32CubeIDE_1.19.0/STM32CubeIDE/plugins/com.st.stm32cube.ide.mcu.externaltools.gnu-tools-for-stm32.13.3.rel1.win32_1.0.0.202411081344/tools/bin/../lib/gcc/arm-none-eabi/13.3.1/../../../../arm-none-eabi/lib/thumb/v7e-m+fp/hard\libc_nano.a(libc_a-exit.o) (__stdio_exit_handler)
C:/ST/STM32CubeIDE_1.19.0/STM32CubeIDE/plugins/com.st.stm32cube.ide.mcu.externaltools.gnu-tools-for-stm32.13.3.rel1.win32_1.0.0.202411081344/tools/bin/../lib/gcc/arm-none-eabi/13.3.1/../../../../arm-none-eabi/lib/thumb/v7e-m+fp/hard\libc_nano.a(libc_a-fwalk.o)
                              C:/ST/STM32CubeIDE_1.19.0/STM32CubeIDE/plugins/com.st.stm32cube.ide.mcu.externaltools.gnu-tools-for-stm32.13.3.rel1.win32_1.0.0.202411081344/tools/bin/../lib/gcc/arm-none-eabi/13.3.1/../../../../arm-none-eabi/lib/thumb/v7e-m+fp/hard\libc_nano.a(libc_a-findfp.o) (_fwalk_sglue)
C:/ST/STM32CubeIDE_1.19.0/STM32CubeIDE/plugins/com.st.stm32cube.ide.mcu.externaltools.gnu-tools-for-stm32.13.3.rel1.win32_1.0.0.202411081344/tools/bin/../lib/gcc/arm-none-eabi/13.3.1/../../../../arm-none-eabi/lib/thumb/v7e-m+fp/hard\libc_nano.a(libc_a-stdio.o)
                              C:/ST/STM32CubeIDE_1.19.0/STM32CubeIDE/plugins/com.st.stm32cube.ide.mcu.externaltools.gnu-tools-for-stm32.13.3.rel1.win32_1.0.0.202411081344/tools/bin/../lib/gcc/arm-none-eabi/13.3.1/../../../../arm-none-eabi/lib/thumb/v7e-m+fp/hard\libc_nano.a(libc_a-findfp.o) (__sread)
C:/ST/STM32CubeIDE_1.19.0/STM32CubeIDE/plugins/com.st.stm32cube.ide.mcu.externaltools.gnu-tools-for-stm32.13.3.rel1.win32_1.0.0.202411081344/tools/bin/../lib/gcc/arm-none-eabi/13.3.1/../../../../arm-none-eabi/lib/thumb/v7e-m+fp/hard\libc_nano.a(libc_a-memset.o)
                              C:/ST/STM32CubeIDE_1.19.0/STM32CubeIDE/plugins/com.st.stm32cube.ide.mcu.externaltools.gnu-tools-for-stm32.13.3.rel1.win32_1.0.0.202411081344/tools/bin/../lib/gcc/arm-none-eabi/13.3.1/../../../../arm-none-eabi/lib/thumb/v7e-m+fp/hard/crt0.o (memset)
C:/ST/STM32CubeIDE_1.19.0/STM32CubeIDE/plugins/com.st.stm32cube.ide.mcu.externaltools.gnu-tools-for-stm32.13.3.rel1.win32_1.0.0.202411081344/tools/bin/../lib/gcc/arm-none-eabi/13.3.1/../../../../arm-none-eabi/lib/thumb/v7e-m+fp/hard\libc_nano.a(libc_a-closer.o)
                              C:/ST/STM32CubeIDE_1.19.0/STM32CubeIDE/plugins/com.st.stm32cube.ide.mcu.externaltools.gnu-tools-for-stm32.13.3.rel1.win32_1.0.0.202411081344/tools/bin/../lib/gcc/arm-none-eabi/13.3.1/../../../../arm-none-eabi/lib/thumb/v7e-m+fp/hard\libc_nano.a(libc_a-stdio.o) (_close_r)
C:/ST/STM32CubeIDE_1.19.0/STM32CubeIDE/plugins/com.st.stm32cube.ide.mcu.externaltools.gnu-tools-for-stm32.13.3.rel1.win32_1.0.0.202411081344/tools/bin/../lib/gcc/arm-none-eabi/13.3.1/../../../../arm-none-eabi/lib/thumb/v7e-m+fp/hard\libc_nano.a(libc_a-reent.o)
                              C:/ST/STM32CubeIDE_1.19.0/STM32CubeIDE/plugins/com.st.stm32cube.ide.mcu.externaltools.gnu-tools-for-stm32.13.3.rel1.win32_1.0.0.202411081344/tools/bin/../lib/gcc/arm-none-eabi/13.3.1/../../../../arm-none-eabi/lib/thumb/v7e-m+fp/hard\libc_nano.a(libc_a-closer.o) (errno)
C:/ST/STM32CubeIDE_1.19.0/STM32CubeIDE/plugins/com.st.stm32cube.ide.mcu.externaltools.gnu-tools-for-stm32.13.3.rel1.win32_1.0.0.202411081344/tools/bin/../lib/gcc/arm-none-eabi/13.3.1/../../../../arm-none-eabi/lib/thumb/v7e-m+fp/hard\libc_nano.a(libc_a-impure.o)
                              C:/ST/STM32CubeIDE_1.19.0/STM32CubeIDE/plugins/com.st.stm32cube.ide.mcu.externaltools.gnu-tools-for-stm32.13.3.rel1.win32_1.0.0.202411081344/tools/bin/../lib/gcc/arm-none-eabi/13.3.1/../../../../arm-none-eabi/lib/thumb/v7e-m+fp/hard\libc_nano.a(libc_a-reent.o) (_impure_ptr)
C:/ST/STM32CubeIDE_1.19.0/STM32CubeIDE/plugins/com.st.stm32cube.ide.mcu.externaltools.gnu-tools-for-stm32.13.3.rel1.win32_1.0.0.202411081344/tools/bin/../lib/gcc/arm-none-eabi/13.3.1/../../../../arm-none-eabi/lib/thumb/v7e-m+fp/hard\libc_nano.a(libc_a-lseekr.o)
[...]
Memory Configuration

Name             Origin             Length             Attributes
RAM              0x20000000         0x00020000         xrw
FLASH            0x08000000         0x00080000         xr
*default*        0x00000000         0xffffffff

Linker script and memory map

LOAD C:/ST/STM32CubeIDE_1.19.0/STM32CubeIDE/plugins/com.st.stm32cube.ide.mcu.externaltools.gnu-tools-for-stm32.13.3.rel1.win32_1.0.0.202411081344/tools/bin/../lib/gcc/arm-none-eabi/13.3.1/thumb/v7e-m+fp/hard/crti.o
LOAD C:/ST/STM32CubeIDE_1.19.0/STM32CubeIDE/plugins/com.st.stm32cube.ide.mcu.externaltools.gnu-tools-for-stm32.13.3.rel1.win32_1.0.0.202411081344/tools/bin/../lib/gcc/arm-none-eabi/13.3.1/thumb/v7e-m+fp/hard/crtbegin.o
LOAD C:/ST/STM32CubeIDE_1.19.0/STM32CubeIDE/plugins/com.st.stm32cube.ide.mcu.externaltools.gnu-tools-for-stm32.13.3.rel1.win32_1.0.0.202411081344/tools/bin/../lib/gcc/arm-none-eabi/13.3.1/../../../../arm-none-eabi/lib/thumb/v7e-m+fp/hard/crt0.o
LOAD ./Core/Src/adc.o
LOAD ./Core/Src/control.o
LOAD ./Core/Src/fault.o
LOAD ./Core/Src/flag.o
LOAD ./Core/Src/gpio.o
LOAD ./Core/Src/inv.o
LOAD ./Core/Src/main.o
LOAD ./Core/Src/speed_observer.o
LOAD ./Core/Src/stm32g4xx_hal_msp.o
LOAD ./Core/Src/stm32g4xx_it.o
LOAD ./Core/Src/syscalls.o
LOAD ./Core/Src/sysmem.o
LOAD ./Core/Src/system_stm32g4xx.o
LOAD ./Core/Src/tim.o
LOAD ./Core/Src/variable.o
LOAD ./Core/Startup/startup_stm32g474retx.o
LOAD ./Drivers/STM32G4xx_HAL_Driver/Src/stm32g4xx_hal.o
LOAD ./Drivers/STM32G4xx_HAL_Driver/Src/stm32g4xx_hal_adc.o
LOAD ./Drivers/STM32G4xx_HAL_Driver/Src/stm32g4xx_hal_adc_ex.o
LOAD ./Drivers/STM32G4xx_HAL_Driver/Src/stm32g4xx_hal_cortex.o
LOAD ./Drivers/STM32G4xx_HAL_Driver/Src/stm32g4xx_hal_dma.o
LOAD ./Drivers/STM32G4xx_HAL_Driver/Src/stm32g4xx_hal_dma_ex.o
LOAD ./Drivers/STM32G4xx_HAL_Driver/Src/stm32g4xx_hal_exti.o
LOAD ./Drivers/STM32G4xx_HAL_Driver/Src/stm32g4xx_hal_flash.o
LOAD ./Drivers/STM32G4xx_HAL_Driver/Src/stm32g4xx_hal_flash_ex.o
LOAD ./Drivers/STM32G4xx_HAL_Driver/Src/stm32g4xx_hal_flash_ramfunc.o
LOAD ./Drivers/STM32G4xx_HAL_Driver/Src/stm32g4xx_hal_gpio.o
LOAD ./Drivers/STM32G4xx_HAL_Driver/Src/stm32g4xx_hal_pwr.o
LOAD ./Drivers/STM32G4xx_HAL_Driver/Src/stm32g4xx_hal_pwr_ex.o
LOAD ./Drivers/STM32G4xx_HAL_Driver/Src/stm32g4xx_hal_rcc.o
LOAD ./Drivers/STM32G4xx_HAL_Driver/Src/stm32g4xx_hal_rcc_ex.o
LOAD ./Drivers/STM32G4xx_HAL_Driver/Src/stm32g4xx_hal_tim.o
LOAD ./Drivers/STM32G4xx_HAL_Driver/Src/stm32g4xx_hal_tim_ex.o
LOAD ./Drivers/STM32G4xx_HAL_Driver/Src/stm32g4xx_ll_adc.o
START GROUP
LOAD C:/ST/STM32CubeIDE_1.19.0/STM32CubeIDE/plugins/com.st.stm32cube.ide.mcu.externaltools.gnu-tools-for-stm32.13.3.rel1.win32_1.0.0.202411081344/tools/bin/../lib/gcc/arm-none-eabi/13.3.1/../../../../arm-none-eabi/lib/thumb/v7e-m+fp/hard\libc_nano.a
LOAD C:/ST/STM32CubeIDE_1.19.0/STM32CubeIDE/plugins/com.st.stm32cube.ide.mcu.externaltools.gnu-tools-for-stm32.13.3.rel1.win32_1.0.0.202411081344/tools/bin/../lib/gcc/arm-none-eabi/13.3.1/../../../../arm-none-eabi/lib/thumb/v7e-m+fp/hard\libm.a
END GROUP
START GROUP
LOAD C:/ST/STM32CubeIDE_1.19.0/STM32CubeIDE/plugins/com.st.stm32cube.ide.mcu.externaltools.gnu-tools-for-stm32.13.3.rel1.win32_1.0.0.202411081344/tools/bin/../lib/gcc/arm-none-eabi/13.3.1/thumb/v7e-m+fp/hard\libgcc.a
LOAD C:/ST/STM32CubeIDE_1.19.0/STM32CubeIDE/plugins/com.st.stm32cube.ide.mcu.externaltools.gnu-tools-for-stm32.13.3.rel1.win32_1.0.0.202411081344/tools/bin/../lib/gcc/arm-none-eabi/13.3.1/../../../../arm-none-eabi/lib/thumb/v7e-m+fp/hard\libc_nano.a
END GROUP
START GROUP
LOAD C:/ST/STM32CubeIDE_1.19.0/STM32CubeIDE/plugins/com.st.stm32cube.ide.mcu.externaltools.gnu-tools-for-stm32.13.3.rel1.win32_1.0.0.202411081344/tools/bin/../lib/gcc/arm-none-eabi/13.3.1/thumb/v7e-m+fp/hard\libgcc.a
LOAD C:/ST/STM32CubeIDE_1.19.0/STM32CubeIDE/plugins/com.st.stm32cube.ide.mcu.externaltools.gnu-tools-for-stm32.13.3.rel1.win32_1.0.0.202411081344/tools/bin/../lib/gcc/arm-none-eabi/13.3.1/../../../../arm-none-eabi/lib/thumb/v7e-m+fp/hard\libc_nano.a
LOAD C:/ST/STM32CubeIDE_1.19.0/STM32CubeIDE/plugins/com.st.stm32cube.ide.mcu.externaltools.gnu-tools-for-stm32.13.3.rel1.win32_1.0.0.202411081344/tools/bin/../lib/gcc/arm-none-eabi/13.3.1/../../../../arm-none-eabi/lib/thumb/v7e-m+fp/hard\libnosys.a
END GROUP
START GROUP
LOAD C:/ST/STM32CubeIDE_1.19.0/STM32CubeIDE/plugins/com.st.stm32cube.ide.mcu.externaltools.gnu-tools-for-stm32.13.3.rel1.win32_1.0.0.202411081344/tools/bin/../lib/gcc/arm-none-eabi/13.3.1/thumb/v7e-m+fp/hard\libgcc.a
LOAD C:/ST/STM32CubeIDE_1.19.0/STM32CubeIDE/plugins/com.st.stm32cube.ide.mcu.externaltools.gnu-tools-for-stm32.13.3.rel1.win32_1.0.0.202411081344/tools/bin/../lib/gcc/arm-none-eabi/13.3.1/../../../../arm-none-eabi/lib/thumb/v7e-m+fp/hard\libc_nano.a
LOAD C:/ST/STM32CubeIDE_1.19.0/STM32CubeIDE/plugins/com.st.stm32cube.ide.mcu.externaltools.gnu-tools-for-stm32.13.3.rel1.win32_1.0.0.202411081344/tools/bin/../lib/gcc/arm-none-eabi/13.3.1/../../../../arm-none-eabi/lib/thumb/v7e-m+fp/hard\libnosys.a
END GROUP
LOAD C:/ST/STM32CubeIDE_1.19.0/STM32CubeIDE/plugins/com.st.stm32cube.ide.mcu.externaltools.gnu-tools-for-stm32.13.3.rel1.win32_1.0.0.202411081344/tools/bin/../lib/gcc/arm-none-eabi/13.3.1/thumb/v7e-m+fp/hard/crtend.o
LOAD C:/ST/STM32CubeIDE_1.19.0/STM32CubeIDE/plugins/com.st.stm32cube.ide.mcu.externaltools.gnu-tools-for-stm32.13.3.rel1.win32_1.0.0.202411081344/tools/bin/../lib/gcc/arm-none-eabi/13.3.1/thumb/v7e-m+fp/hard/crtn.o
                0x20020000                        _estack = (ORIGIN (RAM) + LENGTH (RAM))
                0x00000200                        _Min_Heap_Size = 0x200
                0x00000400                        _Min_Stack_Size = 0x400

.isr_vector     0x08000000      0x1d8
                0x08000000                        . = ALIGN (0x4)
 *(.isr_vector)
 .isr_vector    0x08000000      0x1d8 ./Core/Startup/startup_stm32g474retx.o
                0x08000000                g_pfnVectors
                0x080001d8                        . = ALIGN (0x4)

.text           0x080001d8     0xd8f0
                0x080001d8                        . = ALIGN (0x4)
 *(.text)
 .text          0x080001d8       0x40 C:/ST/STM32CubeIDE_1.19.0/STM32CubeIDE/plugins/com.st.stm32cube.ide.mcu.externaltools.gnu-tools-for-stm32.13.3.rel1.win32_1.0.0.202411081344/tools/bin/../lib/gcc/arm-none-eabi/13.3.1/thumb/v7e-m+fp/hard/crtbegin.o
 .text          0x08000218      0x378 C:/ST/STM32CubeIDE_1.19.0/STM32CubeIDE/plugins/com.st.stm32cube.ide.mcu.externaltools.gnu-tools-for-stm32.13.3.rel1.win32_1.0.0.202411081344/tools/bin/../lib/gcc/arm-none-eabi/13.3.1/thumb/v7e-m+fp/hard\libgcc.a(_arm_addsubdf3.o)
                0x08000218                __aeabi_drsub
                0x08000220                __aeabi_dsub
                0x08000220                __subdf3
                0x08000224                __aeabi_dadd
                0x08000224                __adddf3
                0x0800049c                __floatunsidf
                0x0800049c                __aeabi_ui2d
                0x080004bc                __floatsidf
                0x080004bc                __aeabi_i2d
                0x080004e0                __aeabi_f2d
                0x080004e0                __extendsfdf2
                0x08000524                __floatundidf
                0x08000524                __aeabi_ul2d
                0x08000534                __floatdidf
                0x08000534                __aeabi_l2d
 .text          0x08000590      0x424 C:/ST/STM32CubeIDE_1.19.0/STM32CubeIDE/plugins/com.st.stm32cube.ide.mcu.externaltools.gnu-tools-for-stm32.13.3.rel1.win32_1.0.0.202411081344/tools/bin/../lib/gcc/arm-none-eabi/13.3.1/thumb/v7e-m+fp/hard\libgcc.a(_arm_muldivdf3.o)
                0x08000590                __aeabi_dmul
                0x08000590                __muldf3
                0x080007e4                __divdf3
                0x080007e4                __aeabi_ddiv
 .text          0x080009b4      0x110 C:/ST/STM32CubeIDE_1.19.0/STM32CubeIDE/plugins/com.st.stm32cube.ide.mcu.externaltools.gnu-tools-for-stm32.13.3.rel1.win32_1.0.0.202411081344/tools/bin/../lib/gcc/arm-none-eabi/13.3.1/thumb/v7e-m+fp/hard\libgcc.a(_arm_cmpdf2.o)
                0x080009b4                __gtdf2
                0x080009b4                __gedf2
                0x080009bc                __ltdf2
                0x080009bc                __ledf2
                0x080009c4                __nedf2
                0x080009c4                __eqdf2
                0x080009c4                __cmpdf2
                0x08000a40                __aeabi_cdrcmple
                0x08000a50                __aeabi_cdcmpeq
                0x08000a50                __aeabi_cdcmple
                0x08000a60                __aeabi_dcmpeq
                0x08000a74                __aeabi_dcmplt
                0x08000a88                __aeabi_dcmple
                0x08000a9c                __aeabi_dcmpge
                0x08000ab0                __aeabi_dcmpgt
 .text          0x08000ac4       0x50 C:/ST/STM32CubeIDE_1.19.0/STM32CubeIDE/plugins/com.st.stm32cube.ide.mcu.externaltools.gnu-tools-for-stm32.13.3.rel1.win32_1.0.0.202411081344/tools/bin/../lib/gcc/arm-none-eabi/13.3.1/thumb/v7e-m+fp/hard\libgcc.a(_arm_fixdfsi.o)
                0x08000ac4                __aeabi_d2iz
                0x08000ac4                __fixdfsi
 .text          0x08000b14       0xa0 C:/ST/STM32CubeIDE_1.19.0/STM32CubeIDE/plugins/com.st.stm32cube.ide.mcu.externaltools.gnu-tools-for-stm32.13.3.rel1.win32_1.0.0.202411081344/tools/bin/../lib/gcc/arm-none-eabi/13.3.1/thumb/v7e-m+fp/hard\libgcc.a(_arm_truncdfsf2.o)
                0x08000b14                __truncdfsf2
                0x08000b14                __aeabi_d2f
 *(.text*)
 .text.MX_ADC1_Init
                0x08000bb4      0x1b8 ./Core/Src/adc.o
                0x08000bb4                MX_ADC1_Init
 .text.HAL_ADC_MspInit
                0x08000d6c       0xb8 ./Core/Src/adc.o
                0x08000d6c                HAL_ADC_MspInit
 .text.AdcProcess
                0x08000e24      0x1f0 ./Core/Src/adc.o
                0x08000e24                AdcProcess
 *fill*         0x08001014        0x4 
 .text.Offset   0x08001018      0x138 ./Core/Src/adc.o
                0x08001018                Offset
 .text.Control  0x08001150      0x3b4 ./Core/Src/control.o
                0x08001150                Control
 .text.SoftWareFault
                0x08001504       0x70 ./Core/Src/fault.o
                0x08001504                SoftWareFault
 .text.MX_GPIO_Init
                0x08001574       0xe4 ./Core/Src/gpio.o
                0x08001574                MX_GPIO_Init
 .text.InitParameter
                0x08001658      0x164 ./Core/Src/inv.o
                0x08001658                InitParameter
 .text.InitCurrentController
                0x080017bc      0x370 ./Core/Src/inv.o
                0x080017bc                InitCurrentController
 .text.UpdateController
                0x08001b2c      0x118 ./Core/Src/inv.o
                0x08001b2c                UpdateController
 *fill*         0x08001c44        0x4 
 .text.Init_Spd_PLL
                0x08001c48       0xc4 ./Core/Src/inv.o
                0x08001c48                Init_Spd_PLL
 .text.ResetController
                0x08001d0c      0x14c ./Core/Src/inv.o
                0x08001d0c                ResetController
 .text.InitSpeedController
                0x08001e58      0x120 ./Core/Src/inv.o
                0x08001e58                InitSpeedController
 .text.CurrentControl
                0x08001f78     0x13b0 ./Core/Src/inv.o
                0x08001f78                CurrentControl
 .text.SpeedControl
                0x08003328      0x20c ./Core/Src/inv.o
                0x08003328                SpeedControl
 .text.OpenLoopControl
                0x08003534      0x2a0 ./Core/Src/inv.o
                0x08003534                OpenLoopControl
 *fill*         0x080037d4        0x4 
 .text.Vref_GenControl
                0x080037d8     0x13e4 ./Core/Src/inv.o
                0x080037d8                Vref_GenControl
 *fill*         0x08004bbc        0x4 
 .text.VoltageOpenLoopControl
                0x08004bc0     0x11bc ./Core/Src/inv.o
                0x08004bc0                VoltageOpenLoopControl
 .text.VoltageInjection_SquareWave
                0x08005d7c      0x784 ./Core/Src/inv.o
                0x08005d7c                VoltageInjection_SquareWave
 .text.Hallsensor_Observer
                0x08006500      0x2bc ./Core/Src/inv.o
                0x08006500                Hallsensor_Observer
 .text.GetHallSensorState
                0x080067bc       0x68 ./Core/Src/inv.o
                0x080067bc                GetHallSensorState
 .text.HallPosition_Test
                0x08006824      0x134 ./Core/Src/inv.o
                0x08006824                HallPosition_Test
 .text.Align    0x08006958      0x13c ./Core/Src/inv.o
                0x08006958                Align
 .text.PwmSwOn  0x08006a94       0x3c ./Core/Src/inv.o
                0x08006a94                PwmSwOn
 .text.PwmSwOff
                0x08006ad0       0x70 ./Core/Src/inv.o
                0x08006ad0                PwmSwOff
 .text.PwmDutyUpt
                0x08006b40       0x88 ./Core/Src/inv.o
                0x08006b40                PwmDutyUpt
 .text.main     0x08006bc8       0xf4 ./Core/Src/main.o
                0x08006bc8                main
 .text.SystemClock_Config
                0x08006cbc       0x9a ./Core/Src/main.o
                0x08006cbc                SystemClock_Config
 .text.Error_Handler
                0x08006d56        0xc ./Core/Src/main.o
                0x08006d56                Error_Handler
 .text.initExtended_Sensorless_Synchronous_Frame
                0x08006d62      0x1ac ./Core/Src/speed_observer.o
                0x08006d62                initExtended_Sensorless_Synchronous_Frame
 *fill*         0x08006f0e        0x2 
 .text.HAL_MspInit
                0x08006f10       0x48 ./Core/Src/stm32g4xx_hal_msp.o
                0x08006f10                HAL_MspInit
 .text.NMI_Handler
                0x08006f58        0x8 ./Core/Src/stm32g4xx_it.o
                0x08006f58                NMI_Handler
 .text.HardFault_Handler
                0x08006f60        0x8 ./Core/Src/stm32g4xx_it.o
                0x08006f60                HardFault_Handler
 .text.MemManage_Handler
                0x08006f68        0x8 ./Core/Src/stm32g4xx_it.o
                0x08006f68                MemManage_Handler
 .text.BusFault_Handler
                0x08006f70        0x8 ./Core/Src/stm32g4xx_it.o
                0x08006f70                BusFault_Handler
 .text.UsageFault_Handler
                0x08006f78        0x8 ./Core/Src/stm32g4xx_it.o
                0x08006f78                UsageFault_Handler
 .text.SVC_Handler
                0x08006f80        0xe ./Core/Src/stm32g4xx_it.o
                0x08006f80                SVC_Handler
 .text.DebugMon_Handler
                0x08006f8e        0xe ./Core/Src/stm32g4xx_it.o
                0x08006f8e                DebugMon_Handler
 .text.PendSV_Handler
                0x08006f9c        0xe ./Core/Src/stm32g4xx_it.o
                0x08006f9c                PendSV_Handler
 .text.SysTick_Handler
                0x08006faa        0xc ./Core/Src/stm32g4xx_it.o
                0x08006faa                SysTick_Handler
 *fill*         0x08006fb6        0x2 
 .text.ADC1_2_IRQHandler
                0x08006fb8       0x14 ./Core/Src/stm32g4xx_it.o
                0x08006fb8                ADC1_2_IRQHandler
 .text.TIM1_BRK_TIM15_IRQHandler
                0x08006fcc       0x1c ./Core/Src/stm32g4xx_it.o
                0x08006fcc                TIM1_BRK_TIM15_IRQHandler
 .text.TIM2_IRQHandler
                0x08006fe8       0x24 ./Core/Src/stm32g4xx_it.o
                0x08006fe8                TIM2_IRQHandler
 .text.SystemInit
                0x0800700c       0x24 ./Core/Src/system_stm32g4xx.o
                0x0800700c                SystemInit
 .text.MX_TIM1_Init
                0x08007030      0x1c0 ./Core/Src/tim.o
                0x08007030                MX_TIM1_Init
 .text.MX_TIM2_Init
                0x080071f0       0xe8 ./Core/Src/tim.o
                0x080071f0                MX_TIM2_Init
 .text.MX_TIM15_Init
                0x080072d8       0xa4 ./Core/Src/tim.o
                0x080072d8                MX_TIM15_Init
 .text.HAL_TIM_Base_MspInit
                0x0800737c       0xb8 ./Core/Src/tim.o
                0x0800737c                HAL_TIM_Base_MspInit
 .text.HAL_TIM_MspPostInit
                0x08007434       0xac ./Core/Src/tim.o
                0x08007434                HAL_TIM_MspPostInit
 .text.Reset_Handler
                0x080074e0       0x50 ./Core/Startup/startup_stm32g474retx.o
                0x080074e0                Reset_Handler
 .text.Default_Handler
                0x08007530        0x2 ./Core/Startup/startup_stm32g474retx.o
                0x08007530                RTC_Alarm_IRQHandler
                0x08007530                EXTI2_IRQHandler
                0x08007530                TIM8_TRG_COM_IRQHandler
                0x08007530                TIM8_CC_IRQHandler
                0x08007530                HRTIM1_Master_IRQHandler
                0x08007530                SPI4_IRQHandler
                0x08007530                FDCAN3_IT0_IRQHandler
                0x08007530                TIM1_CC_IRQHandler
                0x08007530                HRTIM1_FLT_IRQHandler
                0x08007530                HRTIM1_TIMF_IRQHandler
                0x08007530                USB_HP_IRQHandler
                0x08007530                CORDIC_IRQHandler
                0x08007530                HRTIM1_TIMD_IRQHandler
                0x08007530                DMA2_Channel8_IRQHandler
                0x08007530                EXTI3_IRQHandler
                0x08007530                I2C3_ER_IRQHandler
                0x08007530                EXTI0_IRQHandler
                0x08007530                I2C2_EV_IRQHandler
                0x08007530                FPU_IRQHandler
                0x08007530                FDCAN1_IT1_IRQHandler
                0x08007530                TIM1_UP_TIM16_IRQHandler
                0x08007530                HRTIM1_TIME_IRQHandler
                0x08007530                SPI1_IRQHandler
                0x08007530                TIM6_DAC_IRQHandler
                0x08007530                HRTIM1_TIMC_IRQHandler
                0x08007530                TIM8_UP_IRQHandler
                0x08007530                DMA2_Channel2_IRQHandler
                0x08007530                DMA1_Channel4_IRQHandler
                0x08007530                TIM20_TRG_COM_IRQHandler
                0x08007530                USART3_IRQHandler
                0x08007530                DMA1_Channel7_IRQHandler
                0x08007530                UART5_IRQHandler
                0x08007530                ADC3_IRQHandler
                0x08007530                TIM4_IRQHandler
                0x08007530                DMA2_Channel1_IRQHandler
                0x08007530                QUADSPI_IRQHandler
                0x08007530                I2C1_EV_IRQHandler
                0x08007530                DMA1_Channel6_IRQHandler
                0x08007530                UART4_IRQHandler
                0x08007530                DMA2_Channel4_IRQHandler
                0x08007530                TIM3_IRQHandler
                0x08007530                RCC_IRQHandler
                0x08007530                TIM20_UP_IRQHandler
                0x08007530                DMA1_Channel1_IRQHandler
                0x08007530                Default_Handler
                0x08007530                DMA2_Channel7_IRQHandler
                0x08007530                RTC_TAMP_LSECSS_IRQHandler
                0x08007530                FMAC_IRQHandler
                0x08007530                EXTI15_10_IRQHandler
                0x08007530                DMA1_Channel8_IRQHandler
                0x08007530                HRTIM1_TIMA_IRQHandler
                0x08007530                TIM7_DAC_IRQHandler
                0x08007530                FDCAN3_IT1_IRQHandler
                0x08007530                TIM5_IRQHandler
                0x08007530                UCPD1_IRQHandler
                0x08007530                I2C3_EV_IRQHandler
                0x08007530                EXTI9_5_IRQHandler
                0x08007530                RTC_WKUP_IRQHandler
                0x08007530                PVD_PVM_IRQHandler
                0x08007530                SPI2_IRQHandler
                0x08007530                ADC5_IRQHandler
                0x08007530                DMA2_Channel5_IRQHandler
                0x08007530                CRS_IRQHandler
                0x08007530                DMA1_Channel5_IRQHandler
                0x08007530                USB_LP_IRQHandler
                0x08007530                EXTI4_IRQHandler
                0x08007530                RNG_IRQHandler
                0x08007530                HRTIM1_TIMB_IRQHandler
                0x08007530                TIM1_TRG_COM_TIM17_IRQHandler
                0x08007530                FDCAN2_IT1_IRQHandler
                0x08007530                DMA1_Channel3_IRQHandler
                0x08007530                ADC4_IRQHandler
                0x08007530                WWDG_IRQHandler
                0x08007530                I2C4_EV_IRQHandler
                0x08007530                FDCAN2_IT0_IRQHandler
                0x08007530                LPUART1_IRQHandler
                0x08007530                DMA2_Channel6_IRQHandler
                0x08007530                FDCAN1_IT0_IRQHandler
                0x08007530                COMP7_IRQHandler
                0x08007530                COMP1_2_3_IRQHandler
                0x08007530                EXTI1_IRQHandler
                0x08007530                USART2_IRQHandler
                0x08007530                COMP4_5_6_IRQHandler
                0x08007530                TIM20_BRK_IRQHandler
                0x08007530                I2C2_ER_IRQHandler
                0x08007530                DMA1_Channel2_IRQHandler
                0x08007530                TIM8_BRK_IRQHandler
                0x08007530                FLASH_IRQHandler
                0x08007530                TIM20_CC_IRQHandler
                0x08007530                USART1_IRQHandler
                0x08007530                SPI3_IRQHandler
                0x08007530                I2C1_ER_IRQHandler
                0x08007530                FMC_IRQHandler
                0x08007530                LPTIM1_IRQHandler
                0x08007530                DMAMUX_OVR_IRQHandler
                0x08007530                I2C4_ER_IRQHandler
                0x08007530                USBWakeUp_IRQHandler
                0x08007530                SAI1_IRQHandler
                0x08007530                DMA2_Channel3_IRQHandler
 .text.HAL_Init
                0x08007532       0x30 ./Drivers/STM32G4xx_HAL_Driver/Src/stm32g4xx_hal.o
                0x08007532                HAL_Init
 *fill*         0x08007562        0x2 
 .text.HAL_InitTick
                0x08007564       0x74 ./Drivers/STM32G4xx_HAL_Driver/Src/stm32g4xx_hal.o
                0x08007564                HAL_InitTick
 .text.HAL_IncTick
                0x080075d8       0x24 ./Drivers/STM32G4xx_HAL_Driver/Src/stm32g4xx_hal.o
                0x080075d8                HAL_IncTick
 .text.HAL_GetTick
                0x080075fc       0x18 ./Drivers/STM32G4xx_HAL_Driver/Src/stm32g4xx_hal.o
                0x080075fc                HAL_GetTick
 .text.LL_ADC_SetCommonClock
                0x08007614       0x26 ./Drivers/STM32G4xx_HAL_Driver/Src/stm32g4xx_hal_adc.o
 .text.LL_ADC_SetCommonPathInternalCh
                0x0800763a       0x26 ./Drivers/STM32G4xx_HAL_Driver/Src/stm32g4xx_hal_adc.o
 .text.LL_ADC_GetCommonPathInternalCh
                0x08007660       0x1c ./Drivers/STM32G4xx_HAL_Driver/Src/stm32g4xx_hal_adc.o
 .text.LL_ADC_SetOffset
                0x0800767c       0x48 ./Drivers/STM32G4xx_HAL_Driver/Src/stm32g4xx_hal_adc.o
 .text.LL_ADC_GetOffsetChannel
                0x080076c4       0x2c ./Drivers/STM32G4xx_HAL_Driver/Src/stm32g4xx_hal_adc.o
 .text.LL_ADC_SetOffsetState
                0x080076f0       0x36 ./Drivers/STM32G4xx_HAL_Driver/Src/stm32g4xx_hal_adc.o
 .text.LL_ADC_SetOffsetSign
                0x08007726       0x36 ./Drivers/STM32G4xx_HAL_Driver/Src/stm32g4xx_hal_adc.o
 .text.LL_ADC_SetOffsetSaturation
                0x0800775c       0x36 ./Drivers/STM32G4xx_HAL_Driver/Src/stm32g4xx_hal_adc.o
 .text.LL_ADC_SetSamplingTimeCommonConfig
                0x08007792       0x26 ./Drivers/STM32G4xx_HAL_Driver/Src/stm32g4xx_hal_adc.o
 .text.LL_ADC_REG_IsTriggerSourceSWStart
                0x080077b8       0x26 ./Drivers/STM32G4xx_HAL_Driver/Src/stm32g4xx_hal_adc.o
 .text.LL_ADC_REG_SetSequencerRanks
                0x080077de       0x58 ./Drivers/STM32G4xx_HAL_Driver/Src/stm32g4xx_hal_adc.o
 .text.LL_ADC_INJ_IsTriggerSourceSWStart
                0x08007836       0x26 ./Drivers/STM32G4xx_HAL_Driver/Src/stm32g4xx_hal_adc.o
 .text.LL_ADC_SetChannelSamplingTime
                0x0800785c       0x56 ./Drivers/STM32G4xx_HAL_Driver/Src/stm32g4xx_hal_adc.o
 *fill*         0x080078b2        0x2 
 .text.LL_ADC_SetChannelSingleDiff
                0x080078b4       0x48 ./Drivers/STM32G4xx_HAL_Driver/Src/stm32g4xx_hal_adc.o
 .text.LL_ADC_GetMultimode
                0x080078fc       0x1c ./Drivers/STM32G4xx_HAL_Driver/Src/stm32g4xx_hal_adc.o
 .text.LL_ADC_GetMultiDMATransfer
                0x08007918       0x1c ./Drivers/STM32G4xx_HAL_Driver/Src/stm32g4xx_hal_adc.o
 .text.LL_ADC_DisableDeepPowerDown
                0x08007934       0x24 ./Drivers/STM32G4xx_HAL_Driver/Src/stm32g4xx_hal_adc.o
 .text.LL_ADC_IsDeepPowerDownEnabled
                0x08007958       0x28 ./Drivers/STM32G4xx_HAL_Driver/Src/stm32g4xx_hal_adc.o
 .text.LL_ADC_EnableInternalRegulator
                0x08007980       0x28 ./Drivers/STM32G4xx_HAL_Driver/Src/stm32g4xx_hal_adc.o
 .text.LL_ADC_IsInternalRegulatorEnabled
                0x080079a8       0x28 ./Drivers/STM32G4xx_HAL_Driver/Src/stm32g4xx_hal_adc.o
 .text.LL_ADC_Enable
                0x080079d0       0x28 ./Drivers/STM32G4xx_HAL_Driver/Src/stm32g4xx_hal_adc.o
 .text.LL_ADC_IsEnabled
                0x080079f8       0x26 ./Drivers/STM32G4xx_HAL_Driver/Src/stm32g4xx_hal_adc.o
 .text.LL_ADC_REG_StartConversion
                0x08007a1e       0x28 ./Drivers/STM32G4xx_HAL_Driver/Src/stm32g4xx_hal_adc.o
 .text.LL_ADC_REG_IsConversionOngoing
                0x08007a46       0x26 ./Drivers/STM32G4xx_HAL_Driver/Src/stm32g4xx_hal_adc.o
 .text.LL_ADC_INJ_IsConversionOngoing
                0x08007a6c       0x26 ./Drivers/STM32G4xx_HAL_Driver/Src/stm32g4xx_hal_adc.o
 *fill*         0x08007a92        0x2 
 .text.HAL_ADC_Init
                0x08007a94      0x378 ./Drivers/STM32G4xx_HAL_Driver/Src/stm32g4xx_hal_adc.o
                0x08007a94                HAL_ADC_Init
 .text.HAL_ADC_Start_IT
                0x08007e0c      0x2b0 ./Drivers/STM32G4xx_HAL_Driver/Src/stm32g4xx_hal_adc.o
                0x08007e0c                HAL_ADC_Start_IT
 .text.HAL_ADC_IRQHandler
                0x080080bc      0x4c0 ./Drivers/STM32G4xx_HAL_Driver/Src/stm32g4xx_hal_adc.o
                0x080080bc                HAL_ADC_IRQHandler
 .text.HAL_ADC_ConvCpltCallback
                0x0800857c       0x14 ./Drivers/STM32G4xx_HAL_Driver/Src/stm32g4xx_hal_adc.o
                0x0800857c                HAL_ADC_ConvCpltCallback
 .text.HAL_ADC_LevelOutOfWindowCallback
                0x08008590       0x14 ./Drivers/STM32G4xx_HAL_Driver/Src/stm32g4xx_hal_adc.o
                0x08008590                HAL_ADC_LevelOutOfWindowCallback
 .text.HAL_ADC_ErrorCallback
                0x080085a4       0x14 ./Drivers/STM32G4xx_HAL_Driver/Src/stm32g4xx_hal_adc.o
                0x080085a4                HAL_ADC_ErrorCallback
 .text.HAL_ADC_ConfigChannel
                0x080085b8      0x880 ./Drivers/STM32G4xx_HAL_Driver/Src/stm32g4xx_hal_adc.o
                0x080085b8                HAL_ADC_ConfigChannel
 .text.ADC_Enable
                0x08008e38      0x12c ./Drivers/STM32G4xx_HAL_Driver/Src/stm32g4xx_hal_adc.o
                0x08008e38                ADC_Enable
 .text.LL_ADC_SetCommonPathInternalCh
                0x08008f64       0x26 ./Drivers/STM32G4xx_HAL_Driver/Src/stm32g4xx_hal_adc_ex.o
 .text.LL_ADC_GetCommonPathInternalCh
                0x08008f8a       0x1c ./Drivers/STM32G4xx_HAL_Driver/Src/stm32g4xx_hal_adc_ex.o
 *fill*         0x08008fa6        0x2 
 .text.LL_ADC_SetOffset
                0x08008fa8       0x48 ./Drivers/STM32G4xx_HAL_Driver/Src/stm32g4xx_hal_adc_ex.o
 .text.LL_ADC_GetOffsetChannel
                0x08008ff0       0x2c ./Drivers/STM32G4xx_HAL_Driver/Src/stm32g4xx_hal_adc_ex.o
 .text.LL_ADC_SetOffsetState
                0x0800901c       0x36 ./Drivers/STM32G4xx_HAL_Driver/Src/stm32g4xx_hal_adc_ex.o
 .text.LL_ADC_SetOffsetSign
                0x08009052       0x36 ./Drivers/STM32G4xx_HAL_Driver/Src/stm32g4xx_hal_adc_ex.o
 .text.LL_ADC_SetOffsetSaturation
                0x08009088       0x36 ./Drivers/STM32G4xx_HAL_Driver/Src/stm32g4xx_hal_adc_ex.o
 .text.LL_ADC_SetSamplingTimeCommonConfig
                0x080090be       0x26 ./Drivers/STM32G4xx_HAL_Driver/Src/stm32g4xx_hal_adc_ex.o
 .text.LL_ADC_INJ_GetTrigAuto
                0x080090e4       0x1c ./Drivers/STM32G4xx_HAL_Driver/Src/stm32g4xx_hal_adc_ex.o
 .text.LL_ADC_SetChannelSamplingTime
                0x08009100       0x56 ./Drivers/STM32G4xx_HAL_Driver/Src/stm32g4xx_hal_adc_ex.o
 *fill*         0x08009156        0x2 
 .text.LL_ADC_SetChannelSingleDiff
                0x08009158       0x48 ./Drivers/STM32G4xx_HAL_Driver/Src/stm32g4xx_hal_adc_ex.o
 .text.LL_ADC_GetMultimode
                0x080091a0       0x1c ./Drivers/STM32G4xx_HAL_Driver/Src/stm32g4xx_hal_adc_ex.o
 .text.LL_ADC_IsEnabled
                0x080091bc       0x26 ./Drivers/STM32G4xx_HAL_Driver/Src/stm32g4xx_hal_adc_ex.o
 .text.LL_ADC_REG_IsConversionOngoing
                0x080091e2       0x26 ./Drivers/STM32G4xx_HAL_Driver/Src/stm32g4xx_hal_adc_ex.o
 .text.LL_ADC_INJ_StartConversion
                0x08009208       0x28 ./Drivers/STM32G4xx_HAL_Driver/Src/stm32g4xx_hal_adc_ex.o
 .text.LL_ADC_INJ_IsConversionOngoing
                0x08009230       0x26 ./Drivers/STM32G4xx_HAL_Driver/Src/stm32g4xx_hal_adc_ex.o
 *fill*         0x08009256        0x2 
 .text.HAL_ADCEx_InjectedStart_IT
                0x08009258      0x20c ./Drivers/STM32G4xx_HAL_Driver/Src/stm32g4xx_hal_adc_ex.o
                0x08009258                HAL_ADCEx_InjectedStart_IT
 .text.HAL_ADCEx_InjectedConvCpltCallback
                0x08009464       0x14 ./Drivers/STM32G4xx_HAL_Driver/Src/stm32g4xx_hal_adc_ex.o
                0x08009464                HAL_ADCEx_InjectedConvCpltCallback
 .text.HAL_ADCEx_InjectedQueueOverflowCallback
                0x08009478       0x14 ./Drivers/STM32G4xx_HAL_Driver/Src/stm32g4xx_hal_adc_ex.o
                0x08009478                HAL_ADCEx_InjectedQueueOverflowCallback
 .text.HAL_ADCEx_LevelOutOfWindow2Callback
                0x0800948c       0x14 ./Drivers/STM32G4xx_HAL_Driver/Src/stm32g4xx_hal_adc_ex.o
                0x0800948c                HAL_ADCEx_LevelOutOfWindow2Callback
 .text.HAL_ADCEx_LevelOutOfWindow3Callback
                0x080094a0       0x14 ./Drivers/STM32G4xx_HAL_Driver/Src/stm32g4xx_hal_adc_ex.o
                0x080094a0                HAL_ADCEx_LevelOutOfWindow3Callback
 .text.HAL_ADCEx_EndOfSamplingCallback
                0x080094b4       0x14 ./Drivers/STM32G4xx_HAL_Driver/Src/stm32g4xx_hal_adc_ex.o
                0x080094b4                HAL_ADCEx_EndOfSamplingCallback
 .text.HAL_ADCEx_InjectedConfigChannel
                0x080094c8      0xa58 ./Drivers/STM32G4xx_HAL_Driver/Src/stm32g4xx_hal_adc_ex.o
                0x080094c8                HAL_ADCEx_InjectedConfigChannel
 .text.HAL_ADCEx_MultiModeConfigChannel
                0x08009f20      0x210 ./Drivers/STM32G4xx_HAL_Driver/Src/stm32g4xx_hal_adc_ex.o
                0x08009f20                HAL_ADCEx_MultiModeConfigChannel
 .text.__NVIC_SetPriorityGrouping
                0x0800a130       0x48 ./Drivers/STM32G4xx_HAL_Driver/Src/stm32g4xx_hal_cortex.o
 .text.__NVIC_GetPriorityGrouping
                0x0800a178       0x1c ./Drivers/STM32G4xx_HAL_Driver/Src/stm32g4xx_hal_cortex.o
 .text.__NVIC_EnableIRQ
                0x0800a194       0x3c ./Drivers/STM32G4xx_HAL_Driver/Src/stm32g4xx_hal_cortex.o
 .text.__NVIC_SetPriority
                0x0800a1d0       0x54 ./Drivers/STM32G4xx_HAL_Driver/Src/stm32g4xx_hal_cortex.o
 .text.NVIC_EncodePriority
                0x0800a224       0x66 ./Drivers/STM32G4xx_HAL_Driver/Src/stm32g4xx_hal_cortex.o
 *fill*         0x0800a28a        0x2 
 .text.SysTick_Config
                0x0800a28c       0x44 ./Drivers/STM32G4xx_HAL_Driver/Src/stm32g4xx_hal_cortex.o
 .text.HAL_NVIC_SetPriorityGrouping
                0x0800a2d0       0x16 ./Drivers/STM32G4xx_HAL_Driver/Src/stm32g4xx_hal_cortex.o
                0x0800a2d0                HAL_NVIC_SetPriorityGrouping
 .text.HAL_NVIC_SetPriority
                0x0800a2e6       0x34 ./Drivers/STM32G4xx_HAL_Driver/Src/stm32g4xx_hal_cortex.o
                0x0800a2e6                HAL_NVIC_SetPriority
 .text.HAL_NVIC_EnableIRQ
                0x0800a31a       0x1c ./Drivers/STM32G4xx_HAL_Driver/Src/stm32g4xx_hal_cortex.o
                0x0800a31a                HAL_NVIC_EnableIRQ
 .text.HAL_SYSTICK_Config
                0x0800a336       0x18 ./Drivers/STM32G4xx_HAL_Driver/Src/stm32g4xx_hal_cortex.o
                0x0800a336                HAL_SYSTICK_Config
 *fill*         0x0800a34e        0x2 
 .text.HAL_GPIO_Init
                0x0800a350      0x304 ./Drivers/STM32G4xx_HAL_Driver/Src/stm32g4xx_hal_gpio.o
                0x0800a350                HAL_GPIO_Init
 .text.HAL_GPIO_ReadPin
                0x0800a654       0x30 ./Drivers/STM32G4xx_HAL_Driver/Src/stm32g4xx_hal_gpio.o
                0x0800a654                HAL_GPIO_ReadPin
 .text.HAL_GPIO_WritePin
                0x0800a684       0x30 ./Drivers/STM32G4xx_HAL_Driver/Src/stm32g4xx_hal_gpio.o
                0x0800a684                HAL_GPIO_WritePin
 .text.HAL_PWREx_ControlVoltageScaling
                0x0800a6b4      0x148 ./Drivers/STM32G4xx_HAL_Driver/Src/stm32g4xx_hal_pwr_ex.o
                0x0800a6b4                HAL_PWREx_ControlVoltageScaling
 .text.HAL_PWREx_DisableUCPDDeadBattery
                0x0800a7fc       0x20 ./Drivers/STM32G4xx_HAL_Driver/Src/stm32g4xx_hal_pwr_ex.o
                0x0800a7fc                HAL_PWREx_DisableUCPDDeadBattery
 .text.HAL_RCC_OscConfig
                0x0800a81c      0x624 ./Drivers/STM32G4xx_HAL_Driver/Src/stm32g4xx_hal_rcc.o
                0x0800a81c                HAL_RCC_OscConfig
 .text.HAL_RCC_ClockConfig
                0x0800ae40      0x278 ./Drivers/STM32G4xx_HAL_Driver/Src/stm32g4xx_hal_rcc.o
                0x0800ae40                HAL_RCC_ClockConfig
 .text.HAL_RCC_GetSysClockFreq
                0x0800b0b8       0xc4 ./Drivers/STM32G4xx_HAL_Driver/Src/stm32g4xx_hal_rcc.o
                0x0800b0b8                HAL_RCC_GetSysClockFreq
 .text.RCC_GetSysClockFreqFromPLLSource
                0x0800b17c       0x8c ./Drivers/STM32G4xx_HAL_Driver/Src/stm32g4xx_hal_rcc.o
 .text.HAL_RCCEx_PeriphCLKConfig
                0x0800b208      0x49c ./Drivers/STM32G4xx_HAL_Driver/Src/stm32g4xx_hal_rcc_ex.o
                0x0800b208                HAL_RCCEx_PeriphCLKConfig
 .text.HAL_TIM_Base_Init
                0x0800b6a4       0xae ./Drivers/STM32G4xx_HAL_Driver/Src/stm32g4xx_hal_tim.o
                0x0800b6a4                HAL_TIM_Base_Init
 .text.HAL_TIM_OC_Init
                0x0800b752       0xae ./Drivers/STM32G4xx_HAL_Driver/Src/stm32g4xx_hal_tim.o
                0x0800b752                HAL_TIM_OC_Init
 .text.HAL_TIM_OC_MspInit
                0x0800b800       0x14 ./Drivers/STM32G4xx_HAL_Driver/Src/stm32g4xx_hal_tim.o
                0x0800b800                HAL_TIM_OC_MspInit
 .text.HAL_TIM_OC_Start_IT
                0x0800b814      0x2c0 ./Drivers/STM32G4xx_HAL_Driver/Src/stm32g4xx_hal_tim.o
                0x0800b814                HAL_TIM_OC_Start_IT
 .text.HAL_TIM_PWM_Init
                0x0800bad4       0xae ./Drivers/STM32G4xx_HAL_Driver/Src/stm32g4xx_hal_tim.o
                0x0800bad4                HAL_TIM_PWM_Init
 .text.HAL_TIM_PWM_MspInit
                0x0800bb82       0x14 ./Drivers/STM32G4xx_HAL_Driver/Src/stm32g4xx_hal_tim.o
                0x0800bb82                HAL_TIM_PWM_MspInit
 *fill*         0x0800bb96        0x2 
 .text.HAL_TIM_PWM_Start
                0x0800bb98      0x224 ./Drivers/STM32G4xx_HAL_Driver/Src/stm32g4xx_hal_tim.o
                0x0800bb98                HAL_TIM_PWM_Start
 .text.HAL_TIM_PWM_Stop
                0x0800bdbc      0x138 ./Drivers/STM32G4xx_HAL_Driver/Src/stm32g4xx_hal_tim.o
                0x0800bdbc                HAL_TIM_PWM_Stop
 .text.HAL_TIM_IRQHandler
                0x0800bef4      0x29e ./Drivers/STM32G4xx_HAL_Driver/Src/stm32g4xx_hal_tim.o
                0x0800bef4                HAL_TIM_IRQHandler
 *fill*         0x0800c192        0x2 
 .text.HAL_TIM_OC_ConfigChannel
                0x0800c194       0xf4 ./Drivers/STM32G4xx_HAL_Driver/Src/stm32g4xx_hal_tim.o
                0x0800c194                HAL_TIM_OC_ConfigChannel
 .text.HAL_TIM_PWM_ConfigChannel
                0x0800c288      0x228 ./Drivers/STM32G4xx_HAL_Driver/Src/stm32g4xx_hal_tim.o
                0x0800c288                HAL_TIM_PWM_ConfigChannel
 .text.HAL_TIM_ConfigClockSource
                0x0800c4b0      0x22c ./Drivers/STM32G4xx_HAL_Driver/Src/stm32g4xx_hal_tim.o
                0x0800c4b0                HAL_TIM_ConfigClockSource
 .text.HAL_TIM_SlaveConfigSynchro
                0x0800c6dc       0x84 ./Drivers/STM32G4xx_HAL_Driver/Src/stm32g4xx_hal_tim.o
                0x0800c6dc                HAL_TIM_SlaveConfigSynchro
 .text.HAL_TIM_PeriodElapsedCallback
                0x0800c760       0x14 ./Drivers/STM32G4xx_HAL_Driver/Src/stm32g4xx_hal_tim.o
                0x0800c760                HAL_TIM_PeriodElapsedCallback
 .text.HAL_TIM_OC_DelayElapsedCallback
                0x0800c774       0x14 ./Drivers/STM32G4xx_HAL_Driver/Src/stm32g4xx_hal_tim.o
                0x0800c774                HAL_TIM_OC_DelayElapsedCallback
 .text.HAL_TIM_IC_CaptureCallback
                0x0800c788       0x14 ./Drivers/STM32G4xx_HAL_Driver/Src/stm32g4xx_hal_tim.o
                0x0800c788                HAL_TIM_IC_CaptureCallback
 .text.HAL_TIM_PWM_PulseFinishedCallback
                0x0800c79c       0x14 ./Drivers/STM32G4xx_HAL_Driver/Src/stm32g4xx_hal_tim.o
                0x0800c79c                HAL_TIM_PWM_PulseFinishedCallback
 .text.HAL_TIM_TriggerCallback
                0x0800c7b0       0x14 ./Drivers/STM32G4xx_HAL_Driver/Src/stm32g4xx_hal_tim.o
                0x0800c7b0                HAL_TIM_TriggerCallback
 .text.TIM_Base_SetConfig
                0x0800c7c4      0x168 ./Drivers/STM32G4xx_HAL_Driver/Src/stm32g4xx_hal_tim.o
                0x0800c7c4                TIM_Base_SetConfig
 .text.TIM_OC1_SetConfig
                0x0800c92c      0x134 ./Drivers/STM32G4xx_HAL_Driver/Src/stm32g4xx_hal_tim.o
 .text.TIM_OC2_SetConfig
                0x0800ca60      0x128 ./Drivers/STM32G4xx_HAL_Driver/Src/stm32g4xx_hal_tim.o
                0x0800ca60                TIM_OC2_SetConfig
 .text.TIM_OC3_SetConfig
                0x0800cb88      0x124 ./Drivers/STM32G4xx_HAL_Driver/Src/stm32g4xx_hal_tim.o
 .text.TIM_OC4_SetConfig
                0x0800ccac      0x128 ./Drivers/STM32G4xx_HAL_Driver/Src/stm32g4xx_hal_tim.o
 .text.TIM_OC5_SetConfig
                0x0800cdd4       0xd4 ./Drivers/STM32G4xx_HAL_Driver/Src/stm32g4xx_hal_tim.o
 .text.TIM_OC6_SetConfig
                0x0800cea8       0xd8 ./Drivers/STM32G4xx_HAL_Driver/Src/stm32g4xx_hal_tim.o
 .text.TIM_SlaveTimer_SetConfig
                0x0800cf80      0x1c0 ./Drivers/STM32G4xx_HAL_Driver/Src/stm32g4xx_hal_tim.o
 .text.TIM_TI1_ConfigInputStage
                0x0800d140       0x5e ./Drivers/STM32G4xx_HAL_Driver/Src/stm32g4xx_hal_tim.o
 .text.TIM_TI2_ConfigInputStage
                0x0800d19e       0x60 ./Drivers/STM32G4xx_HAL_Driver/Src/stm32g4xx_hal_tim.o
 .text.TIM_ITRx_SetConfig
                0x0800d1fe       0x3a ./Drivers/STM32G4xx_HAL_Driver/Src/stm32g4xx_hal_tim.o
 .text.TIM_ETR_SetConfig
                0x0800d238       0x40 ./Drivers/STM32G4xx_HAL_Driver/Src/stm32g4xx_hal_tim.o
                0x0800d238                TIM_ETR_SetConfig
 .text.TIM_CCxChannelCmd
                0x0800d278       0x4a ./Drivers/STM32G4xx_HAL_Driver/Src/stm32g4xx_hal_tim.o
                0x0800d278                TIM_CCxChannelCmd
 *fill*         0x0800d2c2        0x2 
 .text.HAL_TIMEx_PWMN_Start
                0x0800d2c4      0x184 ./Drivers/STM32G4xx_HAL_Driver/Src/stm32g4xx_hal_tim_ex.o
                0x0800d2c4                HAL_TIMEx_PWMN_Start
 .text.HAL_TIMEx_PWMN_Stop
                0x0800d448       0xba ./Drivers/STM32G4xx_HAL_Driver/Src/stm32g4xx_hal_tim_ex.o
                0x0800d448                HAL_TIMEx_PWMN_Stop
 *fill*         0x0800d502        0x2 
 .text.HAL_TIMEx_MasterConfigSynchronization
                0x0800d504      0x12c ./Drivers/STM32G4xx_HAL_Driver/Src/stm32g4xx_hal_tim_ex.o
                0x0800d504                HAL_TIMEx_MasterConfigSynchronization
 .text.HAL_TIMEx_ConfigBreakDeadTime
                0x0800d630      0x128 ./Drivers/STM32G4xx_HAL_Driver/Src/stm32g4xx_hal_tim_ex.o
                0x0800d630                HAL_TIMEx_ConfigBreakDeadTime
 .text.HAL_TIMEx_CommutCallback
                0x0800d758       0x14 ./Drivers/STM32G4xx_HAL_Driver/Src/stm32g4xx_hal_tim_ex.o
                0x0800d758                HAL_TIMEx_CommutCallback
 .text.HAL_TIMEx_BreakCallback
                0x0800d76c       0x14 ./Drivers/STM32G4xx_HAL_Driver/Src/stm32g4xx_hal_tim_ex.o
                0x0800d76c                HAL_TIMEx_BreakCallback
 .text.HAL_TIMEx_Break2Callback
                0x0800d780       0x14 ./Drivers/STM32G4xx_HAL_Driver/Src/stm32g4xx_hal_tim_ex.o
                0x0800d780                HAL_TIMEx_Break2Callback
 .text.HAL_TIMEx_EncoderIndexCallback
                0x0800d794       0x14 ./Drivers/STM32G4xx_HAL_Driver/Src/stm32g4xx_hal_tim_ex.o
                0x0800d794                HAL_TIMEx_EncoderIndexCallback
 .text.HAL_TIMEx_DirectionChangeCallback
                0x0800d7a8       0x14 ./Drivers/STM32G4xx_HAL_Driver/Src/stm32g4xx_hal_tim_ex.o
                0x0800d7a8                HAL_TIMEx_DirectionChangeCallback
 .text.HAL_TIMEx_IndexErrorCallback
                0x0800d7bc       0x14 ./Drivers/STM32G4xx_HAL_Driver/Src/stm32g4xx_hal_tim_ex.o
                0x0800d7bc                HAL_TIMEx_IndexErrorCallback
 .text.HAL_TIMEx_TransitionErrorCallback
                0x0800d7d0       0x14 ./Drivers/STM32G4xx_HAL_Driver/Src/stm32g4xx_hal_tim_ex.o
                0x0800d7d0                HAL_TIMEx_TransitionErrorCallback
 .text.TIM_CCxNChannelCmd
                0x0800d7e4       0x4a ./Drivers/STM32G4xx_HAL_Driver/Src/stm32g4xx_hal_tim_ex.o
 .text.memset   0x0800d82e       0x10 C:/ST/STM32CubeIDE_1.19.0/STM32CubeIDE/plugins/com.st.stm32cube.ide.mcu.externaltools.gnu-tools-for-stm32.13.3.rel1.win32_1.0.0.202411081344/tools/bin/../lib/gcc/arm-none-eabi/13.3.1/../../../../arm-none-eabi/lib/thumb/v7e-m+fp/hard\libc_nano.a(libc_a-memset.o)
                0x0800d82e                memset
 *fill*         0x0800d83e        0x2 
 .text.__libc_init_array
                0x0800d840       0x48 C:/ST/STM32CubeIDE_1.19.0/STM32CubeIDE/plugins/com.st.stm32cube.ide.mcu.externaltools.gnu-tools-for-stm32.13.3.rel1.win32_1.0.0.202411081344/tools/bin/../lib/gcc/arm-none-eabi/13.3.1/../../../../arm-none-eabi/lib/thumb/v7e-m+fp/hard\libc_nano.a(libc_a-init.o)
                0x0800d840                __libc_init_array
 .text.atanf    0x0800d888      0x1a8 C:/ST/STM32CubeIDE_1.19.0/STM32CubeIDE/plugins/com.st.stm32cube.ide.mcu.externaltools.gnu-tools-for-stm32.13.3.rel1.win32_1.0.0.202411081344/tools/bin/../lib/gcc/arm-none-eabi/13.3.1/../../../../arm-none-eabi/lib/thumb/v7e-m+fp/hard\libm.a(libm_a-sf_atan.o)
                0x0800d888                atanf
 .text.fabsf    0x0800da30        0xe C:/ST/STM32CubeIDE_1.19.0/STM32CubeIDE/plugins/com.st.stm32cube.ide.mcu.externaltools.gnu-tools-for-stm32.13.3.rel1.win32_1.0.0.202411081344/tools/bin/../lib/gcc/arm-none-eabi/13.3.1/../../../../arm-none-eabi/lib/thumb/v7e-m+fp/hard\libm.a(libm_a-sf_fabs.o)
                0x0800da30                fabsf
 .text.fmaxf    0x0800da3e       0x3a C:/ST/STM32CubeIDE_1.19.0/STM32CubeIDE/plugins/com.st.stm32cube.ide.mcu.externaltools.gnu-tools-for-stm32.13.3.rel1.win32_1.0.0.202411081344/tools/bin/../lib/gcc/arm-none-eabi/13.3.1/../../../../arm-none-eabi/lib/thumb/v7e-m+fp/hard\libm.a(libm_a-sf_fmax.o)
                0x0800da3e                fmaxf
 .text.__fpclassifyf
                0x0800da78       0x38 C:/ST/STM32CubeIDE_1.19.0/STM32CubeIDE/plugins/com.st.stm32cube.ide.mcu.externaltools.gnu-tools-for-stm32.13.3.rel1.win32_1.0.0.202411081344/tools/bin/../lib/gcc/arm-none-eabi/13.3.1/../../../../arm-none-eabi/lib/thumb/v7e-m+fp/hard\libm.a(libm_a-sf_fpclassify.o)
                0x0800da78                __fpclassifyf
 *(.glue_7)
 .glue_7        0x0800dab0        0x0 linker stubs
 *(.glue_7t)
 .glue_7t       0x0800dab0        0x0 linker stubs
 *(.eh_frame)
 .eh_frame      0x0800dab0        0x0 C:/ST/STM32CubeIDE_1.19.0/STM32CubeIDE/plugins/com.st.stm32cube.ide.mcu.externaltools.gnu-tools-for-stm32.13.3.rel1.win32_1.0.0.202411081344/tools/bin/../lib/gcc/arm-none-eabi/13.3.1/thumb/v7e-m+fp/hard/crtbegin.o
 *(.init)
 .init          0x0800dab0        0x4 C:/ST/STM32CubeIDE_1.19.0/STM32CubeIDE/plugins/com.st.stm32cube.ide.mcu.externaltools.gnu-tools-for-stm32.13.3.rel1.win32_1.0.0.202411081344/tools/bin/../lib/gcc/arm-none-eabi/13.3.1/thumb/v7e-m+fp/hard/crti.o
                0x0800dab0                _init
 .init          0x0800dab4        0x8 C:/ST/STM32CubeIDE_1.19.0/STM32CubeIDE/plugins/com.st.stm32cube.ide.mcu.externaltools.gnu-tools-for-stm32.13.3.rel1.win32_1.0.0.202411081344/tools/bin/../lib/gcc/arm-none-eabi/13.3.1/thumb/v7e-m+fp/hard/crtn.o
 *(.fini)
 .fini          0x0800dabc        0x4 C:/ST/STM32CubeIDE_1.19.0/STM32CubeIDE/plugins/com.st.stm32cube.ide.mcu.externaltools.gnu-tools-for-stm32.13.3.rel1.win32_1.0.0.202411081344/tools/bin/../lib/gcc/arm-none-eabi/13.3.1/thumb/v7e-m+fp/hard/crti.o
                0x0800dabc                _fini
 .fini          0x0800dac0        0x8 C:/ST/STM32CubeIDE_1.19.0/STM32CubeIDE/plugins/com.st.stm32cube.ide.mcu.externaltools.gnu-tools-for-stm32.13.3.rel1.win32_1.0.0.202411081344/tools/bin/../lib/gcc/arm-none-eabi/13.3.1/thumb/v7e-m+fp/hard/crtn.o
                0x0800dac8                        . = ALIGN (0x4)
                0x0800dac8                        _etext = .

.vfp11_veneer   0x0800dac8        0x0
 .vfp11_veneer  0x0800dac8        0x0 linker stubs

.v4_bx          0x0800dac8        0x0
 .v4_bx         0x0800dac8        0x0 linker stubs

.iplt           0x0800dac8        0x0
 .iplt          0x0800dac8        0x0 C:/ST/STM32CubeIDE_1.19.0/STM32CubeIDE/plugins/com.st.stm32cube.ide.mcu.externaltools.gnu-tools-for-stm32.13.3.rel1.win32_1.0.0.202411081344/tools/bin/../lib/gcc/arm-none-eabi/13.3.1/thumb/v7e-m+fp/hard/crtbegin.o

.rodata         0x0800dac8       0x30
                0x0800dac8                        . = ALIGN (0x4)
 *(.rodata)
 *(.rodata*)
 .rodata.AHBPrescTable
                0x0800dac8       0x10 ./Core/Src/system_stm32g4xx.o
                0x0800dac8                AHBPrescTable
 .rodata.atanlo
                0x0800dad8       0x10 C:/ST/STM32CubeIDE_1.19.0/STM32CubeIDE/plugins/com.st.stm32cube.ide.mcu.externaltools.gnu-tools-for-stm32.13.3.rel1.win32_1.0.0.202411081344/tools/bin/../lib/gcc/arm-none-eabi/13.3.1/../../../../arm-none-eabi/lib/thumb/v7e-m+fp/hard\libm.a(libm_a-sf_atan.o)
 .rodata.atanhi
                0x0800dae8       0x10 C:/ST/STM32CubeIDE_1.19.0/STM32CubeIDE/plugins/com.st.stm32cube.ide.mcu.externaltools.gnu-tools-for-stm32.13.3.rel1.win32_1.0.0.202411081344/tools/bin/../lib/gcc/arm-none-eabi/13.3.1/../../../../arm-none-eabi/lib/thumb/v7e-m+fp/hard\libm.a(libm_a-sf_atan.o)
                0x0800daf8                        . = ALIGN (0x4)

.ARM.extab      0x0800daf8        0x0
                0x0800daf8                        . = ALIGN (0x4)
 *(.ARM.extab* .gnu.linkonce.armextab.*)
                0x0800daf8                        . = ALIGN (0x4)

.ARM            0x0800daf8        0x0
                0x0800daf8                        . = ALIGN (0x4)
                0x0800daf8                        __exidx_start = .
 *(.ARM.exidx*)
                0x0800daf8                        __exidx_end = .
                0x0800daf8                        . = ALIGN (0x4)

.preinit_array  0x0800daf8        0x0
                0x0800daf8                        . = ALIGN (0x4)
                0x0800daf8                        PROVIDE (__preinit_array_start = .)
 *(.preinit_array*)
                0x0800daf8                        PROVIDE (__preinit_array_end = .)
                0x0800daf8                        . = ALIGN (0x4)

.init_array     0x0800daf8        0x4
                0x0800daf8                        . = ALIGN (0x4)
                0x0800daf8                        PROVIDE (__init_array_start = .)
 *(SORT_BY_NAME(.init_array.*))
 *(.init_array*)
 .init_array    0x0800daf8        0x4 C:/ST/STM32CubeIDE_1.19.0/STM32CubeIDE/plugins/com.st.stm32cube.ide.mcu.externaltools.gnu-tools-for-stm32.13.3.rel1.win32_1.0.0.202411081344/tools/bin/../lib/gcc/arm-none-eabi/13.3.1/thumb/v7e-m+fp/hard/crtbegin.o
                0x0800dafc                        PROVIDE (__init_array_end = .)
                0x0800dafc                        . = ALIGN (0x4)

.fini_array     0x0800dafc        0x4
                0x0800dafc                        . = ALIGN (0x4)
                [!provide]                        PROVIDE (__fini_array_start = .)
 *(SORT_BY_NAME(.fini_array.*))
 *(.fini_array*)
 .fini_array    0x0800dafc        0x4 C:/ST/STM32CubeIDE_1.19.0/STM32CubeIDE/plugins/com.st.stm32cube.ide.mcu.externaltools.gnu-tools-for-stm32.13.3.rel1.win32_1.0.0.202411081344/tools/bin/../lib/gcc/arm-none-eabi/13.3.1/thumb/v7e-m+fp/hard/crtbegin.o
                [!provide]                        PROVIDE (__fini_array_end = .)
                0x0800db00                        . = ALIGN (0x4)
                0x0800db00                        _sidata = LOADADDR (.data)

.rel.dyn        0x0800db00        0x0
 .rel.iplt      0x0800db00        0x0 C:/ST/STM32CubeIDE_1.19.0/STM32CubeIDE/plugins/com.st.stm32cube.ide.mcu.externaltools.gnu-tools-for-stm32.13.3.rel1.win32_1.0.0.202411081344/tools/bin/../lib/gcc/arm-none-eabi/13.3.1/thumb/v7e-m+fp/hard/crtbegin.o

.data           0x20000000       0x2c load address 0x0800db00
                0x20000000                        . = ALIGN (0x4)
                0x20000000                        _sdata = .
 *(.data)
 *(.data*)
 .data.ADC1_Offset
                0x20000000        0xc ./Core/Src/adc.o
                0x20000000                ADC1_Offset
 .data.scale_comp
                0x2000000c        0x4 ./Core/Src/adc.o
                0x2000000c                scale_comp
 .data.ADCgain  0x20000010       0x10 ./Core/Src/adc.o
                0x20000010                ADCgain
 .data.SystemCoreClock
                0x20000020        0x4 ./Core/Src/system_stm32g4xx.o
                0x20000020                SystemCoreClock
 .data.uwTickPrio
                0x20000024        0x4 ./Drivers/STM32G4xx_HAL_Driver/Src/stm32g4xx_hal.o
                0x20000024                uwTickPrio
 .data.uwTickFreq
                0x20000028        0x4 ./Drivers/STM32G4xx_HAL_Driver/Src/stm32g4xx_hal.o
                0x20000028                uwTickFreq
 *(.RamFunc)
 *(.RamFunc*)
                0x2000002c                        . = ALIGN (0x4)
                0x2000002c                        _edata = .

.igot.plt       0x2000002c        0x0 load address 0x0800db2c
 .igot.plt      0x2000002c        0x0 C:/ST/STM32CubeIDE_1.19.0/STM32CubeIDE/plugins/com.st.stm32cube.ide.mcu.externaltools.gnu-tools-for-stm32.13.3.rel1.win32_1.0.0.202411081344/tools/bin/../lib/gcc/arm-none-eabi/13.3.1/thumb/v7e-m+fp/hard/crtbegin.o
                0x2000002c                        . = ALIGN (0x4)

.bss            0x2000002c     0x3560 load address 0x0800db2c
                0x2000002c                        _sbss = .
                0x2000002c                        __bss_start__ = _sbss
 *(.bss)
 .bss           0x2000002c       0x1c C:/ST/STM32CubeIDE_1.19.0/STM32CubeIDE/plugins/com.st.stm32cube.ide.mcu.externaltools.gnu-tools-for-stm32.13.3.rel1.win32_1.0.0.202411081344/tools/bin/../lib/gcc/arm-none-eabi/13.3.1/thumb/v7e-m+fp/hard/crtbegin.o
 *(.bss*)
 .bss.AdInitFlag
                0x20000048        0x4 ./Core/Src/adc.o
                0x20000048                AdInitFlag
 .bss.adc1Val   0x2000004c       0x10 ./Core/Src/adc.o
                0x2000004c                adc1Val
 .bss.ADC1_Result
                0x2000005c       0x10 ./Core/Src/adc.o
                0x2000005c                ADC1_Result
 .bss.ADC1_Offset_sum
                0x2000006c        0xc ./Core/Src/adc.o
                0x2000006c                ADC1_Offset_sum
 .bss.Ia_arr    0x20000078     0x2ee0 ./Core/Src/adc.o
                0x20000078                Ia_arr
 .bss.store_cnt
                0x20002f58        0x4 ./Core/Src/adc.o
                0x20002f58                store_cnt
 .bss.store_flag
                0x20002f5c        0x4 ./Core/Src/adc.o
                0x20002f5c                store_flag
 .bss.AdOffCalcCnt
                0x20002f60        0x4 ./Core/Src/adc.o
                0x20002f60                AdOffCalcCnt
 .bss.hadc1     0x20002f64       0x6c ./Core/Src/adc.o
                0x20002f64                hadc1
 .bss.AdDummyCnt.0
                0x20002fd0        0x4 ./Core/Src/adc.o
 .bss.ControlCnt
                0x20002fd4        0x4 ./Core/Src/control.o
                0x20002fd4                ControlCnt
 .bss.FaultCnt  0x20002fd8        0x2 ./Core/Src/fault.o
                0x20002fd8                FaultCnt
 *fill*         0x20002fda        0x2 
 .bss.FLTVAL    0x20002fdc       0x18 ./Core/Src/fault.o
                0x20002fdc                FLTVAL
 .bss.FLAG      0x20002ff4       0x1e ./Core/Src/flag.o
                0x20002ff4                FLAG
 *fill*         0x20003012        0x2 
 .bss.INV       0x20003014      0x3ac ./Core/Src/inv.o
                0x20003014                INV
 .bss.Mode_align
                0x200033c0        0x4 ./Core/Src/inv.o
                0x200033c0                Mode_align
 .bss.Time_align
                0x200033c4        0x4 ./Core/Src/inv.o
                0x200033c4                Time_align
 .bss.cnt_inj   0x200033c8        0x4 ./Core/Src/inv.o
                0x200033c8                cnt_inj
 .bss.EXT_1     0x200033cc       0xb8 ./Core/Src/speed_observer.o
                0x200033cc                EXT_1
 .bss.tim2_cnt  0x20003484        0x4 ./Core/Src/stm32g4xx_it.o
                0x20003484                tim2_cnt
 .bss.htim1     0x20003488       0x4c ./Core/Src/tim.o
                0x20003488                htim1
 .bss.htim2     0x200034d4       0x4c ./Core/Src/tim.o
                0x200034d4                htim2
 .bss.htim15    0x20003520       0x4c ./Core/Src/tim.o
                0x20003520                htim15
 .bss.Align_done
                0x2000356c        0x4 ./Core/Src/variable.o
                0x2000356c                Align_done
 .bss.Theta_mode
                0x20003570        0x4 ./Core/Src/variable.o
                0x20003570                Theta_mode
 .bss.Van       0x20003574        0x4 ./Core/Src/variable.o
                0x20003574                Van
 .bss.Vbn       0x20003578        0x4 ./Core/Src/variable.o
                0x20003578                Vbn
 .bss.Vcn       0x2000357c        0x4 ./Core/Src/variable.o
                0x2000357c                Vcn
 .bss.Vdss_ref_set
                0x20003580        0x4 ./Core/Src/variable.o
                0x20003580                Vdss_ref_set
 .bss.Vqss_ref_set
                0x20003584        0x4 ./Core/Src/variable.o
                0x20003584                Vqss_ref_set
 .bss.uwTick    0x20003588        0x4 ./Drivers/STM32G4xx_HAL_Driver/Src/stm32g4xx_hal.o
                0x20003588                uwTick
 *(COMMON)
                0x2000358c                        . = ALIGN (0x4)
                0x2000358c                        _ebss = .
                0x2000358c                        __bss_end__ = _ebss

._user_heap_stack
                0x2000358c      0x604 load address 0x0800db2c
                0x20003590                        . = ALIGN (0x8)
 *fill*         0x2000358c        0x4 
                [!provide]                        PROVIDE (end = .)
                0x20003590                        PROVIDE (_end = .)
                0x20003790                        . = (. + _Min_Heap_Size)
 *fill*         0x20003590      0x200 
                0x20003b90                        . = (. + _Min_Stack_Size)
 *fill*         0x20003790      0x400 
                0x20003b90                        . = ALIGN (0x8)

/DISCARD/
 libc.a(*)
 libm.a(*)
 libgcc.a(*)

.ARM.attributes
                0x00000000       0x30
 *(.ARM.attributes)
 .ARM.attributes
                0x00000000       0x22 C:/ST/STM32CubeIDE_1.19.0/STM32CubeIDE/plugins/com.st.stm32cube.ide.mcu.externaltools.gnu-tools-for-stm32.13.3.rel1.win32_1.0.0.202411081344/tools/bin/../lib/gcc/arm-none-eabi/13.3.1/thumb/v7e-m+fp/hard/crti.o
 .ARM.attributes
                0x00000022       0x34 C:/ST/STM32CubeIDE_1.19.0/STM32CubeIDE/plugins/com.st.stm32cube.ide.mcu.externaltools.gnu-tools-for-stm32.13.3.rel1.win32_1.0.0.202411081344/tools/bin/../lib/gcc/arm-none-eabi/13.3.1/thumb/v7e-m+fp/hard/crtbegin.o
 .ARM.attributes
                0x00000056       0x34 ./Core/Src/adc.o
 .ARM.attributes
                0x0000008a       0x34 ./Core/Src/control.o
 .ARM.attributes
                0x000000be       0x34 ./Core/Src/fault.o
 .ARM.attributes
                0x000000f2       0x34 ./Core/Src/flag.o
 .ARM.attributes
                0x00000126       0x34 ./Core/Src/gpio.o
 .ARM.attributes
                0x0000015a       0x34 ./Core/Src/inv.o
 .ARM.attributes
                0x0000018e       0x34 ./Core/Src/main.o
 .ARM.attributes
                0x000001c2       0x34 ./Core/Src/speed_observer.o
 .ARM.attributes
                0x000001f6       0x34 ./Core/Src/stm32g4xx_hal_msp.o
 .ARM.attributes
                0x0000022a       0x34 ./Core/Src/stm32g4xx_it.o
 .ARM.attributes
                0x0000025e       0x34 ./Core/Src/system_stm32g4xx.o
 .ARM.attributes
                0x00000292       0x34 ./Core/Src/tim.o
 .ARM.attributes
                0x000002c6       0x34 ./Core/Src/variable.o
 .ARM.attributes
                0x000002fa       0x21 ./Core/Startup/startup_stm32g474retx.o
 .ARM.attributes
                0x0000031b       0x34 ./Drivers/STM32G4xx_HAL_Driver/Src/stm32g4xx_hal.o
 .ARM.attributes
                0x0000034f       0x34 ./Drivers/STM32G4xx_HAL_Driver/Src/stm32g4xx_hal_adc.o
 .ARM.attributes
                0x00000383       0x34 ./Drivers/STM32G4xx_HAL_Driver/Src/stm32g4xx_hal_adc_ex.o
 .ARM.attributes
                0x000003b7       0x34 ./Drivers/STM32G4xx_HAL_Driver/Src/stm32g4xx_hal_cortex.o
 .ARM.attributes
                0x000003eb       0x34 ./Drivers/STM32G4xx_HAL_Driver/Src/stm32g4xx_hal_gpio.o
 .ARM.attributes
                0x0000041f       0x34 ./Drivers/STM32G4xx_HAL_Driver/Src/stm32g4xx_hal_pwr_ex.o
 .ARM.attributes
                0x00000453       0x34 ./Drivers/STM32G4xx_HAL_Driver/Src/stm32g4xx_hal_rcc.o
 .ARM.attributes
                0x00000487       0x34 ./Drivers/STM32G4xx_HAL_Driver/Src/stm32g4xx_hal_rcc_ex.o
 .ARM.attributes
                0x000004bb       0x34 ./Drivers/STM32G4xx_HAL_Driver/Src/stm32g4xx_hal_tim.o
 .ARM.attributes
                0x000004ef       0x34 ./Drivers/STM32G4xx_HAL_Driver/Src/stm32g4xx_hal_tim_ex.o
 .ARM.attributes
                0x00000523       0x34 C:/ST/STM32CubeIDE_1.19.0/STM32CubeIDE/plugins/com.st.stm32cube.ide.mcu.externaltools.gnu-tools-for-stm32.13.3.rel1.win32_1.0.0.202411081344/tools/bin/../lib/gcc/arm-none-eabi/13.3.1/../../../../arm-none-eabi/lib/thumb/v7e-m+fp/hard\libc_nano.a(libc_a-memset.o)
 .ARM.attributes
                0x00000557       0x34 C:/ST/STM32CubeIDE_1.19.0/STM32CubeIDE/plugins/com.st.stm32cube.ide.mcu.externaltools.gnu-tools-for-stm32.13.3.rel1.win32_1.0.0.202411081344/tools/bin/../lib/gcc/arm-none-eabi/13.3.1/../../../../arm-none-eabi/lib/thumb/v7e-m+fp/hard\libc_nano.a(libc_a-init.o)
 .ARM.attributes
                0x0000058b       0x34 C:/ST/STM32CubeIDE_1.19.0/STM32CubeIDE/plugins/com.st.stm32cube.ide.mcu.externaltools.gnu-tools-for-stm32.13.3.rel1.win32_1.0.0.202411081344/tools/bin/../lib/gcc/arm-none-eabi/13.3.1/../../../../arm-none-eabi/lib/thumb/v7e-m+fp/hard\libm.a(libm_a-sf_atan.o)
 .ARM.attributes
                0x000005bf       0x34 C:/ST/STM32CubeIDE_1.19.0/STM32CubeIDE/plugins/com.st.stm32cube.ide.mcu.externaltools.gnu-tools-for-stm32.13.3.rel1.win32_1.0.0.202411081344/tools/bin/../lib/gcc/arm-none-eabi/13.3.1/../../../../arm-none-eabi/lib/thumb/v7e-m+fp/hard\libm.a(libm_a-sf_fabs.o)
 .ARM.attributes
                0x000005f3       0x34 C:/ST/STM32CubeIDE_1.19.0/STM32CubeIDE/plugins/com.st.stm32cube.ide.mcu.externaltools.gnu-tools-for-stm32.13.3.rel1.win32_1.0.0.202411081344/tools/bin/../lib/gcc/arm-none-eabi/13.3.1/../../../../arm-none-eabi/lib/thumb/v7e-m+fp/hard\libm.a(libm_a-sf_fmax.o)
 .ARM.attributes
                0x00000627       0x34 C:/ST/STM32CubeIDE_1.19.0/STM32CubeIDE/plugins/com.st.stm32cube.ide.mcu.externaltools.gnu-tools-for-stm32.13.3.rel1.win32_1.0.0.202411081344/tools/bin/../lib/gcc/arm-none-eabi/13.3.1/../../../../arm-none-eabi/lib/thumb/v7e-m+fp/hard\libm.a(libm_a-sf_fpclassify.o)
 .ARM.attributes
                0x0000065b       0x22 C:/ST/STM32CubeIDE_1.19.0/STM32CubeIDE/plugins/com.st.stm32cube.ide.mcu.externaltools.gnu-tools-for-stm32.13.3.rel1.win32_1.0.0.202411081344/tools/bin/../lib/gcc/arm-none-eabi/13.3.1/thumb/v7e-m+fp/hard\libgcc.a(_arm_addsubdf3.o)
 .ARM.attributes
                0x0000067d       0x22 C:/ST/STM32CubeIDE_1.19.0/STM32CubeIDE/plugins/com.st.stm32cube.ide.mcu.externaltools.gnu-tools-for-stm32.13.3.rel1.win32_1.0.0.202411081344/tools/bin/../lib/gcc/arm-none-eabi/13.3.1/thumb/v7e-m+fp/hard\libgcc.a(_arm_muldivdf3.o)
 .ARM.attributes
                0x0000069f       0x22 C:/ST/STM32CubeIDE_1.19.0/STM32CubeIDE/plugins/com.st.stm32cube.ide.mcu.externaltools.gnu-tools-for-stm32.13.3.rel1.win32_1.0.0.202411081344/tools/bin/../lib/gcc/arm-none-eabi/13.3.1/thumb/v7e-m+fp/hard\libgcc.a(_arm_cmpdf2.o)
 .ARM.attributes
                0x000006c1       0x22 C:/ST/STM32CubeIDE_1.19.0/STM32CubeIDE/plugins/com.st.stm32cube.ide.mcu.externaltools.gnu-tools-for-stm32.13.3.rel1.win32_1.0.0.202411081344/tools/bin/../lib/gcc/arm-none-eabi/13.3.1/thumb/v7e-m+fp/hard\libgcc.a(_arm_fixdfsi.o)
 .ARM.attributes
                0x000006e3       0x22 C:/ST/STM32CubeIDE_1.19.0/STM32CubeIDE/plugins/com.st.stm32cube.ide.mcu.externaltools.gnu-tools-for-stm32.13.3.rel1.win32_1.0.0.202411081344/tools/bin/../lib/gcc/arm-none-eabi/13.3.1/thumb/v7e-m+fp/hard\libgcc.a(_arm_truncdfsf2.o)
 .ARM.attributes
                0x00000705       0x22 C:/ST/STM32CubeIDE_1.19.0/STM32CubeIDE/plugins/com.st.stm32cube.ide.mcu.externaltools.gnu-tools-for-stm32.13.3.rel1.win32_1.0.0.202411081344/tools/bin/../lib/gcc/arm-none-eabi/13.3.1/thumb/v7e-m+fp/hard/crtn.o
OUTPUT(RC_Driver.elf elf32-littlearm)
LOAD linker stubs
LOAD C:/ST/STM32CubeIDE_1.19.0/STM32CubeIDE/plugins/com.st.stm32cube.ide.mcu.externaltools.gnu-tools-for-stm32.13.3.rel1.win32_1.0.0.202411081344/tools/bin/../lib/gcc/arm-none-eabi/13.3.1/../../../../arm-none-eabi/lib/thumb/v7e-m+fp/hard\libc.a
LOAD C:/ST/STM32CubeIDE_1.19.0/STM32CubeIDE/plugins/com.st.stm32cube.ide.mcu.externaltools.gnu-tools-for-stm32.13.3.rel1.win32_1.0.0.202411081344/tools/bin/../lib/gcc/arm-none-eabi/13.3.1/../../../../arm-none-eabi/lib/thumb/v7e-m+fp/hard\libm.a
LOAD C:/ST/STM32CubeIDE_1.19.0/STM32CubeIDE/plugins/com.st.stm32cube.ide.mcu.externaltools.gnu-tools-for-stm32.13.3.rel1.win32_1.0.0.202411081344/tools/bin/../lib/gcc/arm-none-eabi/13.3.1/thumb/v7e-m+fp/hard\libgcc.a

.debug_info     0x00000000    0x17b90
 .debug_info    0x00000000     0x1f5a ./Core/Src/adc.o
 .debug_info    0x00001f5a     0x15ea ./Core/Src/control.o
 .debug_info    0x00003544      0xcc6 ./Core/Src/fault.o
 .debug_info    0x0000420a      0x15c ./Core/Src/flag.o
 .debug_info    0x00004366      0x486 ./Core/Src/gpio.o
 .debug_info    0x000047ec     0x1c09 ./Core/Src/inv.o
 .debug_info    0x000063f5     0x1c83 ./Core/Src/main.o
 .debug_info    0x00008078      0x64a ./Core/Src/speed_observer.o
 .debug_info    0x000086c2      0x2e1 ./Core/Src/stm32g4xx_hal_msp.o
 .debug_info    0x000089a3      0xd30 ./Core/Src/stm32g4xx_it.o
 .debug_info    0x000096d3      0x58e ./Core/Src/system_stm32g4xx.o
 .debug_info    0x00009c61     0x13d5 ./Core/Src/tim.o
 .debug_info    0x0000b036      0x10b ./Core/Src/variable.o
 .debug_info    0x0000b141       0x30 ./Core/Startup/startup_stm32g474retx.o
 .debug_info    0x0000b171      0xb95 ./Drivers/STM32G4xx_HAL_Driver/Src/stm32g4xx_hal.o
 .debug_info    0x0000bd06     0x2063 ./Drivers/STM32G4xx_HAL_Driver/Src/stm32g4xx_hal_adc.o
 .debug_info    0x0000dd69     0x1d80 ./Drivers/STM32G4xx_HAL_Driver/Src/stm32g4xx_hal_adc_ex.o
 .debug_info    0x0000fae9      0xdf9 ./Drivers/STM32G4xx_HAL_Driver/Src/stm32g4xx_hal_cortex.o
 .debug_info    0x000108e2      0x763 ./Drivers/STM32G4xx_HAL_Driver/Src/stm32g4xx_hal_gpio.o
 .debug_info    0x00011045      0x93f ./Drivers/STM32G4xx_HAL_Driver/Src/stm32g4xx_hal_pwr_ex.o
 .debug_info    0x00011984      0xbe0 ./Drivers/STM32G4xx_HAL_Driver/Src/stm32g4xx_hal_rcc.o
 .debug_info    0x00012564      0xc45 ./Drivers/STM32G4xx_HAL_Driver/Src/stm32g4xx_hal_rcc_ex.o
 .debug_info    0x000131a9     0x2c52 ./Drivers/STM32G4xx_HAL_Driver/Src/stm32g4xx_hal_tim.o
 .debug_info    0x00015dfb     0x1d95 ./Drivers/STM32G4xx_HAL_Driver/Src/stm32g4xx_hal_tim_ex.o

.debug_abbrev   0x00000000     0x2fe2
 .debug_abbrev  0x00000000      0x299 ./Core/Src/adc.o
 .debug_abbrev  0x00000299      0x239 ./Core/Src/control.o
 .debug_abbrev  0x000004d2      0x178 ./Core/Src/fault.o
 .debug_abbrev  0x0000064a       0x7d ./Core/Src/flag.o
 .debug_abbrev  0x000006c7      0x152 ./Core/Src/gpio.o
 .debug_abbrev  0x00000819      0x340 ./Core/Src/inv.o
 .debug_abbrev  0x00000b59      0x2ac ./Core/Src/main.o
 .debug_abbrev  0x00000e05      0x124 ./Core/Src/speed_observer.o
 .debug_abbrev  0x00000f29       0xd9 ./Core/Src/stm32g4xx_hal_msp.o
 .debug_abbrev  0x00001002      0x1fb ./Core/Src/stm32g4xx_it.o
 .debug_abbrev  0x000011fd      0x11a ./Core/Src/system_stm32g4xx.o
 .debug_abbrev  0x00001317      0x284 ./Core/Src/tim.o
 .debug_abbrev  0x0000159b       0x51 ./Core/Src/variable.o
 .debug_abbrev  0x000015ec       0x24 ./Core/Startup/startup_stm32g474retx.o
 .debug_abbrev  0x00001610      0x271 ./Drivers/STM32G4xx_HAL_Driver/Src/stm32g4xx_hal.o
 .debug_abbrev  0x00001881      0x2d3 ./Drivers/STM32G4xx_HAL_Driver/Src/stm32g4xx_hal_adc.o
 .debug_abbrev  0x00001b54      0x2ee ./Drivers/STM32G4xx_HAL_Driver/Src/stm32g4xx_hal_adc_ex.o
 .debug_abbrev  0x00001e42      0x31c ./Drivers/STM32G4xx_HAL_Driver/Src/stm32g4xx_hal_cortex.o
 .debug_abbrev  0x0000215e      0x1cb ./Drivers/STM32G4xx_HAL_Driver/Src/stm32g4xx_hal_gpio.o
 .debug_abbrev  0x00002329      0x22c ./Drivers/STM32G4xx_HAL_Driver/Src/stm32g4xx_hal_pwr_ex.o
 .debug_abbrev  0x00002555      0x2c9 ./Drivers/STM32G4xx_HAL_Driver/Src/stm32g4xx_hal_rcc.o
 .debug_abbrev  0x0000281e      0x258 ./Drivers/STM32G4xx_HAL_Driver/Src/stm32g4xx_hal_rcc_ex.o
 .debug_abbrev  0x00002a76      0x2a7 ./Drivers/STM32G4xx_HAL_Driver/Src/stm32g4xx_hal_tim.o
 .debug_abbrev  0x00002d1d      0x2c5 ./Drivers/STM32G4xx_HAL_Driver/Src/stm32g4xx_hal_tim_ex.o

.debug_aranges  0x00000000     0x12b8
 .debug_aranges
                0x00000000       0x40 ./Core/Src/adc.o
 .debug_aranges
                0x00000040       0x20 ./Core/Src/control.o
 .debug_aranges
                0x00000060       0x30 ./Core/Src/fault.o
 .debug_aranges
                0x00000090       0x18 ./Core/Src/flag.o
 .debug_aranges
                0x000000a8       0x20 ./Core/Src/gpio.o
 .debug_aranges
                0x000000c8       0xc0 ./Core/Src/inv.o
 .debug_aranges
                0x00000188       0x30 ./Core/Src/main.o
 .debug_aranges
                0x000001b8       0x40 ./Core/Src/speed_observer.o
 .debug_aranges
                0x000001f8       0x20 ./Core/Src/stm32g4xx_hal_msp.o
 .debug_aranges
                0x00000218       0x78 ./Core/Src/stm32g4xx_it.o
 .debug_aranges
                0x00000290       0x28 ./Core/Src/system_stm32g4xx.o
 .debug_aranges
                0x000002b8       0x48 ./Core/Src/tim.o
 .debug_aranges
                0x00000300       0x18 ./Core/Src/variable.o
 .debug_aranges
                0x00000318       0x28 ./Core/Startup/startup_stm32g474retx.o
 .debug_aranges
                0x00000340      0x148 ./Drivers/STM32G4xx_HAL_Driver/Src/stm32g4xx_hal.o
 .debug_aranges
                0x00000488      0x248 ./Drivers/STM32G4xx_HAL_Driver/Src/stm32g4xx_hal_adc.o
 .debug_aranges
                0x000006d0      0x1c0 ./Drivers/STM32G4xx_HAL_Driver/Src/stm32g4xx_hal_adc_ex.o
 .debug_aranges
                0x00000890      0x128 ./Drivers/STM32G4xx_HAL_Driver/Src/stm32g4xx_hal_cortex.o
 .debug_aranges
                0x000009b8       0x58 ./Drivers/STM32G4xx_HAL_Driver/Src/stm32g4xx_hal_gpio.o
 .debug_aranges
                0x00000a10      0x140 ./Drivers/STM32G4xx_HAL_Driver/Src/stm32g4xx_hal_pwr_ex.o
 .debug_aranges
                0x00000b50       0x98 ./Drivers/STM32G4xx_HAL_Driver/Src/stm32g4xx_hal_rcc.o
 .debug_aranges
                0x00000be8       0xb0 ./Drivers/STM32G4xx_HAL_Driver/Src/stm32g4xx_hal_rcc_ex.o
 .debug_aranges
                0x00000c98      0x3e0 ./Drivers/STM32G4xx_HAL_Driver/Src/stm32g4xx_hal_tim.o
 .debug_aranges
                0x00001078      0x240 ./Drivers/STM32G4xx_HAL_Driver/Src/stm32g4xx_hal_tim_ex.o

.debug_rnglists
                0x00000000      0xe39
 .debug_rnglists
                0x00000000       0x2f ./Core/Src/adc.o
 .debug_rnglists
                0x0000002f       0x14 ./Core/Src/control.o
 .debug_rnglists
                0x00000043       0x1f ./Core/Src/fault.o
 .debug_rnglists
                0x00000062       0x14 ./Core/Src/gpio.o
 .debug_rnglists
                0x00000076       0x9d ./Core/Src/inv.o
 .debug_rnglists
                0x00000113       0x21 ./Core/Src/main.o
 .debug_rnglists
                0x00000134       0x30 ./Core/Src/speed_observer.o
 .debug_rnglists
                0x00000164       0x13 ./Core/Src/stm32g4xx_hal_msp.o
 .debug_rnglists
                0x00000177       0x55 ./Core/Src/stm32g4xx_it.o
 .debug_rnglists
                0x000001cc       0x1a ./Core/Src/system_stm32g4xx.o
 .debug_rnglists
                0x000001e6       0x36 ./Core/Src/tim.o
 .debug_rnglists
                0x0000021c       0x19 ./Core/Startup/startup_stm32g474retx.o
 .debug_rnglists
                0x00000235       0xf1 ./Drivers/STM32G4xx_HAL_Driver/Src/stm32g4xx_hal.o
 .debug_rnglists
                0x00000326      0x1c0 ./Drivers/STM32G4xx_HAL_Driver/Src/stm32g4xx_hal_adc.o
 .debug_rnglists
                0x000004e6      0x15a ./Drivers/STM32G4xx_HAL_Driver/Src/stm32g4xx_hal_adc_ex.o
 .debug_rnglists
                0x00000640       0xda ./Drivers/STM32G4xx_HAL_Driver/Src/stm32g4xx_hal_cortex.o
 .debug_rnglists
                0x0000071a       0x3f ./Drivers/STM32G4xx_HAL_Driver/Src/stm32g4xx_hal_gpio.o
 .debug_rnglists
                0x00000759       0xf1 ./Drivers/STM32G4xx_HAL_Driver/Src/stm32g4xx_hal_pwr_ex.o
 .debug_rnglists
                0x0000084a       0x74 ./Drivers/STM32G4xx_HAL_Driver/Src/stm32g4xx_hal_rcc.o
 .debug_rnglists
                0x000008be       0x87 ./Drivers/STM32G4xx_HAL_Driver/Src/stm32g4xx_hal_rcc_ex.o
 .debug_rnglists
                0x00000945      0x328 ./Drivers/STM32G4xx_HAL_Driver/Src/stm32g4xx_hal_tim.o
 .debug_rnglists
                0x00000c6d      0x1cc ./Drivers/STM32G4xx_HAL_Driver/Src/stm32g4xx_hal_tim_ex.o

.debug_macro    0x00000000    0x28b2b
 .debug_macro   0x00000000      0x24f ./Core/Src/adc.o
 .debug_macro   0x0000024f      0xad8 ./Core/Src/adc.o
 .debug_macro   0x00000d27      0x15b ./Core/Src/adc.o
 .debug_macro   0x00000e82       0x2e ./Core/Src/adc.o
 .debug_macro   0x00000eb0       0x28 ./Core/Src/adc.o
 .debug_macro   0x00000ed8       0x22 ./Core/Src/adc.o
 .debug_macro   0x00000efa       0x8e ./Core/Src/adc.o
 .debug_macro   0x00000f88       0x51 ./Core/Src/adc.o
 .debug_macro   0x00000fd9      0x103 ./Core/Src/adc.o
 .debug_macro   0x000010dc       0x6a ./Core/Src/adc.o
 .debug_macro   0x00001146      0x1df ./Core/Src/adc.o
 .debug_macro   0x00001325       0x1c ./Core/Src/adc.o
 .debug_macro   0x00001341       0x22 ./Core/Src/adc.o
 .debug_macro   0x00001363       0xfb ./Core/Src/adc.o
 .debug_macro   0x0000145e     0x1011 ./Core/Src/adc.o
 .debug_macro   0x0000246f      0x11f ./Core/Src/adc.o
 .debug_macro   0x0000258e    0x18b8c ./Core/Src/adc.o
 .debug_macro   0x0001b11a       0x6d ./Core/Src/adc.o
 .debug_macro   0x0001b187     0x3558 ./Core/Src/adc.o
 .debug_macro   0x0001e6df      0x190 ./Core/Src/adc.o
 .debug_macro   0x0001e86f       0x5c ./Core/Src/adc.o
 .debug_macro   0x0001e8cb     0x171f ./Core/Src/adc.o
 .debug_macro   0x0001ffea      0x600 ./Core/Src/adc.o
 .debug_macro   0x000205ea      0x1b6 ./Core/Src/adc.o
 .debug_macro   0x000207a0      0x34a ./Core/Src/adc.o
 .debug_macro   0x00020aea      0x53c ./Core/Src/adc.o
 .debug_macro   0x00021026      0x18b ./Core/Src/adc.o
 .debug_macro   0x000211b1       0x43 ./Core/Src/adc.o
 .debug_macro   0x000211f4      0x23d ./Core/Src/adc.o
 .debug_macro   0x00021431     0x1112 ./Core/Src/adc.o
 .debug_macro   0x00022543      0x72e ./Core/Src/adc.o
 .debug_macro   0x00022c71      0x391 ./Core/Src/adc.o
 .debug_macro   0x00023002      0x211 ./Core/Src/adc.o
 .debug_macro   0x00023213      0x45c ./Core/Src/adc.o
 .debug_macro   0x0002366f      0x11c ./Core/Src/adc.o
 .debug_macro   0x0002378b      0x122 ./Core/Src/adc.o
 .debug_macro   0x000238ad      0x3d1 ./Core/Src/adc.o
 .debug_macro   0x00023c7e      0xc0b ./Core/Src/adc.o
 .debug_macro   0x00024889      0x718 ./Core/Src/adc.o
 .debug_macro   0x00024fa1      0x358 ./Core/Src/adc.o
 .debug_macro   0x000252f9      0x16c ./Core/Src/adc.o
 .debug_macro   0x00025465       0x34 ./Core/Src/adc.o
 .debug_macro   0x00025499      0x24d ./Core/Src/control.o
 .debug_macro   0x000256e6      0x23b ./Core/Src/fault.o
 .debug_macro   0x00025921      0x22f ./Core/Src/flag.o
 .debug_macro   0x00025b50      0x235 ./Core/Src/gpio.o
 .debug_macro   0x00025d85      0x2e6 ./Core/Src/inv.o
 .debug_macro   0x0002606b       0x61 ./Core/Src/inv.o
 .debug_macro   0x000260cc       0x2a ./Core/Src/inv.o
 .debug_macro   0x000260f6       0x43 ./Core/Src/inv.o
 .debug_macro   0x00026139       0x34 ./Core/Src/inv.o
 .debug_macro   0x0002616d      0x370 ./Core/Src/inv.o
 .debug_macro   0x000264dd       0x16 ./Core/Src/inv.o
 .debug_macro   0x000264f3       0x4a ./Core/Src/inv.o
 .debug_macro   0x0002653d       0x34 ./Core/Src/inv.o
 .debug_macro   0x00026571       0x10 ./Core/Src/inv.o
 .debug_macro   0x00026581       0x58 ./Core/Src/inv.o
 .debug_macro   0x000265d9       0x8e ./Core/Src/inv.o
 .debug_macro   0x00026667       0x1c ./Core/Src/inv.o
 .debug_macro   0x00026683      0x185 ./Core/Src/inv.o
 .debug_macro   0x00026808      0x19b ./Core/Src/inv.o
 .debug_macro   0x000269a3      0x249 ./Core/Src/main.o
 .debug_macro   0x00026bec      0x2de ./Core/Src/speed_observer.o
 .debug_macro   0x00026eca      0x22b ./Core/Src/stm32g4xx_hal_msp.o
 .debug_macro   0x000270f5      0x24f ./Core/Src/stm32g4xx_it.o
 .debug_macro   0x00027344      0x1dd ./Core/Src/system_stm32g4xx.o
 .debug_macro   0x00027521      0x235 ./Core/Src/tim.o
 .debug_macro   0x00027756       0x11 ./Core/Src/variable.o
 .debug_macro   0x00027767      0x22b ./Drivers/STM32G4xx_HAL_Driver/Src/stm32g4xx_hal.o
 .debug_macro   0x00027992      0x1fa ./Drivers/STM32G4xx_HAL_Driver/Src/stm32g4xx_hal_adc.o
 .debug_macro   0x00027b8c      0x1e9 ./Drivers/STM32G4xx_HAL_Driver/Src/stm32g4xx_hal_adc_ex.o
 .debug_macro   0x00027d75      0x1dd ./Drivers/STM32G4xx_HAL_Driver/Src/stm32g4xx_hal_cortex.o
 .debug_macro   0x00027f52      0x1e4 ./Drivers/STM32G4xx_HAL_Driver/Src/stm32g4xx_hal_gpio.o
 .debug_macro   0x00028136      0x207 ./Drivers/STM32G4xx_HAL_Driver/Src/stm32g4xx_hal_pwr_ex.o
 .debug_macro   0x0002833d      0x21f ./Drivers/STM32G4xx_HAL_Driver/Src/stm32g4xx_hal_rcc.o
 .debug_macro   0x0002855c      0x207 ./Drivers/STM32G4xx_HAL_Driver/Src/stm32g4xx_hal_rcc_ex.o
 .debug_macro   0x00028763      0x1e5 ./Drivers/STM32G4xx_HAL_Driver/Src/stm32g4xx_hal_tim.o
 .debug_macro   0x00028948      0x1e3 ./Drivers/STM32G4xx_HAL_Driver/Src/stm32g4xx_hal_tim_ex.o

.debug_line     0x00000000    0x17f8d
 .debug_line    0x00000000      0xa73 ./Core/Src/adc.o
 .debug_line    0x00000a73      0x9b7 ./Core/Src/control.o
 .debug_line    0x0000142a      0x844 ./Core/Src/fault.o
 .debug_line    0x00001c6e      0x79d ./Core/Src/flag.o
 .debug_line    0x0000240b      0x7e6 ./Core/Src/gpio.o
 .debug_line    0x00002bf1     0x2676 ./Core/Src/inv.o
 .debug_line    0x00005267      0x861 ./Core/Src/main.o
 .debug_line    0x00005ac8      0xdef ./Core/Src/speed_observer.o
 .debug_line    0x000068b7      0x7c3 ./Core/Src/stm32g4xx_hal_msp.o
 .debug_line    0x0000707a      0x8c7 ./Core/Src/stm32g4xx_it.o
 .debug_line    0x00007941      0x7e2 ./Core/Src/system_stm32g4xx.o
 .debug_line    0x00008123      0xa3e ./Core/Src/tim.o
 .debug_line    0x00008b61       0x37 ./Core/Src/variable.o
 .debug_line    0x00008b98       0x7b ./Core/Startup/startup_stm32g474retx.o
 .debug_line    0x00008c13      0xbae ./Drivers/STM32G4xx_HAL_Driver/Src/stm32g4xx_hal.o
 .debug_line    0x000097c1     0x227d ./Drivers/STM32G4xx_HAL_Driver/Src/stm32g4xx_hal_adc.o
 .debug_line    0x0000ba3e     0x1bd5 ./Drivers/STM32G4xx_HAL_Driver/Src/stm32g4xx_hal_adc_ex.o
 .debug_line    0x0000d613      0xd13 ./Drivers/STM32G4xx_HAL_Driver/Src/stm32g4xx_hal_cortex.o
 .debug_line    0x0000e326      0xb87 ./Drivers/STM32G4xx_HAL_Driver/Src/stm32g4xx_hal_gpio.o
 .debug_line    0x0000eead      0xd0d ./Drivers/STM32G4xx_HAL_Driver/Src/stm32g4xx_hal_pwr_ex.o
 .debug_line    0x0000fbba     0x1031 ./Drivers/STM32G4xx_HAL_Driver/Src/stm32g4xx_hal_rcc.o
 .debug_line    0x00010beb     0x12a6 ./Drivers/STM32G4xx_HAL_Driver/Src/stm32g4xx_hal_rcc_ex.o
 .debug_line    0x00011e91     0x4047 ./Drivers/STM32G4xx_HAL_Driver/Src/stm32g4xx_hal_tim.o
 .debug_line    0x00015ed8     0x20b5 ./Drivers/STM32G4xx_HAL_Driver/Src/stm32g4xx_hal_tim_ex.o

.debug_str      0x00000000   0x10d61c
 .debug_str     0x00000000   0x10d61c ./Core/Src/adc.o
                             0x1053c7 (size before relaxing)
 .debug_str     0x0010d61c   0x104830 ./Core/Src/control.o
 .debug_str     0x0010d61c   0x10414c ./Core/Src/fault.o
 .debug_str     0x0010d61c   0x10396f ./Core/Src/flag.o
 .debug_str     0x0010d61c   0x103afd ./Core/Src/gpio.o
 .debug_str     0x0010d61c   0x108572 ./Core/Src/inv.o
 .debug_str     0x0010d61c   0x104e40 ./Core/Src/main.o
 .debug_str     0x0010d61c   0x1075d2 ./Core/Src/speed_observer.o
 .debug_str     0x0010d61c   0x103a53 ./Core/Src/stm32g4xx_hal_msp.o
 .debug_str     0x0010d61c   0x104304 ./Core/Src/stm32g4xx_it.o
 .debug_str     0x0010d61c   0x103206 ./Core/Src/system_stm32g4xx.o
 .debug_str     0x0010d61c   0x104b55 ./Core/Src/tim.o
 .debug_str     0x0010d61c     0x2ef1 ./Core/Src/variable.o
 .debug_str     0x0010d61c       0x77 ./Core/Startup/startup_stm32g474retx.o
 .debug_str     0x0010d61c   0x103f18 ./Drivers/STM32G4xx_HAL_Driver/Src/stm32g4xx_hal.o
 .debug_str     0x0010d61c   0x104233 ./Drivers/STM32G4xx_HAL_Driver/Src/stm32g4xx_hal_adc.o
 .debug_str     0x0010d61c   0x1041d9 ./Drivers/STM32G4xx_HAL_Driver/Src/stm32g4xx_hal_adc_ex.o
 .debug_str     0x0010d61c   0x103bd4 ./Drivers/STM32G4xx_HAL_Driver/Src/stm32g4xx_hal_cortex.o
 .debug_str     0x0010d61c   0x103391 ./Drivers/STM32G4xx_HAL_Driver/Src/stm32g4xx_hal_gpio.o
 .debug_str     0x0010d61c   0x1036f4 ./Drivers/STM32G4xx_HAL_Driver/Src/stm32g4xx_hal_pwr_ex.o
 .debug_str     0x0010d61c   0x103925 ./Drivers/STM32G4xx_HAL_Driver/Src/stm32g4xx_hal_rcc.o
 .debug_str     0x0010d61c   0x10394f ./Drivers/STM32G4xx_HAL_Driver/Src/stm32g4xx_hal_rcc_ex.o
 .debug_str     0x0010d61c   0x104704 ./Drivers/STM32G4xx_HAL_Driver/Src/stm32g4xx_hal_tim.o
 .debug_str     0x0010d61c   0x104378 ./Drivers/STM32G4xx_HAL_Driver/Src/stm32g4xx_hal_tim_ex.o

.comment        0x00000000       0x43
 .comment       0x00000000       0x43 ./Core/Src/adc.o
                                 0x44 (size before relaxing)
 .comment       0x00000043       0x44 ./Core/Src/control.o
 .comment       0x00000043       0x44 ./Core/Src/fault.o
 .comment       0x00000043       0x44 ./Core/Src/flag.o
 .comment       0x00000043       0x44 ./Core/Src/gpio.o
 .comment       0x00000043       0x44 ./Core/Src/inv.o
 .comment       0x00000043       0x44 ./Core/Src/main.o
 .comment       0x00000043       0x44 ./Core/Src/speed_observer.o
 .comment       0x00000043       0x44 ./Core/Src/stm32g4xx_hal_msp.o
 .comment       0x00000043       0x44 ./Core/Src/stm32g4xx_it.o
 .comment       0x00000043       0x44 ./Core/Src/system_stm32g4xx.o
 .comment       0x00000043       0x44 ./Core/Src/tim.o
 .comment       0x00000043       0x44 ./Core/Src/variable.o
 .comment       0x00000043       0x44 ./Drivers/STM32G4xx_HAL_Driver/Src/stm32g4xx_hal.o
 .comment       0x00000043       0x44 ./Drivers/STM32G4xx_HAL_Driver/Src/stm32g4xx_hal_adc.o
 .comment       0x00000043       0x44 ./Drivers/STM32G4xx_HAL_Driver/Src/stm32g4xx_hal_adc_ex.o
 .comment       0x00000043       0x44 ./Drivers/STM32G4xx_HAL_Driver/Src/stm32g4xx_hal_cortex.o
 .comment       0x00000043       0x44 ./Drivers/STM32G4xx_HAL_Driver/Src/stm32g4xx_hal_gpio.o
 .comment       0x00000043       0x44 ./Drivers/STM32G4xx_HAL_Driver/Src/stm32g4xx_hal_pwr_ex.o
 .comment       0x00000043       0x44 ./Drivers/STM32G4xx_HAL_Driver/Src/stm32g4xx_hal_rcc.o
 .comment       0x00000043       0x44 ./Drivers/STM32G4xx_HAL_Driver/Src/stm32g4xx_hal_rcc_ex.o
 .comment       0x00000043       0x44 ./Drivers/STM32G4xx_HAL_Driver/Src/stm32g4xx_hal_tim.o
 .comment       0x00000043       0x44 ./Drivers/STM32G4xx_HAL_Driver/Src/stm32g4xx_hal_tim_ex.o

.debug_frame    0x00000000     0x50b0
 .debug_frame   0x00000000       0xc0 ./Core/Src/adc.o
 .debug_frame   0x000000c0       0x2c ./Core/Src/control.o
 .debug_frame   0x000000ec       0x6c ./Core/Src/fault.o
 .debug_frame   0x00000158       0x34 ./Core/Src/gpio.o
 .debug_frame   0x0000018c      0x388 ./Core/Src/inv.o
 .debug_frame   0x00000514       0x68 ./Core/Src/main.o
 .debug_frame   0x0000057c       0xd8 ./Core/Src/speed_observer.o
 .debug_frame   0x00000654       0x34 ./Core/Src/stm32g4xx_hal_msp.o
 .debug_frame   0x00000688      0x158 ./Core/Src/stm32g4xx_it.o
 .debug_frame   0x000007e0       0x58 ./Core/Src/system_stm32g4xx.o
 .debug_frame   0x00000838       0xec ./Core/Src/tim.o
 .debug_frame   0x00000924      0x500 ./Drivers/STM32G4xx_HAL_Driver/Src/stm32g4xx_hal.o
 .debug_frame   0x00000e24      0xacc ./Drivers/STM32G4xx_HAL_Driver/Src/stm32g4xx_hal_adc.o
 .debug_frame   0x000018f0      0x81c ./Drivers/STM32G4xx_HAL_Driver/Src/stm32g4xx_hal_adc_ex.o
 .debug_frame   0x0000210c      0x4e8 ./Drivers/STM32G4xx_HAL_Driver/Src/stm32g4xx_hal_cortex.o
 .debug_frame   0x000025f4      0x14c ./Drivers/STM32G4xx_HAL_Driver/Src/stm32g4xx_hal_gpio.o
 .debug_frame   0x00002740      0x4fc ./Drivers/STM32G4xx_HAL_Driver/Src/stm32g4xx_hal_pwr_ex.o
 .debug_frame   0x00002c3c      0x23c ./Drivers/STM32G4xx_HAL_Driver/Src/stm32g4xx_hal_rcc.o
 .debug_frame   0x00002e78      0x2ac ./Drivers/STM32G4xx_HAL_Driver/Src/stm32g4xx_hal_rcc_ex.o
 .debug_frame   0x00003124     0x1220 ./Drivers/STM32G4xx_HAL_Driver/Src/stm32g4xx_hal_tim.o
 .debug_frame   0x00004344      0xa70 ./Drivers/STM32G4xx_HAL_Driver/Src/stm32g4xx_hal_tim_ex.o
 .debug_frame   0x00004db4       0x20 C:/ST/STM32CubeIDE_1.19.0/STM32CubeIDE/plugins/com.st.stm32cube.ide.mcu.externaltools.gnu-tools-for-stm32.13.3.rel1.win32_1.0.0.202411081344/tools/bin/../lib/gcc/arm-none-eabi/13.3.1/../../../../arm-none-eabi/lib/thumb/v7e-m+fp/hard\libc_nano.a(libc_a-memset.o)
 .debug_frame   0x00004dd4       0x2c C:/ST/STM32CubeIDE_1.19.0/STM32CubeIDE/plugins/com.st.stm32cube.ide.mcu.externaltools.gnu-tools-for-stm32.13.3.rel1.win32_1.0.0.202411081344/tools/bin/../lib/gcc/arm-none-eabi/13.3.1/../../../../arm-none-eabi/lib/thumb/v7e-m+fp/hard\libc_nano.a(libc_a-init.o)
 .debug_frame   0x00004e00       0x2c C:/ST/STM32CubeIDE_1.19.0/STM32CubeIDE/plugins/com.st.stm32cube.ide.mcu.externaltools.gnu-tools-for-stm32.13.3.rel1.win32_1.0.0.202411081344/tools/bin/../lib/gcc/arm-none-eabi/13.3.1/../../../../arm-none-eabi/lib/thumb/v7e-m+fp/hard\libm.a(libm_a-sf_atan.o)
 .debug_frame   0x00004e2c       0x20 C:/ST/STM32CubeIDE_1.19.0/STM32CubeIDE/plugins/com.st.stm32cube.ide.mcu.externaltools.gnu-tools-for-stm32.13.3.rel1.win32_1.0.0.202411081344/tools/bin/../lib/gcc/arm-none-eabi/13.3.1/../../../../arm-none-eabi/lib/thumb/v7e-m+fp/hard\libm.a(libm_a-sf_fabs.o)
 .debug_frame   0x00004e4c       0x3c C:/ST/STM32CubeIDE_1.19.0/STM32CubeIDE/plugins/com.st.stm32cube.ide.mcu.externaltools.gnu-tools-for-stm32.13.3.rel1.win32_1.0.0.202411081344/tools/bin/../lib/gcc/arm-none-eabi/13.3.1/../../../../arm-none-eabi/lib/thumb/v7e-m+fp/hard\libm.a(libm_a-sf_fmax.o)
 .debug_frame   0x00004e88       0x20 C:/ST/STM32CubeIDE_1.19.0/STM32CubeIDE/plugins/com.st.stm32cube.ide.mcu.externaltools.gnu-tools-for-stm32.13.3.rel1.win32_1.0.0.202411081344/tools/bin/../lib/gcc/arm-none-eabi/13.3.1/../../../../arm-none-eabi/lib/thumb/v7e-m+fp/hard\libm.a(libm_a-sf_fpclassify.o)
 .debug_frame   0x00004ea8       0xac C:/ST/STM32CubeIDE_1.19.0/STM32CubeIDE/plugins/com.st.stm32cube.ide.mcu.externaltools.gnu-tools-for-stm32.13.3.rel1.win32_1.0.0.202411081344/tools/bin/../lib/gcc/arm-none-eabi/13.3.1/thumb/v7e-m+fp/hard\libgcc.a(_arm_addsubdf3.o)
 .debug_frame   0x00004f54       0x50 C:/ST/STM32CubeIDE_1.19.0/STM32CubeIDE/plugins/com.st.stm32cube.ide.mcu.externaltools.gnu-tools-for-stm32.13.3.rel1.win32_1.0.0.202411081344/tools/bin/../lib/gcc/arm-none-eabi/13.3.1/thumb/v7e-m+fp/hard\libgcc.a(_arm_muldivdf3.o)
 .debug_frame   0x00004fa4       0xc4 C:/ST/STM32CubeIDE_1.19.0/STM32CubeIDE/plugins/com.st.stm32cube.ide.mcu.externaltools.gnu-tools-for-stm32.13.3.rel1.win32_1.0.0.202411081344/tools/bin/../lib/gcc/arm-none-eabi/13.3.1/thumb/v7e-m+fp/hard\libgcc.a(_arm_cmpdf2.o)
 .debug_frame   0x00005068       0x24 C:/ST/STM32CubeIDE_1.19.0/STM32CubeIDE/plugins/com.st.stm32cube.ide.mcu.externaltools.gnu-tools-for-stm32.13.3.rel1.win32_1.0.0.202411081344/tools/bin/../lib/gcc/arm-none-eabi/13.3.1/thumb/v7e-m+fp/hard\libgcc.a(_arm_fixdfsi.o)
 .debug_frame   0x0000508c       0x24 C:/ST/STM32CubeIDE_1.19.0/STM32CubeIDE/plugins/com.st.stm32cube.ide.mcu.externaltools.gnu-tools-for-stm32.13.3.rel1.win32_1.0.0.202411081344/tools/bin/../lib/gcc/arm-none-eabi/13.3.1/thumb/v7e-m+fp/hard\libgcc.a(_arm_truncdfsf2.o)

.debug_line_str
                0x00000000       0x5b
 .debug_line_str
                0x00000000       0x5b ./Core/Startup/startup_stm32g474retx.o
