../Core/Src/stm32g4xx_it.c:78:6:NMI_Handler	4	static
../Core/Src/stm32g4xx_it.c:93:6:HardFault_Handler	4	static
../Core/Src/stm32g4xx_it.c:108:6:MemManage_Handler	4	static
../Core/Src/stm32g4xx_it.c:123:6:BusFault_Handler	4	static
../Core/Src/stm32g4xx_it.c:138:6:UsageFault_Handler	4	static
../Core/Src/stm32g4xx_it.c:153:6:SVC_Handler	4	static
../Core/Src/stm32g4xx_it.c:166:6:DebugMon_Handler	4	static
../Core/Src/stm32g4xx_it.c:179:6:PendSV_Handler	4	static
../Core/Src/stm32g4xx_it.c:192:6:SysTick_Handler	8	static
../Core/Src/stm32g4xx_it.c:213:6:DMA1_Channel1_IRQHandler	8	static
../Core/Src/stm32g4xx_it.c:227:6:ADC1_2_IRQHandler	8	static
../Core/Src/stm32g4xx_it.c:242:6:FDCAN1_IT0_IRQHandler	8	static
../Core/Src/stm32g4xx_it.c:256:6:LPTIM1_IRQHandler	8	static
../Core/Src/stm32g4xx_it.c:271:6:HRTIM1_Master_IRQHandler	8	static
../Core/Src/stm32g4xx_it.c:290:6:HRTIM1_FLT_IRQHandler	8	static
