../Core/Src/GlobalVar.c:70:6:vSlopeGenerator	24	static
../Core/Src/GlobalVar.c:84:6:vInintMotorParameter	16	static
../Core/Src/GlobalVar.c:109:6:vInitController	8	static
../Core/Src/GlobalVar.c:124:6:vSwitchOnSettingTIM	16	static
../Core/Src/GlobalVar.c:140:6:vSwitchOffSettingTIM	16	static
../Core/Src/GlobalVar.c:157:6:vBootstrapCharge	16	static
../Core/Src/GlobalVar.c:214:6:HAL_TIM_IC_CaptureCallback	24	static
../Core/Src/GlobalVar.c:238:6:vEnableCycleCounter	4	static
../Core/Src/GlobalVar.c:248:6:vInitEncoder	16	static
