../Core/Src/inv.c:26:6:InitParameter	72	static
../Core/Src/inv.c:77:6:InitCurrentController	16	static
../Core/Src/inv.c:153:6:UpdateController	16	static
../Core/Src/inv.c:171:6:Init_Spd_PLL	16	static
../Core/Src/inv.c:186:6:ResetController	16	static
../Core/Src/inv.c:239:6:TorqueControl	24	static
../Core/Src/inv.c:266:6:InitSpeedController	24	static
../Core/Src/inv.c:292:6:CurrentControl	80	static
../Core/Src/inv.c:532:6:CurrentControl_OLC	80	static
../Core/Src/inv.c:623:6:SpeedControl	24	static
../Core/Src/inv.c:652:6:OpenLoopControl	16	static
../Core/Src/inv.c:673:6:Vref_GenControl	72	static
../Core/Src/inv.c:856:6:VoltageOpenLoopControl	72	static
../Core/Src/inv.c:1018:6:VoltageInjection_SquareWave	24	static
../Core/Src/inv.c:1096:6:Hallsensor_Observer	16	static
../Core/Src/inv.c:1211:9:GetHallSensorState	24	static
../Core/Src/inv.c:1223:6:HallPosition_Test	16	static
../Core/Src/inv.c:1264:6:Align	16	static
../Core/Src/inv.c:1314:6:PwmSwOn	8	static
../Core/Src/inv.c:1323:6:PwmSwOff	8	static
../Core/Src/inv.c:1337:6:PwmDutyUpt	4	static
